  [1m[36mSQL (17.5ms)[0m  [1mDELETE FROM "roles"[0m
  [1m[35m (0.5ms)[0m  BEGIN
  [1m[36mSQL (3.6ms)[0m  [1mINSERT INTO "roles" ("created_at", "level", "name", "updated_at") VALUES ($1, $2, $3, $4) RETURNING "id"[0m  [["created_at", Fri, 07 Feb 2014 15:52:41 UTC +00:00], ["level", 1], ["name", "user"], ["updated_at", Fri, 07 Feb 2014 15:52:41 UTC +00:00]]
  [1m[35m (4.2ms)[0m  COMMIT
  [1m[36m (0.4ms)[0m  [1mBEGIN[0m
  [1m[35mSQL (0.9ms)[0m  INSERT INTO "roles" ("created_at", "level", "name", "updated_at") VALUES ($1, $2, $3, $4) RETURNING "id"  [["created_at", Fri, 07 Feb 2014 15:52:41 UTC +00:00], ["level", 2], ["name", "staff"], ["updated_at", Fri, 07 Feb 2014 15:52:41 UTC +00:00]]
  [1m[36m (5.0ms)[0m  [1mCOMMIT[0m
  [1m[35m (0.4ms)[0m  BEGIN
  [1m[36mSQL (0.7ms)[0m  [1mINSERT INTO "roles" ("created_at", "level", "name", "updated_at") VALUES ($1, $2, $3, $4) RETURNING "id"[0m  [["created_at", Fri, 07 Feb 2014 15:52:41 UTC +00:00], ["level", 3], ["name", "deputy"], ["updated_at", Fri, 07 Feb 2014 15:52:41 UTC +00:00]]
  [1m[35m (6.6ms)[0m  COMMIT
  [1m[36m (0.4ms)[0m  [1mBEGIN[0m
  [1m[35mSQL (0.7ms)[0m  INSERT INTO "roles" ("created_at", "level", "name", "updated_at") VALUES ($1, $2, $3, $4) RETURNING "id"  [["created_at", Fri, 07 Feb 2014 15:52:41 UTC +00:00], ["level", 4], ["name", "admin"], ["updated_at", Fri, 07 Feb 2014 15:52:41 UTC +00:00]]
  [1m[36m (6.0ms)[0m  [1mCOMMIT[0m
  [1m[35mSQL (5.1ms)[0m  DELETE FROM "argument_types"
  [1m[36m (0.4ms)[0m  [1mBEGIN[0m
  [1m[35mSQL (1.5ms)[0m  INSERT INTO "argument_types" ("created_at", "name", "updated_at") VALUES ($1, $2, $3) RETURNING "id"  [["created_at", Fri, 07 Feb 2014 15:52:41 UTC +00:00], ["name", "proband"], ["updated_at", Fri, 07 Feb 2014 15:52:41 UTC +00:00]]
  [1m[36m (6.0ms)[0m  [1mCOMMIT[0m
  [1m[35m (0.4ms)[0m  BEGIN
  [1m[36mSQL (0.8ms)[0m  [1mINSERT INTO "argument_types" ("created_at", "name", "updated_at") VALUES ($1, $2, $3) RETURNING "id"[0m  [["created_at", Fri, 07 Feb 2014 15:52:41 UTC +00:00], ["name", "moderator"], ["updated_at", Fri, 07 Feb 2014 15:52:41 UTC +00:00]]
  [1m[35m (4.8ms)[0m  COMMIT
  [1m[36m (0.3ms)[0m  [1mBEGIN[0m
  [1m[35mSQL (0.9ms)[0m  INSERT INTO "argument_types" ("created_at", "name", "updated_at") VALUES ($1, $2, $3) RETURNING "id"  [["created_at", Fri, 07 Feb 2014 15:52:41 UTC +00:00], ["name", "observer"], ["updated_at", Fri, 07 Feb 2014 15:52:41 UTC +00:00]]
  [1m[36m (5.0ms)[0m  [1mCOMMIT[0m
  [1m[35mSQL (8.4ms)[0m  DELETE FROM "users"
  [1m[36mRole Load (2.2ms)[0m  [1mSELECT "roles".* FROM "roles" WHERE "roles"."name" = 'admin' ORDER BY "roles"."id" ASC LIMIT 1[0m
  [1m[35m (0.5ms)[0m  BEGIN
  [1m[36mUser Exists (1.1ms)[0m  [1mSELECT 1 AS one FROM "users" WHERE LOWER("users"."email") = LOWER('friedrich.tim@googlemail.com') LIMIT 1[0m
  [1m[35mSQL (1.6ms)[0m  INSERT INTO "users" ("created_at", "email", "firstname", "lastname", "password_digest", "remember_token", "role_id", "updated_at") VALUES ($1, $2, $3, $4, $5, $6, $7, $8) RETURNING "id"  [["created_at", Fri, 07 Feb 2014 15:52:41 UTC +00:00], ["email", "friedrich.tim@googlemail.com"], ["firstname", "Tim"], ["lastname", "Friedrich"], ["password_digest", "$2a$04$LpUD2zYyXR5nICrkavhg8uFdICn2zYNUXU/dOzhv/l2oXEyMsm.nS"], ["remember_token", "a47908f5cd19b4a198b95c38c2c16609cfdc7433"], ["role_id", 172], ["updated_at", Fri, 07 Feb 2014 15:52:41 UTC +00:00]]
  [1m[36m (4.1ms)[0m  [1mCOMMIT[0m
  [1m[35mArgumentType Load (1.1ms)[0m  SELECT "argument_types".* FROM "argument_types" WHERE "argument_types"."name" = 'proband' ORDER BY "argument_types"."id" ASC LIMIT 1
  [1m[36mRole Load (1.0ms)[0m  [1mSELECT "roles".* FROM "roles" WHERE "roles"."name" = 'user' ORDER BY "roles"."id" ASC LIMIT 1[0m
  [1m[35mActiveRecord::SchemaMigration Load (1.0ms)[0m  SELECT "schema_migrations".* FROM "schema_migrations"
  [1m[36m (0.5ms)[0m  [1mBEGIN[0m
  [1m[35m (0.3ms)[0m  SAVEPOINT active_record_1
  [1m[36mUser Exists (0.7ms)[0m  [1mSELECT 1 AS one FROM "users" WHERE LOWER("users"."email") = LOWER('user_1@example.com') LIMIT 1[0m
  [1m[35mSQL (0.9ms)[0m  INSERT INTO "users" ("created_at", "email", "firstname", "lastname", "password_digest", "remember_token", "role_id", "updated_at") VALUES ($1, $2, $3, $4, $5, $6, $7, $8) RETURNING "id"  [["created_at", Fri, 07 Feb 2014 15:52:42 UTC +00:00], ["email", "user_1@example.com"], ["firstname", "User 1"], ["lastname", "the 1 of his kind"], ["password_digest", "$2a$04$Sxwi/u7rvqpJxAhlTe0EEOlj1HJHbKOhlCMivL.p.WcURu4am1/Ga"], ["remember_token", "7f3a49d78f013554bb78c43da2f297227b413851"], ["role_id", 169], ["updated_at", Fri, 07 Feb 2014 15:52:42 UTC +00:00]]
  [1m[36m (0.3ms)[0m  [1mRELEASE SAVEPOINT active_record_1[0m
  [1m[35m (0.4ms)[0m  SAVEPOINT active_record_1
  [1m[36mSQL (1.7ms)[0m  [1mUPDATE "users" SET "remember_token" = $1, "updated_at" = $2 WHERE "users"."id" = 3045[0m  [["remember_token", "c38f15bc5b9ed2b14e6aa96971df78b0303edec4"], ["updated_at", Fri, 07 Feb 2014 15:52:42 UTC +00:00]]
  [1m[35m (0.4ms)[0m  RELEASE SAVEPOINT active_record_1
  [1m[36m (0.5ms)[0m  [1mSAVEPOINT active_record_1[0m
  [1m[35mUser Exists (0.8ms)[0m  SELECT 1 AS one FROM "users" WHERE LOWER("users"."email") = LOWER('user_2@example.com') LIMIT 1
  [1m[36mSQL (0.9ms)[0m  [1mINSERT INTO "users" ("created_at", "email", "firstname", "lastname", "password_digest", "remember_token", "role_id", "updated_at") VALUES ($1, $2, $3, $4, $5, $6, $7, $8) RETURNING "id"[0m  [["created_at", Fri, 07 Feb 2014 15:52:42 UTC +00:00], ["email", "user_2@example.com"], ["firstname", "User 2"], ["lastname", "the 2 of his kind"], ["password_digest", "$2a$04$cXZvCOd/daAAzcc5jt.WQuyQC7pXtUrlBa6uNU9VY5JqYuhEf2tqe"], ["remember_token", "dfdac449001a5b4f738646797ded8883bced3fbe"], ["role_id", 169], ["updated_at", Fri, 07 Feb 2014 15:52:42 UTC +00:00]]
  [1m[35m (0.3ms)[0m  RELEASE SAVEPOINT active_record_1
  [1m[36m (0.4ms)[0m  [1mSAVEPOINT active_record_1[0m
  [1m[35mSQL (1.6ms)[0m  INSERT INTO "questions" ("created_at", "topic", "updated_at") VALUES ($1, $2, $3) RETURNING "id"  [["created_at", Fri, 07 Feb 2014 15:52:42 UTC +00:00], ["topic", "Test Topic"], ["updated_at", Fri, 07 Feb 2014 15:52:42 UTC +00:00]]
  [1m[36m (0.3ms)[0m  [1mRELEASE SAVEPOINT active_record_1[0m
  [1m[35m (0.4ms)[0m  SAVEPOINT active_record_1
  [1m[36mSQL (1.7ms)[0m  [1mINSERT INTO "companies" ("created_at", "name", "updated_at") VALUES ($1, $2, $3) RETURNING "id"[0m  [["created_at", Fri, 07 Feb 2014 15:52:42 UTC +00:00], ["name", "test"], ["updated_at", Fri, 07 Feb 2014 15:52:42 UTC +00:00]]
  [1m[35m (0.4ms)[0m  RELEASE SAVEPOINT active_record_1
  [1m[36m (0.1ms)[0m  [1mSAVEPOINT active_record_1[0m
  [1m[35mSQL (1.7ms)[0m  INSERT INTO "discussions" ("company_id", "created_at", "current_question_id", "due_date", "moderator_id", "topic", "updated_at") VALUES ($1, $2, $3, $4, $5, $6, $7) RETURNING "id"  [["company_id", 1465], ["created_at", Fri, 07 Feb 2014 15:52:42 UTC +00:00], ["current_question_id", 1826], ["due_date", Mon, 03 Feb 2020 00:00:00 UTC +00:00], ["moderator_id", 3046], ["topic", "Test Topic"], ["updated_at", Fri, 07 Feb 2014 15:52:42 UTC +00:00]]
  [1m[36m (0.3ms)[0m  [1mRELEASE SAVEPOINT active_record_1[0m
  [1m[35m (0.8ms)[0m  SELECT COUNT(*) FROM "arguments"
  [1m[36m (0.4ms)[0m  [1mSAVEPOINT active_record_1[0m
  [1m[35mSQL (1.6ms)[0m  INSERT INTO "questions" ("created_at", "discussion_id", "topic", "updated_at") VALUES ($1, $2, $3, $4) RETURNING "id"  [["created_at", Fri, 07 Feb 2014 15:52:42 UTC +00:00], ["discussion_id", 1071], ["topic", "Test Topic"], ["updated_at", Fri, 07 Feb 2014 15:52:42 UTC +00:00]]
  [1m[36m (0.4ms)[0m  [1mRELEASE SAVEPOINT active_record_1[0m
Processing by ArgumentsController#create as HTML
  Parameters: {"argument"=>{"content"=>"das sehe ich ganz anders", "argument_type"=>"127", "user_id"=>"3045", "discussion_id"=>"1071"}}
  [1m[35mUser Load (0.9ms)[0m  SELECT "users".* FROM "users" WHERE "users"."remember_token" = 'c38f15bc5b9ed2b14e6aa96971df78b0303edec4' LIMIT 1
Unpermitted parameters: argument_type
  [1m[36mDiscussion Load (1.4ms)[0m  [1mSELECT "discussions".* FROM "discussions" WHERE "discussions"."id" = $1 ORDER BY "discussions"."id" ASC LIMIT 1[0m  [["id", 1071]]
  [1m[35mQuestion Load (1.2ms)[0m  SELECT "questions".* FROM "questions" WHERE "questions"."id" = $1 ORDER BY "questions"."id" ASC LIMIT 1  [["id", 1826]]
  [1m[36mUser Load (1.1ms)[0m  [1mSELECT "users".* FROM "users" WHERE "users"."id" = $1 ORDER BY "users"."id" ASC LIMIT 1[0m  [["id", 3046]]
  [1m[35mArgumentType Load (0.7ms)[0m  SELECT "argument_types".* FROM "argument_types" WHERE "argument_types"."name" = 'proband' ORDER BY "argument_types"."id" ASC LIMIT 1
  [1m[36m (0.2ms)[0m  [1mSAVEPOINT active_record_1[0m
  [1m[35mSQL (1.3ms)[0m  INSERT INTO "arguments" ("argument_type_id", "content", "created_at", "discussion_id", "question_id", "updated_at", "user_id") VALUES ($1, $2, $3, $4, $5, $6, $7) RETURNING "id"  [["argument_type_id", 127], ["content", "das sehe ich ganz anders"], ["created_at", Fri, 07 Feb 2014 15:52:42 UTC +00:00], ["discussion_id", 1071], ["question_id", 1826], ["updated_at", Fri, 07 Feb 2014 15:52:42 UTC +00:00], ["user_id", 3045]]
  [1m[36m (0.3ms)[0m  [1mRELEASE SAVEPOINT active_record_1[0m
Completed 500 Internal Server Error in 373ms
  [1m[35m (0.3ms)[0m  ROLLBACK
F  [1m[36m (0.1ms)[0m  [1mBEGIN[0m
  [1m[35m (0.5ms)[0m  SAVEPOINT active_record_1
  [1m[36mUser Exists (0.7ms)[0m  [1mSELECT 1 AS one FROM "users" WHERE LOWER("users"."email") = LOWER('user_3@example.com') LIMIT 1[0m
  [1m[35mSQL (1.3ms)[0m  INSERT INTO "users" ("created_at", "email", "firstname", "lastname", "password_digest", "remember_token", "role_id", "updated_at") VALUES ($1, $2, $3, $4, $5, $6, $7, $8) RETURNING "id"  [["created_at", Fri, 07 Feb 2014 15:52:42 UTC +00:00], ["email", "user_3@example.com"], ["firstname", "User 3"], ["lastname", "the 3 of his kind"], ["password_digest", "$2a$04$FS1U9tr.5tP83pxPUFUt4uoEb5VtRH5YWHuv5Z3qRfCsBXCnMzpEG"], ["remember_token", "cecb7138e9bd1966870a97442c0dadeafaac3ef5"], ["role_id", 169], ["updated_at", Fri, 07 Feb 2014 15:52:42 UTC +00:00]]
  [1m[36m (0.4ms)[0m  [1mRELEASE SAVEPOINT active_record_1[0m
  [1m[35m (0.3ms)[0m  SAVEPOINT active_record_1
  [1m[36mSQL (1.7ms)[0m  [1mUPDATE "users" SET "remember_token" = $1, "updated_at" = $2 WHERE "users"."id" = 3047[0m  [["remember_token", "fd2940c0717551a81cd000baeb9dd3dc08ec0c6a"], ["updated_at", Fri, 07 Feb 2014 15:52:42 UTC +00:00]]
  [1m[35m (0.4ms)[0m  RELEASE SAVEPOINT active_record_1
  [1m[36m (0.4ms)[0m  [1mSAVEPOINT active_record_1[0m
  [1m[35mUser Exists (0.9ms)[0m  SELECT 1 AS one FROM "users" WHERE LOWER("users"."email") = LOWER('user_4@example.com') LIMIT 1
  [1m[36mSQL (1.2ms)[0m  [1mINSERT INTO "users" ("created_at", "email", "firstname", "lastname", "password_digest", "remember_token", "role_id", "updated_at") VALUES ($1, $2, $3, $4, $5, $6, $7, $8) RETURNING "id"[0m  [["created_at", Fri, 07 Feb 2014 15:52:42 UTC +00:00], ["email", "user_4@example.com"], ["firstname", "User 4"], ["lastname", "the 4 of his kind"], ["password_digest", "$2a$04$HXbNCrBEB0MYMmk7igDyqOelTIcR4j/7ZRi9KwIKe7W8Bv1BqjcEG"], ["remember_token", "cbd1b60740f26551fb60d9a25cedcf59bd49cd28"], ["role_id", 169], ["updated_at", Fri, 07 Feb 2014 15:52:42 UTC +00:00]]
  [1m[35m (0.5ms)[0m  RELEASE SAVEPOINT active_record_1
  [1m[36m (0.4ms)[0m  [1mSAVEPOINT active_record_1[0m
  [1m[35mSQL (0.9ms)[0m  INSERT INTO "questions" ("created_at", "topic", "updated_at") VALUES ($1, $2, $3) RETURNING "id"  [["created_at", Fri, 07 Feb 2014 15:52:42 UTC +00:00], ["topic", "Test Topic"], ["updated_at", Fri, 07 Feb 2014 15:52:42 UTC +00:00]]
  [1m[36m (0.4ms)[0m  [1mRELEASE SAVEPOINT active_record_1[0m
  [1m[35m (0.4ms)[0m  SAVEPOINT active_record_1
  [1m[36mSQL (0.9ms)[0m  [1mINSERT INTO "companies" ("created_at", "name", "updated_at") VALUES ($1, $2, $3) RETURNING "id"[0m  [["created_at", Fri, 07 Feb 2014 15:52:42 UTC +00:00], ["name", "test"], ["updated_at", Fri, 07 Feb 2014 15:52:42 UTC +00:00]]
  [1m[35m (0.4ms)[0m  RELEASE SAVEPOINT active_record_1
  [1m[36m (0.3ms)[0m  [1mSAVEPOINT active_record_1[0m
  [1m[35mSQL (1.2ms)[0m  INSERT INTO "discussions" ("company_id", "created_at", "current_question_id", "due_date", "moderator_id", "topic", "updated_at") VALUES ($1, $2, $3, $4, $5, $6, $7) RETURNING "id"  [["company_id", 1466], ["created_at", Fri, 07 Feb 2014 15:52:42 UTC +00:00], ["current_question_id", 1828], ["due_date", Mon, 03 Feb 2020 00:00:00 UTC +00:00], ["moderator_id", 3048], ["topic", "Test Topic"], ["updated_at", Fri, 07 Feb 2014 15:52:42 UTC +00:00]]
  [1m[36m (0.4ms)[0m  [1mRELEASE SAVEPOINT active_record_1[0m
  [1m[35m (0.6ms)[0m  SELECT COUNT(*) FROM "arguments"
  [1m[36m (0.3ms)[0m  [1mSAVEPOINT active_record_1[0m
  [1m[35mSQL (0.9ms)[0m  INSERT INTO "questions" ("created_at", "discussion_id", "topic", "updated_at") VALUES ($1, $2, $3, $4) RETURNING "id"  [["created_at", Fri, 07 Feb 2014 15:52:42 UTC +00:00], ["discussion_id", 1072], ["topic", "Test Topic"], ["updated_at", Fri, 07 Feb 2014 15:52:42 UTC +00:00]]
  [1m[36m (0.3ms)[0m  [1mRELEASE SAVEPOINT active_record_1[0m
Processing by ArgumentsController#create as HTML
  Parameters: {"argument"=>{"content"=>"das sehe ich ganz anders", "argument_type"=>"127", "user_id"=>"3047", "discussion_id"=>"1072"}}
  [1m[35mUser Load (0.8ms)[0m  SELECT "users".* FROM "users" WHERE "users"."remember_token" = 'fd2940c0717551a81cd000baeb9dd3dc08ec0c6a' LIMIT 1
Unpermitted parameters: argument_type
  [1m[36mDiscussion Load (0.6ms)[0m  [1mSELECT "discussions".* FROM "discussions" WHERE "discussions"."id" = $1 ORDER BY "discussions"."id" ASC LIMIT 1[0m  [["id", 1072]]
  [1m[35mQuestion Load (0.7ms)[0m  SELECT "questions".* FROM "questions" WHERE "questions"."id" = $1 ORDER BY "questions"."id" ASC LIMIT 1  [["id", 1828]]
  [1m[36mUser Load (0.6ms)[0m  [1mSELECT "users".* FROM "users" WHERE "users"."id" = $1 ORDER BY "users"."id" ASC LIMIT 1[0m  [["id", 3048]]
  [1m[35mArgumentType Load (0.7ms)[0m  SELECT "argument_types".* FROM "argument_types" WHERE "argument_types"."name" = 'proband' ORDER BY "argument_types"."id" ASC LIMIT 1
  [1m[36m (0.3ms)[0m  [1mSAVEPOINT active_record_1[0m
  [1m[35mSQL (0.6ms)[0m  INSERT INTO "arguments" ("argument_type_id", "content", "created_at", "discussion_id", "question_id", "updated_at", "user_id") VALUES ($1, $2, $3, $4, $5, $6, $7) RETURNING "id"  [["argument_type_id", 127], ["content", "das sehe ich ganz anders"], ["created_at", Fri, 07 Feb 2014 15:52:42 UTC +00:00], ["discussion_id", 1072], ["question_id", 1828], ["updated_at", Fri, 07 Feb 2014 15:52:42 UTC +00:00], ["user_id", 3047]]
  [1m[36m (0.2ms)[0m  [1mRELEASE SAVEPOINT active_record_1[0m
Completed 500 Internal Server Error in 140ms
  [1m[35m (0.7ms)[0m  ROLLBACK
F  [1m[36m (0.4ms)[0m  [1mBEGIN[0m
  [1m[35mArgumentType Load (1.0ms)[0m  SELECT "argument_types".* FROM "argument_types" WHERE "argument_types"."name" = 'proband' ORDER BY "argument_types"."id" ASC LIMIT 1
  [1m[36m (0.5ms)[0m  [1mROLLBACK[0m
.  [1m[35m (0.4ms)[0m  BEGIN
  [1m[36m (0.4ms)[0m  [1mROLLBACK[0m
F  [1m[35m (0.4ms)[0m  BEGIN
  [1m[36m (0.3ms)[0m  [1mROLLBACK[0m
.  [1m[35m (0.4ms)[0m  BEGIN
  [1m[36m (0.3ms)[0m  [1mSAVEPOINT active_record_1[0m
  [1m[35mUser Exists (1.0ms)[0m  SELECT 1 AS one FROM "users" WHERE LOWER("users"."email") = LOWER('user_5@example.com') LIMIT 1
  [1m[36mSQL (0.9ms)[0m  [1mINSERT INTO "users" ("created_at", "email", "firstname", "lastname", "password_digest", "remember_token", "role_id", "updated_at") VALUES ($1, $2, $3, $4, $5, $6, $7, $8) RETURNING "id"[0m  [["created_at", Fri, 07 Feb 2014 15:52:43 UTC +00:00], ["email", "user_5@example.com"], ["firstname", "User 5"], ["lastname", "the 5 of his kind"], ["password_digest", "$2a$04$WDglaXrduW.8YNfQv.piNuGfupJ1vk92KkU.nazeJVHKcWrC7bH9C"], ["remember_token", "042b6999fb35a0327702c92dacf5edae2af99af5"], ["role_id", 169], ["updated_at", Fri, 07 Feb 2014 15:52:43 UTC +00:00]]
  [1m[35m (0.4ms)[0m  RELEASE SAVEPOINT active_record_1
  [1m[36mUser Load (0.8ms)[0m  [1mSELECT "users".* FROM "users"[0m
  Rendered discussions/_form.html.erb (14.9ms)
  [1m[35m (0.4ms)[0m  ROLLBACK
F  [1m[36m (0.3ms)[0m  [1mBEGIN[0m
  [1m[35m (0.3ms)[0m  SAVEPOINT active_record_1
  [1m[36mUser Exists (0.8ms)[0m  [1mSELECT 1 AS one FROM "users" WHERE LOWER("users"."email") = LOWER('user_6@example.com') LIMIT 1[0m
  [1m[35mSQL (0.7ms)[0m  INSERT INTO "users" ("created_at", "email", "firstname", "lastname", "password_digest", "remember_token", "role_id", "updated_at") VALUES ($1, $2, $3, $4, $5, $6, $7, $8) RETURNING "id"  [["created_at", Fri, 07 Feb 2014 15:52:43 UTC +00:00], ["email", "user_6@example.com"], ["firstname", "User 6"], ["lastname", "the 6 of his kind"], ["password_digest", "$2a$04$Q.pJ6eZuuf8U.gPTKF4tSuLPYNwm3dBeFB5bWFjgDPQft9Slydp06"], ["remember_token", "b26835c9f535932846f089f97abf698caf887973"], ["role_id", 169], ["updated_at", Fri, 07 Feb 2014 15:52:43 UTC +00:00]]
  [1m[36m (0.3ms)[0m  [1mRELEASE SAVEPOINT active_record_1[0m
  [1m[35m (0.2ms)[0m  SAVEPOINT active_record_1
  [1m[36mSQL (1.5ms)[0m  [1mUPDATE "users" SET "remember_token" = $1, "updated_at" = $2 WHERE "users"."id" = 3050[0m  [["remember_token", "14bfbe9963a7eb7d6363682323759323b1b108ad"], ["updated_at", Fri, 07 Feb 2014 15:52:43 UTC +00:00]]
  [1m[35m (0.3ms)[0m  RELEASE SAVEPOINT active_record_1
  [1m[36m (0.3ms)[0m  [1mSAVEPOINT active_record_1[0m
  [1m[35mUser Exists (0.7ms)[0m  SELECT 1 AS one FROM "users" WHERE LOWER("users"."email") = LOWER('user_7@example.com') LIMIT 1
  [1m[36mSQL (0.6ms)[0m  [1mINSERT INTO "users" ("created_at", "email", "firstname", "lastname", "password_digest", "remember_token", "role_id", "updated_at") VALUES ($1, $2, $3, $4, $5, $6, $7, $8) RETURNING "id"[0m  [["created_at", Fri, 07 Feb 2014 15:52:43 UTC +00:00], ["email", "user_7@example.com"], ["firstname", "User 7"], ["lastname", "the 7 of his kind"], ["password_digest", "$2a$04$p/6ckJ1EVJkpkhiFFGVTWuwxUSC4vw4CjwBtGpuwotYP6.lHjYXse"], ["remember_token", "59c58447d749857872ecc1e9ec1ddeeb0ff47069"], ["role_id", 169], ["updated_at", Fri, 07 Feb 2014 15:52:43 UTC +00:00]]
  [1m[35m (0.3ms)[0m  RELEASE SAVEPOINT active_record_1
  [1m[36m (0.3ms)[0m  [1mSAVEPOINT active_record_1[0m
  [1m[35mSQL (0.7ms)[0m  INSERT INTO "questions" ("created_at", "topic", "updated_at") VALUES ($1, $2, $3) RETURNING "id"  [["created_at", Fri, 07 Feb 2014 15:52:43 UTC +00:00], ["topic", "Test Topic"], ["updated_at", Fri, 07 Feb 2014 15:52:43 UTC +00:00]]
  [1m[36m (0.3ms)[0m  [1mRELEASE SAVEPOINT active_record_1[0m
  [1m[35m (0.2ms)[0m  SAVEPOINT active_record_1
  [1m[36mSQL (0.6ms)[0m  [1mINSERT INTO "companies" ("created_at", "name", "updated_at") VALUES ($1, $2, $3) RETURNING "id"[0m  [["created_at", Fri, 07 Feb 2014 15:52:43 UTC +00:00], ["name", "test"], ["updated_at", Fri, 07 Feb 2014 15:52:43 UTC +00:00]]
  [1m[35m (0.2ms)[0m  RELEASE SAVEPOINT active_record_1
  [1m[36m (0.1ms)[0m  [1mSAVEPOINT active_record_1[0m
  [1m[35mSQL (0.5ms)[0m  INSERT INTO "discussions" ("company_id", "created_at", "current_question_id", "due_date", "moderator_id", "topic", "updated_at") VALUES ($1, $2, $3, $4, $5, $6, $7) RETURNING "id"  [["company_id", 1467], ["created_at", Fri, 07 Feb 2014 15:52:43 UTC +00:00], ["current_question_id", 1830], ["due_date", Mon, 03 Feb 2020 00:00:00 UTC +00:00], ["moderator_id", 3051], ["topic", "Test Topic"], ["updated_at", Fri, 07 Feb 2014 15:52:43 UTC +00:00]]
  [1m[36m (0.1ms)[0m  [1mRELEASE SAVEPOINT active_record_1[0m
  [1m[35m (0.2ms)[0m  SAVEPOINT active_record_1
  [1m[36mSQL (0.5ms)[0m  [1mINSERT INTO "questions" ("created_at", "topic", "updated_at") VALUES ($1, $2, $3) RETURNING "id"[0m  [["created_at", Fri, 07 Feb 2014 15:52:43 UTC +00:00], ["topic", "Test Topic"], ["updated_at", Fri, 07 Feb 2014 15:52:43 UTC +00:00]]
  [1m[35m (0.2ms)[0m  RELEASE SAVEPOINT active_record_1
  [1m[36m (0.2ms)[0m  [1mSAVEPOINT active_record_1[0m
  [1m[35mUser Exists (0.7ms)[0m  SELECT 1 AS one FROM "users" WHERE LOWER("users"."email") = LOWER('user_8@example.com') LIMIT 1
  [1m[36mSQL (0.7ms)[0m  [1mINSERT INTO "users" ("created_at", "email", "firstname", "lastname", "password_digest", "remember_token", "role_id", "updated_at") VALUES ($1, $2, $3, $4, $5, $6, $7, $8) RETURNING "id"[0m  [["created_at", Fri, 07 Feb 2014 15:52:43 UTC +00:00], ["email", "user_8@example.com"], ["firstname", "User 8"], ["lastname", "the 8 of his kind"], ["password_digest", "$2a$04$L51OBXLkjZ6yv1XdsDs0oeV8tVpRAMKg3itfTDE1ul5RXhIUm6g3y"], ["remember_token", "991f5ded2b8703a9c0ad6553fb82a8806764e99f"], ["role_id", 169], ["updated_at", Fri, 07 Feb 2014 15:52:43 UTC +00:00]]
  [1m[35m (0.2ms)[0m  RELEASE SAVEPOINT active_record_1
  [1m[36m (0.2ms)[0m  [1mSAVEPOINT active_record_1[0m
  [1m[35mSQL (0.6ms)[0m  INSERT INTO "questions" ("created_at", "topic", "updated_at") VALUES ($1, $2, $3) RETURNING "id"  [["created_at", Fri, 07 Feb 2014 15:52:43 UTC +00:00], ["topic", "Test Topic"], ["updated_at", Fri, 07 Feb 2014 15:52:43 UTC +00:00]]
  [1m[36m (0.2ms)[0m  [1mRELEASE SAVEPOINT active_record_1[0m
  [1m[35m (0.2ms)[0m  SAVEPOINT active_record_1
  [1m[36mSQL (0.5ms)[0m  [1mINSERT INTO "companies" ("created_at", "name", "updated_at") VALUES ($1, $2, $3) RETURNING "id"[0m  [["created_at", Fri, 07 Feb 2014 15:52:43 UTC +00:00], ["name", "test"], ["updated_at", Fri, 07 Feb 2014 15:52:43 UTC +00:00]]
  [1m[35m (0.2ms)[0m  RELEASE SAVEPOINT active_record_1
  [1m[36m (0.2ms)[0m  [1mSAVEPOINT active_record_1[0m
  [1m[35mSQL (0.5ms)[0m  INSERT INTO "discussions" ("company_id", "created_at", "current_question_id", "due_date", "moderator_id", "topic", "updated_at") VALUES ($1, $2, $3, $4, $5, $6, $7) RETURNING "id"  [["company_id", 1468], ["created_at", Fri, 07 Feb 2014 15:52:43 UTC +00:00], ["current_question_id", 1832], ["due_date", Mon, 03 Feb 2020 00:00:00 UTC +00:00], ["moderator_id", 3052], ["topic", "Test Topic"], ["updated_at", Fri, 07 Feb 2014 15:52:43 UTC +00:00]]
  [1m[36m (0.2ms)[0m  [1mRELEASE SAVEPOINT active_record_1[0m
  [1m[35m (0.2ms)[0m  SAVEPOINT active_record_1
  [1m[36mUser Exists (0.7ms)[0m  [1mSELECT 1 AS one FROM "users" WHERE LOWER("users"."email") = LOWER('user_9@example.com') LIMIT 1[0m
  [1m[35mSQL (0.8ms)[0m  INSERT INTO "users" ("created_at", "email", "firstname", "lastname", "password_digest", "remember_token", "role_id", "updated_at") VALUES ($1, $2, $3, $4, $5, $6, $7, $8) RETURNING "id"  [["created_at", Fri, 07 Feb 2014 15:52:43 UTC +00:00], ["email", "user_9@example.com"], ["firstname", "User 9"], ["lastname", "the 9 of his kind"], ["password_digest", "$2a$04$oWHfpz.Rie76cimzq3apBOPmTnG7kvntB0gx7YyngQa7vwr3oLeqO"], ["remember_token", "45610c78282c37f552580436699e9ba9a02e895f"], ["role_id", 169], ["updated_at", Fri, 07 Feb 2014 15:52:43 UTC +00:00]]
  [1m[36m (0.4ms)[0m  [1mRELEASE SAVEPOINT active_record_1[0m
  [1m[35m (0.2ms)[0m  SAVEPOINT active_record_1
  [1m[36m (0.3ms)[0m  [1mROLLBACK TO SAVEPOINT active_record_1[0m
  [1m[35m (0.3ms)[0m  ROLLBACK
F  [1m[36m (0.2ms)[0m  [1mBEGIN[0m
  [1m[35m (0.3ms)[0m  SAVEPOINT active_record_1
  [1m[36mUser Exists (0.8ms)[0m  [1mSELECT 1 AS one FROM "users" WHERE LOWER("users"."email") = LOWER('user_10@example.com') LIMIT 1[0m
  [1m[35mSQL (0.8ms)[0m  INSERT INTO "users" ("created_at", "email", "firstname", "lastname", "password_digest", "remember_token", "role_id", "updated_at") VALUES ($1, $2, $3, $4, $5, $6, $7, $8) RETURNING "id"  [["created_at", Fri, 07 Feb 2014 15:52:43 UTC +00:00], ["email", "user_10@example.com"], ["firstname", "User 10"], ["lastname", "the 10 of his kind"], ["password_digest", "$2a$04$ZGxKT5jketoMxj3HMBAXT.uPISM8Ze./tTnpuyLWptR8a1cUtsxJC"], ["remember_token", "2c8569de68180814de53054576c73414eb9c1a54"], ["role_id", 169], ["updated_at", Fri, 07 Feb 2014 15:52:43 UTC +00:00]]
  [1m[36m (0.3ms)[0m  [1mRELEASE SAVEPOINT active_record_1[0m
  [1m[35m (0.3ms)[0m  SAVEPOINT active_record_1
  [1m[36mSQL (1.2ms)[0m  [1mUPDATE "users" SET "remember_token" = $1, "updated_at" = $2 WHERE "users"."id" = 3054[0m  [["remember_token", "40d0506439aa51102da8bcda702ea42bb8cd5ced"], ["updated_at", Fri, 07 Feb 2014 15:52:43 UTC +00:00]]
  [1m[35m (0.2ms)[0m  RELEASE SAVEPOINT active_record_1
  [1m[36m (0.2ms)[0m  [1mSAVEPOINT active_record_1[0m
  [1m[35mUser Exists (0.7ms)[0m  SELECT 1 AS one FROM "users" WHERE LOWER("users"."email") = LOWER('user_11@example.com') LIMIT 1
  [1m[36mSQL (0.7ms)[0m  [1mINSERT INTO "users" ("created_at", "email", "firstname", "lastname", "password_digest", "remember_token", "role_id", "updated_at") VALUES ($1, $2, $3, $4, $5, $6, $7, $8) RETURNING "id"[0m  [["created_at", Fri, 07 Feb 2014 15:52:43 UTC +00:00], ["email", "user_11@example.com"], ["firstname", "User 11"], ["lastname", "the 11 of his kind"], ["password_digest", "$2a$04$GIBFWMhgbHqfhyIo/.bXn.R9K6l4cQx8IMXK28jWbXwM6WY7RwRYW"], ["remember_token", "3de20db5ea7de155a3da07b92d432c1fad74d03a"], ["role_id", 169], ["updated_at", Fri, 07 Feb 2014 15:52:43 UTC +00:00]]
  [1m[35m (0.3ms)[0m  RELEASE SAVEPOINT active_record_1
  [1m[36m (0.2ms)[0m  [1mSAVEPOINT active_record_1[0m
  [1m[35mSQL (0.5ms)[0m  INSERT INTO "questions" ("created_at", "topic", "updated_at") VALUES ($1, $2, $3) RETURNING "id"  [["created_at", Fri, 07 Feb 2014 15:52:43 UTC +00:00], ["topic", "Test Topic"], ["updated_at", Fri, 07 Feb 2014 15:52:43 UTC +00:00]]
  [1m[36m (0.3ms)[0m  [1mRELEASE SAVEPOINT active_record_1[0m
  [1m[35m (0.3ms)[0m  SAVEPOINT active_record_1
  [1m[36mSQL (0.7ms)[0m  [1mINSERT INTO "companies" ("created_at", "name", "updated_at") VALUES ($1, $2, $3) RETURNING "id"[0m  [["created_at", Fri, 07 Feb 2014 15:52:43 UTC +00:00], ["name", "test"], ["updated_at", Fri, 07 Feb 2014 15:52:43 UTC +00:00]]
  [1m[35m (0.3ms)[0m  RELEASE SAVEPOINT active_record_1
  [1m[36m (0.2ms)[0m  [1mSAVEPOINT active_record_1[0m
  [1m[35mSQL (0.7ms)[0m  INSERT INTO "discussions" ("company_id", "created_at", "current_question_id", "due_date", "moderator_id", "topic", "updated_at") VALUES ($1, $2, $3, $4, $5, $6, $7) RETURNING "id"  [["company_id", 1469], ["created_at", Fri, 07 Feb 2014 15:52:43 UTC +00:00], ["current_question_id", 1833], ["due_date", Mon, 03 Feb 2020 00:00:00 UTC +00:00], ["moderator_id", 3055], ["topic", "Test Topic"], ["updated_at", Fri, 07 Feb 2014 15:52:43 UTC +00:00]]
  [1m[36m (0.3ms)[0m  [1mRELEASE SAVEPOINT active_record_1[0m
  [1m[35m (0.2ms)[0m  SAVEPOINT active_record_1
  [1m[36mSQL (0.5ms)[0m  [1mINSERT INTO "questions" ("created_at", "topic", "updated_at") VALUES ($1, $2, $3) RETURNING "id"[0m  [["created_at", Fri, 07 Feb 2014 15:52:43 UTC +00:00], ["topic", "Test Topic"], ["updated_at", Fri, 07 Feb 2014 15:52:43 UTC +00:00]]
  [1m[35m (0.3ms)[0m  RELEASE SAVEPOINT active_record_1
  [1m[36m (0.2ms)[0m  [1mSAVEPOINT active_record_1[0m
  [1m[35mUser Exists (0.7ms)[0m  SELECT 1 AS one FROM "users" WHERE LOWER("users"."email") = LOWER('user_12@example.com') LIMIT 1
  [1m[36mSQL (0.7ms)[0m  [1mINSERT INTO "users" ("created_at", "email", "firstname", "lastname", "password_digest", "remember_token", "role_id", "updated_at") VALUES ($1, $2, $3, $4, $5, $6, $7, $8) RETURNING "id"[0m  [["created_at", Fri, 07 Feb 2014 15:52:43 UTC +00:00], ["email", "user_12@example.com"], ["firstname", "User 12"], ["lastname", "the 12 of his kind"], ["password_digest", "$2a$04$xZ7RbqnMT2jgRRnTppRg5u4.ol.S6R.S4nrjUP4opUDZnwrnI6BPe"], ["remember_token", "ecbba71509109c3ab01a8c06bfaf4913ee1a440b"], ["role_id", 169], ["updated_at", Fri, 07 Feb 2014 15:52:43 UTC +00:00]]
  [1m[35m (0.3ms)[0m  RELEASE SAVEPOINT active_record_1
  [1m[36m (0.2ms)[0m  [1mSAVEPOINT active_record_1[0m
  [1m[35mSQL (0.5ms)[0m  INSERT INTO "questions" ("created_at", "topic", "updated_at") VALUES ($1, $2, $3) RETURNING "id"  [["created_at", Fri, 07 Feb 2014 15:52:43 UTC +00:00], ["topic", "Test Topic"], ["updated_at", Fri, 07 Feb 2014 15:52:43 UTC +00:00]]
  [1m[36m (0.3ms)[0m  [1mRELEASE SAVEPOINT active_record_1[0m
  [1m[35m (0.2ms)[0m  SAVEPOINT active_record_1
  [1m[36mSQL (0.6ms)[0m  [1mINSERT INTO "companies" ("created_at", "name", "updated_at") VALUES ($1, $2, $3) RETURNING "id"[0m  [["created_at", Fri, 07 Feb 2014 15:52:43 UTC +00:00], ["name", "test"], ["updated_at", Fri, 07 Feb 2014 15:52:43 UTC +00:00]]
  [1m[35m (0.3ms)[0m  RELEASE SAVEPOINT active_record_1
  [1m[36m (0.2ms)[0m  [1mSAVEPOINT active_record_1[0m
  [1m[35mSQL (0.8ms)[0m  INSERT INTO "discussions" ("company_id", "created_at", "current_question_id", "due_date", "moderator_id", "topic", "updated_at") VALUES ($1, $2, $3, $4, $5, $6, $7) RETURNING "id"  [["company_id", 1470], ["created_at", Fri, 07 Feb 2014 15:52:43 UTC +00:00], ["current_question_id", 1835], ["due_date", Mon, 03 Feb 2020 00:00:00 UTC +00:00], ["moderator_id", 3056], ["topic", "Test Topic"], ["updated_at", Fri, 07 Feb 2014 15:52:43 UTC +00:00]]
  [1m[36m (0.3ms)[0m  [1mRELEASE SAVEPOINT active_record_1[0m
  [1m[35m (0.2ms)[0m  SAVEPOINT active_record_1
  [1m[36mUser Exists (0.7ms)[0m  [1mSELECT 1 AS one FROM "users" WHERE LOWER("users"."email") = LOWER('user_13@example.com') LIMIT 1[0m
  [1m[35mSQL (0.7ms)[0m  INSERT INTO "users" ("created_at", "email", "firstname", "lastname", "password_digest", "remember_token", "role_id", "updated_at") VALUES ($1, $2, $3, $4, $5, $6, $7, $8) RETURNING "id"  [["created_at", Fri, 07 Feb 2014 15:52:43 UTC +00:00], ["email", "user_13@example.com"], ["firstname", "User 13"], ["lastname", "the 13 of his kind"], ["password_digest", "$2a$04$eoQeZ0W8lBDZdgb/wRS3Ru.9q8NHjJcMCyo3LmIZKYTnGwQ9wImNy"], ["remember_token", "d98ee04c1349a2ffcde9a18c996cc0f1fda1958b"], ["role_id", 169], ["updated_at", Fri, 07 Feb 2014 15:52:43 UTC +00:00]]
  [1m[36m (0.3ms)[0m  [1mRELEASE SAVEPOINT active_record_1[0m
  [1m[35m (0.2ms)[0m  SAVEPOINT active_record_1
  [1m[36m (0.3ms)[0m  [1mROLLBACK TO SAVEPOINT active_record_1[0m
  [1m[35m (0.3ms)[0m  ROLLBACK
F  [1m[36m (0.2ms)[0m  [1mBEGIN[0m
  [1m[35m (0.3ms)[0m  SAVEPOINT active_record_1
  [1m[36mUser Exists (0.7ms)[0m  [1mSELECT 1 AS one FROM "users" WHERE LOWER("users"."email") = LOWER('user_14@example.com') LIMIT 1[0m
  [1m[35mSQL (0.8ms)[0m  INSERT INTO "users" ("created_at", "email", "firstname", "lastname", "password_digest", "remember_token", "role_id", "updated_at") VALUES ($1, $2, $3, $4, $5, $6, $7, $8) RETURNING "id"  [["created_at", Fri, 07 Feb 2014 15:52:43 UTC +00:00], ["email", "user_14@example.com"], ["firstname", "User 14"], ["lastname", "the 14 of his kind"], ["password_digest", "$2a$04$0SuB5uFWizvwQObD6X/cQ.aY26IPCwpOfstzrmOVMEOBk1oZq4.Aq"], ["remember_token", "0383c3caaba020bbaffed60ecb8b95574da8acba"], ["role_id", 169], ["updated_at", Fri, 07 Feb 2014 15:52:43 UTC +00:00]]
  [1m[36m (0.3ms)[0m  [1mRELEASE SAVEPOINT active_record_1[0m
  [1m[35m (0.2ms)[0m  SAVEPOINT active_record_1
  [1m[36mSQL (1.1ms)[0m  [1mUPDATE "users" SET "remember_token" = $1, "updated_at" = $2 WHERE "users"."id" = 3058[0m  [["remember_token", "62df45bc67ba2b1f642c42e1483825433ca87f36"], ["updated_at", Fri, 07 Feb 2014 15:52:43 UTC +00:00]]
  [1m[35m (0.3ms)[0m  RELEASE SAVEPOINT active_record_1
  [1m[36m (0.2ms)[0m  [1mSAVEPOINT active_record_1[0m
  [1m[35mUser Exists (0.6ms)[0m  SELECT 1 AS one FROM "users" WHERE LOWER("users"."email") = LOWER('user_15@example.com') LIMIT 1
  [1m[36mSQL (0.7ms)[0m  [1mINSERT INTO "users" ("created_at", "email", "firstname", "lastname", "password_digest", "remember_token", "role_id", "updated_at") VALUES ($1, $2, $3, $4, $5, $6, $7, $8) RETURNING "id"[0m  [["created_at", Fri, 07 Feb 2014 15:52:43 UTC +00:00], ["email", "user_15@example.com"], ["firstname", "User 15"], ["lastname", "the 15 of his kind"], ["password_digest", "$2a$04$uTmee2QTivTh4YS8CDXT/eGhEU/gGGrYJidTghM19DhaEhsHToAWO"], ["remember_token", "160f80def2bc67c8b1a77dccafa8d7c976f5f0ce"], ["role_id", 169], ["updated_at", Fri, 07 Feb 2014 15:52:43 UTC +00:00]]
  [1m[35m (0.3ms)[0m  RELEASE SAVEPOINT active_record_1
  [1m[36m (0.2ms)[0m  [1mSAVEPOINT active_record_1[0m
  [1m[35mSQL (0.6ms)[0m  INSERT INTO "questions" ("created_at", "topic", "updated_at") VALUES ($1, $2, $3) RETURNING "id"  [["created_at", Fri, 07 Feb 2014 15:52:43 UTC +00:00], ["topic", "Test Topic"], ["updated_at", Fri, 07 Feb 2014 15:52:43 UTC +00:00]]
  [1m[36m (0.3ms)[0m  [1mRELEASE SAVEPOINT active_record_1[0m
  [1m[35m (0.2ms)[0m  SAVEPOINT active_record_1
  [1m[36mSQL (0.6ms)[0m  [1mINSERT INTO "companies" ("created_at", "name", "updated_at") VALUES ($1, $2, $3) RETURNING "id"[0m  [["created_at", Fri, 07 Feb 2014 15:52:43 UTC +00:00], ["name", "test"], ["updated_at", Fri, 07 Feb 2014 15:52:43 UTC +00:00]]
  [1m[35m (0.3ms)[0m  RELEASE SAVEPOINT active_record_1
  [1m[36m (0.2ms)[0m  [1mSAVEPOINT active_record_1[0m
  [1m[35mSQL (0.7ms)[0m  INSERT INTO "discussions" ("company_id", "created_at", "current_question_id", "due_date", "moderator_id", "topic", "updated_at") VALUES ($1, $2, $3, $4, $5, $6, $7) RETURNING "id"  [["company_id", 1471], ["created_at", Fri, 07 Feb 2014 15:52:43 UTC +00:00], ["current_question_id", 1836], ["due_date", Mon, 03 Feb 2020 00:00:00 UTC +00:00], ["moderator_id", 3059], ["topic", "Test Topic"], ["updated_at", Fri, 07 Feb 2014 15:52:43 UTC +00:00]]
  [1m[36m (0.3ms)[0m  [1mRELEASE SAVEPOINT active_record_1[0m
  [1m[35m (0.2ms)[0m  SAVEPOINT active_record_1
  [1m[36mSQL (0.6ms)[0m  [1mINSERT INTO "questions" ("created_at", "topic", "updated_at") VALUES ($1, $2, $3) RETURNING "id"[0m  [["created_at", Fri, 07 Feb 2014 15:52:43 UTC +00:00], ["topic", "Test Topic"], ["updated_at", Fri, 07 Feb 2014 15:52:43 UTC +00:00]]
  [1m[35m (0.3ms)[0m  RELEASE SAVEPOINT active_record_1
  [1m[36m (0.3ms)[0m  [1mSAVEPOINT active_record_1[0m
  [1m[35mUser Exists (0.7ms)[0m  SELECT 1 AS one FROM "users" WHERE LOWER("users"."email") = LOWER('user_16@example.com') LIMIT 1
  [1m[36mSQL (0.7ms)[0m  [1mINSERT INTO "users" ("created_at", "email", "firstname", "lastname", "password_digest", "remember_token", "role_id", "updated_at") VALUES ($1, $2, $3, $4, $5, $6, $7, $8) RETURNING "id"[0m  [["created_at", Fri, 07 Feb 2014 15:52:43 UTC +00:00], ["email", "user_16@example.com"], ["firstname", "User 16"], ["lastname", "the 16 of his kind"], ["password_digest", "$2a$04$DRLhl/sioLrz02DyLGwWvuTwYCHMyAs/VP1oDqTf.OaVa7pQec3OK"], ["remember_token", "8571249c7d9f88d943c913263dc704ac067ce37d"], ["role_id", 169], ["updated_at", Fri, 07 Feb 2014 15:52:43 UTC +00:00]]
  [1m[35m (0.3ms)[0m  RELEASE SAVEPOINT active_record_1
  [1m[36m (0.2ms)[0m  [1mSAVEPOINT active_record_1[0m
  [1m[35mSQL (0.6ms)[0m  INSERT INTO "questions" ("created_at", "topic", "updated_at") VALUES ($1, $2, $3) RETURNING "id"  [["created_at", Fri, 07 Feb 2014 15:52:43 UTC +00:00], ["topic", "Test Topic"], ["updated_at", Fri, 07 Feb 2014 15:52:43 UTC +00:00]]
  [1m[36m (0.3ms)[0m  [1mRELEASE SAVEPOINT active_record_1[0m
  [1m[35m (0.2ms)[0m  SAVEPOINT active_record_1
  [1m[36mSQL (0.6ms)[0m  [1mINSERT INTO "companies" ("created_at", "name", "updated_at") VALUES ($1, $2, $3) RETURNING "id"[0m  [["created_at", Fri, 07 Feb 2014 15:52:43 UTC +00:00], ["name", "test"], ["updated_at", Fri, 07 Feb 2014 15:52:43 UTC +00:00]]
  [1m[35m (0.3ms)[0m  RELEASE SAVEPOINT active_record_1
  [1m[36m (0.2ms)[0m  [1mSAVEPOINT active_record_1[0m
  [1m[35mSQL (0.6ms)[0m  INSERT INTO "discussions" ("company_id", "created_at", "current_question_id", "due_date", "moderator_id", "topic", "updated_at") VALUES ($1, $2, $3, $4, $5, $6, $7) RETURNING "id"  [["company_id", 1472], ["created_at", Fri, 07 Feb 2014 15:52:43 UTC +00:00], ["current_question_id", 1838], ["due_date", Mon, 03 Feb 2020 00:00:00 UTC +00:00], ["moderator_id", 3060], ["topic", "Test Topic"], ["updated_at", Fri, 07 Feb 2014 15:52:43 UTC +00:00]]
  [1m[36m (0.3ms)[0m  [1mRELEASE SAVEPOINT active_record_1[0m
  [1m[35m (0.3ms)[0m  SAVEPOINT active_record_1
  [1m[36mUser Exists (0.7ms)[0m  [1mSELECT 1 AS one FROM "users" WHERE LOWER("users"."email") = LOWER('user_17@example.com') LIMIT 1[0m
  [1m[35mSQL (0.7ms)[0m  INSERT INTO "users" ("created_at", "email", "firstname", "lastname", "password_digest", "remember_token", "role_id", "updated_at") VALUES ($1, $2, $3, $4, $5, $6, $7, $8) RETURNING "id"  [["created_at", Fri, 07 Feb 2014 15:52:43 UTC +00:00], ["email", "user_17@example.com"], ["firstname", "User 17"], ["lastname", "the 17 of his kind"], ["password_digest", "$2a$04$Lp/jajI4F.h8OK1Sw.2hgeWdWuQcfwiu1qP7NqeJUhFY1WDNeXu5q"], ["remember_token", "8740bb35a1288cb3863fcbcdddd6739b416f29b2"], ["role_id", 169], ["updated_at", Fri, 07 Feb 2014 15:52:43 UTC +00:00]]
  [1m[36m (0.3ms)[0m  [1mRELEASE SAVEPOINT active_record_1[0m
  [1m[35m (0.3ms)[0m  SAVEPOINT active_record_1
  [1m[36m (0.3ms)[0m  [1mROLLBACK TO SAVEPOINT active_record_1[0m
  [1m[35m (0.3ms)[0m  ROLLBACK
F  [1m[36m (0.3ms)[0m  [1mBEGIN[0m
  [1m[35m (0.3ms)[0m  SAVEPOINT active_record_1
  [1m[36mUser Exists (0.7ms)[0m  [1mSELECT 1 AS one FROM "users" WHERE LOWER("users"."email") = LOWER('user_18@example.com') LIMIT 1[0m
  [1m[35mSQL (0.8ms)[0m  INSERT INTO "users" ("created_at", "email", "firstname", "lastname", "password_digest", "remember_token", "role_id", "updated_at") VALUES ($1, $2, $3, $4, $5, $6, $7, $8) RETURNING "id"  [["created_at", Fri, 07 Feb 2014 15:52:43 UTC +00:00], ["email", "user_18@example.com"], ["firstname", "User 18"], ["lastname", "the 18 of his kind"], ["password_digest", "$2a$04$MuCbLTBHRcPzK1AXQEHDiuLLX02Wnbvg8ncfKFMStGYS9PwbvbTSS"], ["remember_token", "e66d1abd098cc3768195c0fe296c89b10c683dd1"], ["role_id", 169], ["updated_at", Fri, 07 Feb 2014 15:52:43 UTC +00:00]]
  [1m[36m (0.3ms)[0m  [1mRELEASE SAVEPOINT active_record_1[0m
  [1m[35m (0.3ms)[0m  SAVEPOINT active_record_1
  [1m[36mSQL (1.1ms)[0m  [1mUPDATE "users" SET "remember_token" = $1, "updated_at" = $2 WHERE "users"."id" = 3062[0m  [["remember_token", "603e01d4fa2a70a6d40a8a451358dc1094910f7e"], ["updated_at", Fri, 07 Feb 2014 15:52:43 UTC +00:00]]
  [1m[35m (0.3ms)[0m  RELEASE SAVEPOINT active_record_1
  [1m[36m (0.3ms)[0m  [1mSAVEPOINT active_record_1[0m
  [1m[35mUser Exists (0.6ms)[0m  SELECT 1 AS one FROM "users" WHERE LOWER("users"."email") = LOWER('user_19@example.com') LIMIT 1
  [1m[36mSQL (0.8ms)[0m  [1mINSERT INTO "users" ("created_at", "email", "firstname", "lastname", "password_digest", "remember_token", "role_id", "updated_at") VALUES ($1, $2, $3, $4, $5, $6, $7, $8) RETURNING "id"[0m  [["created_at", Fri, 07 Feb 2014 15:52:43 UTC +00:00], ["email", "user_19@example.com"], ["firstname", "User 19"], ["lastname", "the 19 of his kind"], ["password_digest", "$2a$04$tY1RWivNrkSj/nXkiQHK0epLgpTqdpJ/9J.jOCxiP0v./0p1DP6UW"], ["remember_token", "a894a3a760adc0ddcd5e5399a90c67c112b2d5cb"], ["role_id", 169], ["updated_at", Fri, 07 Feb 2014 15:52:43 UTC +00:00]]
  [1m[35m (0.3ms)[0m  RELEASE SAVEPOINT active_record_1
  [1m[36m (0.2ms)[0m  [1mSAVEPOINT active_record_1[0m
  [1m[35mSQL (0.6ms)[0m  INSERT INTO "questions" ("created_at", "topic", "updated_at") VALUES ($1, $2, $3) RETURNING "id"  [["created_at", Fri, 07 Feb 2014 15:52:43 UTC +00:00], ["topic", "Test Topic"], ["updated_at", Fri, 07 Feb 2014 15:52:43 UTC +00:00]]
  [1m[36m (0.3ms)[0m  [1mRELEASE SAVEPOINT active_record_1[0m
  [1m[35m (0.2ms)[0m  SAVEPOINT active_record_1
  [1m[36mSQL (0.6ms)[0m  [1mINSERT INTO "companies" ("created_at", "name", "updated_at") VALUES ($1, $2, $3) RETURNING "id"[0m  [["created_at", Fri, 07 Feb 2014 15:52:43 UTC +00:00], ["name", "test"], ["updated_at", Fri, 07 Feb 2014 15:52:43 UTC +00:00]]
  [1m[35m (0.3ms)[0m  RELEASE SAVEPOINT active_record_1
  [1m[36m (0.3ms)[0m  [1mSAVEPOINT active_record_1[0m
  [1m[35mSQL (0.7ms)[0m  INSERT INTO "discussions" ("company_id", "created_at", "current_question_id", "due_date", "moderator_id", "topic", "updated_at") VALUES ($1, $2, $3, $4, $5, $6, $7) RETURNING "id"  [["company_id", 1473], ["created_at", Fri, 07 Feb 2014 15:52:43 UTC +00:00], ["current_question_id", 1839], ["due_date", Mon, 03 Feb 2020 00:00:00 UTC +00:00], ["moderator_id", 3063], ["topic", "Test Topic"], ["updated_at", Fri, 07 Feb 2014 15:52:43 UTC +00:00]]
  [1m[36m (0.3ms)[0m  [1mRELEASE SAVEPOINT active_record_1[0m
  [1m[35m (0.3ms)[0m  SAVEPOINT active_record_1
  [1m[36mSQL (0.6ms)[0m  [1mINSERT INTO "questions" ("created_at", "topic", "updated_at") VALUES ($1, $2, $3) RETURNING "id"[0m  [["created_at", Fri, 07 Feb 2014 15:52:43 UTC +00:00], ["topic", "Test Topic"], ["updated_at", Fri, 07 Feb 2014 15:52:43 UTC +00:00]]
  [1m[35m (0.3ms)[0m  RELEASE SAVEPOINT active_record_1
  [1m[36m (0.3ms)[0m  [1mSAVEPOINT active_record_1[0m
  [1m[35mUser Exists (0.7ms)[0m  SELECT 1 AS one FROM "users" WHERE LOWER("users"."email") = LOWER('user_20@example.com') LIMIT 1
  [1m[36mSQL (0.8ms)[0m  [1mINSERT INTO "users" ("created_at", "email", "firstname", "lastname", "password_digest", "remember_token", "role_id", "updated_at") VALUES ($1, $2, $3, $4, $5, $6, $7, $8) RETURNING "id"[0m  [["created_at", Fri, 07 Feb 2014 15:52:43 UTC +00:00], ["email", "user_20@example.com"], ["firstname", "User 20"], ["lastname", "the 20 of his kind"], ["password_digest", "$2a$04$9swemUlMAqUjYRgfsBTLxeVoPckMqXzjwx1l2WLnF9w7Gas548cSC"], ["remember_token", "3ad0a2054eb09326ed639fe95dcd4a15d852bc1f"], ["role_id", 169], ["updated_at", Fri, 07 Feb 2014 15:52:43 UTC +00:00]]
  [1m[35m (0.3ms)[0m  RELEASE SAVEPOINT active_record_1
  [1m[36m (0.2ms)[0m  [1mSAVEPOINT active_record_1[0m
  [1m[35mSQL (0.6ms)[0m  INSERT INTO "questions" ("created_at", "topic", "updated_at") VALUES ($1, $2, $3) RETURNING "id"  [["created_at", Fri, 07 Feb 2014 15:52:43 UTC +00:00], ["topic", "Test Topic"], ["updated_at", Fri, 07 Feb 2014 15:52:43 UTC +00:00]]
  [1m[36m (0.3ms)[0m  [1mRELEASE SAVEPOINT active_record_1[0m
  [1m[35m (0.2ms)[0m  SAVEPOINT active_record_1
  [1m[36mSQL (0.6ms)[0m  [1mINSERT INTO "companies" ("created_at", "name", "updated_at") VALUES ($1, $2, $3) RETURNING "id"[0m  [["created_at", Fri, 07 Feb 2014 15:52:43 UTC +00:00], ["name", "test"], ["updated_at", Fri, 07 Feb 2014 15:52:43 UTC +00:00]]
  [1m[35m (0.3ms)[0m  RELEASE SAVEPOINT active_record_1
  [1m[36m (0.2ms)[0m  [1mSAVEPOINT active_record_1[0m
  [1m[35mSQL (0.7ms)[0m  INSERT INTO "discussions" ("company_id", "created_at", "current_question_id", "due_date", "moderator_id", "topic", "updated_at") VALUES ($1, $2, $3, $4, $5, $6, $7) RETURNING "id"  [["company_id", 1474], ["created_at", Fri, 07 Feb 2014 15:52:43 UTC +00:00], ["current_question_id", 1841], ["due_date", Mon, 03 Feb 2020 00:00:00 UTC +00:00], ["moderator_id", 3064], ["topic", "Test Topic"], ["updated_at", Fri, 07 Feb 2014 15:52:43 UTC +00:00]]
  [1m[36m (0.3ms)[0m  [1mRELEASE SAVEPOINT active_record_1[0m
  [1m[35m (0.3ms)[0m  SAVEPOINT active_record_1
  [1m[36mUser Exists (0.5ms)[0m  [1mSELECT 1 AS one FROM "users" WHERE LOWER("users"."email") = LOWER('user_21@example.com') LIMIT 1[0m
  [1m[35mSQL (0.8ms)[0m  INSERT INTO "users" ("created_at", "email", "firstname", "lastname", "password_digest", "remember_token", "role_id", "updated_at") VALUES ($1, $2, $3, $4, $5, $6, $7, $8) RETURNING "id"  [["created_at", Fri, 07 Feb 2014 15:52:43 UTC +00:00], ["email", "user_21@example.com"], ["firstname", "User 21"], ["lastname", "the 21 of his kind"], ["password_digest", "$2a$04$b7CliEZjaJrRHpOULJqwdOhy5grnVXSpqlayfZLZgJlj9QVMEI9Xa"], ["remember_token", "ecb4c5f7473fc67f222edc6f827e369fe29567da"], ["role_id", 169], ["updated_at", Fri, 07 Feb 2014 15:52:43 UTC +00:00]]
  [1m[36m (0.4ms)[0m  [1mRELEASE SAVEPOINT active_record_1[0m
  [1m[35m (0.3ms)[0m  SAVEPOINT active_record_1
  [1m[36m (0.4ms)[0m  [1mROLLBACK TO SAVEPOINT active_record_1[0m
  [1m[35m (0.5ms)[0m  ROLLBACK
F  [1m[36m (0.3ms)[0m  [1mBEGIN[0m
  [1m[35m (0.4ms)[0m  SAVEPOINT active_record_1
  [1m[36mUser Exists (0.7ms)[0m  [1mSELECT 1 AS one FROM "users" WHERE LOWER("users"."email") = LOWER('user_22@example.com') LIMIT 1[0m
  [1m[35mSQL (0.5ms)[0m  INSERT INTO "users" ("created_at", "email", "firstname", "lastname", "password_digest", "remember_token", "role_id", "updated_at") VALUES ($1, $2, $3, $4, $5, $6, $7, $8) RETURNING "id"  [["created_at", Fri, 07 Feb 2014 15:52:43 UTC +00:00], ["email", "user_22@example.com"], ["firstname", "User 22"], ["lastname", "the 22 of his kind"], ["password_digest", "$2a$04$Vc88YXMTSYk5gAqr/rbeAe3GQdpYVlD/vYVl1cqOM9If7tdBL0.nq"], ["remember_token", "d0900c8d66488fc41a4550b25a23534815bcb846"], ["role_id", 169], ["updated_at", Fri, 07 Feb 2014 15:52:43 UTC +00:00]]
  [1m[36m (0.2ms)[0m  [1mRELEASE SAVEPOINT active_record_1[0m
  [1m[35m (0.2ms)[0m  SAVEPOINT active_record_1
  [1m[36mSQL (0.7ms)[0m  [1mUPDATE "users" SET "remember_token" = $1, "updated_at" = $2 WHERE "users"."id" = 3066[0m  [["remember_token", "1122bac67c41eab79403dd4ae7ff87d762958056"], ["updated_at", Fri, 07 Feb 2014 15:52:43 UTC +00:00]]
  [1m[35m (0.1ms)[0m  RELEASE SAVEPOINT active_record_1
  [1m[36m (0.3ms)[0m  [1mSAVEPOINT active_record_1[0m
  [1m[35mUser Exists (0.5ms)[0m  SELECT 1 AS one FROM "users" WHERE LOWER("users"."email") = LOWER('user_23@example.com') LIMIT 1
  [1m[36mSQL (0.5ms)[0m  [1mINSERT INTO "users" ("created_at", "email", "firstname", "lastname", "password_digest", "remember_token", "role_id", "updated_at") VALUES ($1, $2, $3, $4, $5, $6, $7, $8) RETURNING "id"[0m  [["created_at", Fri, 07 Feb 2014 15:52:43 UTC +00:00], ["email", "user_23@example.com"], ["firstname", "User 23"], ["lastname", "the 23 of his kind"], ["password_digest", "$2a$04$winfgX.S36UPn.io13LcDO1WqZMpx7.Q/yCPgcgOplshau6p3Ou4G"], ["remember_token", "5b2f7b22cfdb31e04c9e10074c12955b83cf1cca"], ["role_id", 169], ["updated_at", Fri, 07 Feb 2014 15:52:43 UTC +00:00]]
  [1m[35m (0.3ms)[0m  RELEASE SAVEPOINT active_record_1
  [1m[36m (0.4ms)[0m  [1mSAVEPOINT active_record_1[0m
  [1m[35mSQL (0.5ms)[0m  INSERT INTO "questions" ("created_at", "topic", "updated_at") VALUES ($1, $2, $3) RETURNING "id"  [["created_at", Fri, 07 Feb 2014 15:52:43 UTC +00:00], ["topic", "Test Topic"], ["updated_at", Fri, 07 Feb 2014 15:52:43 UTC +00:00]]
  [1m[36m (0.4ms)[0m  [1mRELEASE SAVEPOINT active_record_1[0m
  [1m[35m (0.2ms)[0m  SAVEPOINT active_record_1
  [1m[36mSQL (0.5ms)[0m  [1mINSERT INTO "companies" ("created_at", "name", "updated_at") VALUES ($1, $2, $3) RETURNING "id"[0m  [["created_at", Fri, 07 Feb 2014 15:52:43 UTC +00:00], ["name", "test"], ["updated_at", Fri, 07 Feb 2014 15:52:43 UTC +00:00]]
  [1m[35m (0.3ms)[0m  RELEASE SAVEPOINT active_record_1
  [1m[36m (0.2ms)[0m  [1mSAVEPOINT active_record_1[0m
  [1m[35mSQL (0.6ms)[0m  INSERT INTO "discussions" ("company_id", "created_at", "current_question_id", "due_date", "moderator_id", "topic", "updated_at") VALUES ($1, $2, $3, $4, $5, $6, $7) RETURNING "id"  [["company_id", 1475], ["created_at", Fri, 07 Feb 2014 15:52:43 UTC +00:00], ["current_question_id", 1842], ["due_date", Mon, 03 Feb 2020 00:00:00 UTC +00:00], ["moderator_id", 3067], ["topic", "Test Topic"], ["updated_at", Fri, 07 Feb 2014 15:52:43 UTC +00:00]]
  [1m[36m (0.2ms)[0m  [1mRELEASE SAVEPOINT active_record_1[0m
  [1m[35m (0.2ms)[0m  SAVEPOINT active_record_1
  [1m[36mSQL (0.4ms)[0m  [1mINSERT INTO "questions" ("created_at", "topic", "updated_at") VALUES ($1, $2, $3) RETURNING "id"[0m  [["created_at", Fri, 07 Feb 2014 15:52:43 UTC +00:00], ["topic", "Test Topic"], ["updated_at", Fri, 07 Feb 2014 15:52:43 UTC +00:00]]
  [1m[35m (0.2ms)[0m  RELEASE SAVEPOINT active_record_1
  [1m[36m (0.2ms)[0m  [1mSAVEPOINT active_record_1[0m
  [1m[35mUser Exists (0.6ms)[0m  SELECT 1 AS one FROM "users" WHERE LOWER("users"."email") = LOWER('user_24@example.com') LIMIT 1
  [1m[36mSQL (0.6ms)[0m  [1mINSERT INTO "users" ("created_at", "email", "firstname", "lastname", "password_digest", "remember_token", "role_id", "updated_at") VALUES ($1, $2, $3, $4, $5, $6, $7, $8) RETURNING "id"[0m  [["created_at", Fri, 07 Feb 2014 15:52:43 UTC +00:00], ["email", "user_24@example.com"], ["firstname", "User 24"], ["lastname", "the 24 of his kind"], ["password_digest", "$2a$04$cxJ1NdQVG55c4dp0by.jKeqLpVOwKyL1o47ONmIuLvGz/o3rJEtSK"], ["remember_token", "1644ba69596dd0caf804104aedc8cda128ded296"], ["role_id", 169], ["updated_at", Fri, 07 Feb 2014 15:52:43 UTC +00:00]]
  [1m[35m (0.2ms)[0m  RELEASE SAVEPOINT active_record_1
  [1m[36m (0.2ms)[0m  [1mSAVEPOINT active_record_1[0m
  [1m[35mSQL (0.5ms)[0m  INSERT INTO "questions" ("created_at", "topic", "updated_at") VALUES ($1, $2, $3) RETURNING "id"  [["created_at", Fri, 07 Feb 2014 15:52:43 UTC +00:00], ["topic", "Test Topic"], ["updated_at", Fri, 07 Feb 2014 15:52:43 UTC +00:00]]
  [1m[36m (0.2ms)[0m  [1mRELEASE SAVEPOINT active_record_1[0m
  [1m[35m (0.2ms)[0m  SAVEPOINT active_record_1
  [1m[36mSQL (0.5ms)[0m  [1mINSERT INTO "companies" ("created_at", "name", "updated_at") VALUES ($1, $2, $3) RETURNING "id"[0m  [["created_at", Fri, 07 Feb 2014 15:52:43 UTC +00:00], ["name", "test"], ["updated_at", Fri, 07 Feb 2014 15:52:43 UTC +00:00]]
  [1m[35m (0.2ms)[0m  RELEASE SAVEPOINT active_record_1
  [1m[36m (0.2ms)[0m  [1mSAVEPOINT active_record_1[0m
  [1m[35mSQL (0.5ms)[0m  INSERT INTO "discussions" ("company_id", "created_at", "current_question_id", "due_date", "moderator_id", "topic", "updated_at") VALUES ($1, $2, $3, $4, $5, $6, $7) RETURNING "id"  [["company_id", 1476], ["created_at", Fri, 07 Feb 2014 15:52:43 UTC +00:00], ["current_question_id", 1844], ["due_date", Mon, 03 Feb 2020 00:00:00 UTC +00:00], ["moderator_id", 3068], ["topic", "Test Topic"], ["updated_at", Fri, 07 Feb 2014 15:52:43 UTC +00:00]]
  [1m[36m (0.2ms)[0m  [1mRELEASE SAVEPOINT active_record_1[0m
  [1m[35m (0.2ms)[0m  SAVEPOINT active_record_1
  [1m[36mUser Exists (0.6ms)[0m  [1mSELECT 1 AS one FROM "users" WHERE LOWER("users"."email") = LOWER('user_25@example.com') LIMIT 1[0m
  [1m[35mSQL (0.6ms)[0m  INSERT INTO "users" ("created_at", "email", "firstname", "lastname", "password_digest", "remember_token", "role_id", "updated_at") VALUES ($1, $2, $3, $4, $5, $6, $7, $8) RETURNING "id"  [["created_at", Fri, 07 Feb 2014 15:52:43 UTC +00:00], ["email", "user_25@example.com"], ["firstname", "User 25"], ["lastname", "the 25 of his kind"], ["password_digest", "$2a$04$tiLIV8zX.fDcHdqnGnt3b.wEPgsf7uN0g8uWUs0gfYxQCLJRDpeza"], ["remember_token", "a3a488db5740fff40cf2c26511f2008f7f51841e"], ["role_id", 169], ["updated_at", Fri, 07 Feb 2014 15:52:43 UTC +00:00]]
  [1m[36m (0.2ms)[0m  [1mRELEASE SAVEPOINT active_record_1[0m
  [1m[35m (0.2ms)[0m  SAVEPOINT active_record_1
  [1m[36m (0.2ms)[0m  [1mROLLBACK TO SAVEPOINT active_record_1[0m
  [1m[35m (0.4ms)[0m  ROLLBACK
F  [1m[36m (0.1ms)[0m  [1mBEGIN[0m
  [1m[35m (0.3ms)[0m  SAVEPOINT active_record_1
  [1m[36mUser Exists (0.7ms)[0m  [1mSELECT 1 AS one FROM "users" WHERE LOWER("users"."email") = LOWER('user_26@example.com') LIMIT 1[0m
  [1m[35mSQL (0.8ms)[0m  INSERT INTO "users" ("created_at", "email", "firstname", "lastname", "password_digest", "remember_token", "role_id", "updated_at") VALUES ($1, $2, $3, $4, $5, $6, $7, $8) RETURNING "id"  [["created_at", Fri, 07 Feb 2014 15:52:43 UTC +00:00], ["email", "user_26@example.com"], ["firstname", "User 26"], ["lastname", "the 26 of his kind"], ["password_digest", "$2a$04$IlrL97Wxu.LWg6I/fisqZeyKLvT.yFN6mdkdnrrtOvffoDCxGbYXW"], ["remember_token", "c4fd3e890f38b8aa21c8b994994adf0f1bd49b06"], ["role_id", 169], ["updated_at", Fri, 07 Feb 2014 15:52:43 UTC +00:00]]
  [1m[36m (0.3ms)[0m  [1mRELEASE SAVEPOINT active_record_1[0m
  [1m[35m (0.3ms)[0m  SAVEPOINT active_record_1
  [1m[36mSQL (1.1ms)[0m  [1mUPDATE "users" SET "remember_token" = $1, "updated_at" = $2 WHERE "users"."id" = 3070[0m  [["remember_token", "89af1be470bc2f8f4f4a0e7a960f838d2165f03e"], ["updated_at", Fri, 07 Feb 2014 15:52:43 UTC +00:00]]
  [1m[35m (0.3ms)[0m  RELEASE SAVEPOINT active_record_1
  [1m[36m (0.3ms)[0m  [1mSAVEPOINT active_record_1[0m
  [1m[35mUser Exists (0.7ms)[0m  SELECT 1 AS one FROM "users" WHERE LOWER("users"."email") = LOWER('user_27@example.com') LIMIT 1
  [1m[36mSQL (0.7ms)[0m  [1mINSERT INTO "users" ("created_at", "email", "firstname", "lastname", "password_digest", "remember_token", "role_id", "updated_at") VALUES ($1, $2, $3, $4, $5, $6, $7, $8) RETURNING "id"[0m  [["created_at", Fri, 07 Feb 2014 15:52:43 UTC +00:00], ["email", "user_27@example.com"], ["firstname", "User 27"], ["lastname", "the 27 of his kind"], ["password_digest", "$2a$04$dQRpiEaS4OcRbJlUwqMyJOh3O.8qgWaOk5BQdOuANkFYSi0M4uWG2"], ["remember_token", "70ad40ea341e45145c0d6ae09716302f3cb13b2d"], ["role_id", 169], ["updated_at", Fri, 07 Feb 2014 15:52:43 UTC +00:00]]
  [1m[35m (0.3ms)[0m  RELEASE SAVEPOINT active_record_1
  [1m[36m (0.3ms)[0m  [1mSAVEPOINT active_record_1[0m
  [1m[35mSQL (0.5ms)[0m  INSERT INTO "questions" ("created_at", "topic", "updated_at") VALUES ($1, $2, $3) RETURNING "id"  [["created_at", Fri, 07 Feb 2014 15:52:43 UTC +00:00], ["topic", "Test Topic"], ["updated_at", Fri, 07 Feb 2014 15:52:43 UTC +00:00]]
  [1m[36m (0.3ms)[0m  [1mRELEASE SAVEPOINT active_record_1[0m
  [1m[35m (0.2ms)[0m  SAVEPOINT active_record_1
  [1m[36mSQL (0.5ms)[0m  [1mINSERT INTO "companies" ("created_at", "name", "updated_at") VALUES ($1, $2, $3) RETURNING "id"[0m  [["created_at", Fri, 07 Feb 2014 15:52:43 UTC +00:00], ["name", "test"], ["updated_at", Fri, 07 Feb 2014 15:52:43 UTC +00:00]]
  [1m[35m (0.2ms)[0m  RELEASE SAVEPOINT active_record_1
  [1m[36m (0.2ms)[0m  [1mSAVEPOINT active_record_1[0m
  [1m[35mSQL (0.6ms)[0m  INSERT INTO "discussions" ("company_id", "created_at", "current_question_id", "due_date", "moderator_id", "topic", "updated_at") VALUES ($1, $2, $3, $4, $5, $6, $7) RETURNING "id"  [["company_id", 1477], ["created_at", Fri, 07 Feb 2014 15:52:43 UTC +00:00], ["current_question_id", 1845], ["due_date", Mon, 03 Feb 2020 00:00:00 UTC +00:00], ["moderator_id", 3071], ["topic", "Test Topic"], ["updated_at", Fri, 07 Feb 2014 15:52:43 UTC +00:00]]
  [1m[36m (0.2ms)[0m  [1mRELEASE SAVEPOINT active_record_1[0m
  [1m[35m (0.2ms)[0m  SAVEPOINT active_record_1
  [1m[36mSQL (0.5ms)[0m  [1mINSERT INTO "questions" ("created_at", "topic", "updated_at") VALUES ($1, $2, $3) RETURNING "id"[0m  [["created_at", Fri, 07 Feb 2014 15:52:43 UTC +00:00], ["topic", "Test Topic"], ["updated_at", Fri, 07 Feb 2014 15:52:43 UTC +00:00]]
  [1m[35m (0.3ms)[0m  RELEASE SAVEPOINT active_record_1
  [1m[36m (0.3ms)[0m  [1mSAVEPOINT active_record_1[0m
  [1m[35mUser Exists (0.6ms)[0m  SELECT 1 AS one FROM "users" WHERE LOWER("users"."email") = LOWER('user_28@example.com') LIMIT 1
  [1m[36mSQL (0.7ms)[0m  [1mINSERT INTO "users" ("created_at", "email", "firstname", "lastname", "password_digest", "remember_token", "role_id", "updated_at") VALUES ($1, $2, $3, $4, $5, $6, $7, $8) RETURNING "id"[0m  [["created_at", Fri, 07 Feb 2014 15:52:43 UTC +00:00], ["email", "user_28@example.com"], ["firstname", "User 28"], ["lastname", "the 28 of his kind"], ["password_digest", "$2a$04$pGRTP.YB.jgBQVMjNyRnX.RFwAwL/IzvRPe8/pKVJH535fd2HgIYm"], ["remember_token", "a897b1acff2d6d7431e708d839fd0d2b752e83e3"], ["role_id", 169], ["updated_at", Fri, 07 Feb 2014 15:52:43 UTC +00:00]]
  [1m[35m (0.3ms)[0m  RELEASE SAVEPOINT active_record_1
  [1m[36m (0.2ms)[0m  [1mSAVEPOINT active_record_1[0m
  [1m[35mSQL (0.5ms)[0m  INSERT INTO "questions" ("created_at", "topic", "updated_at") VALUES ($1, $2, $3) RETURNING "id"  [["created_at", Fri, 07 Feb 2014 15:52:43 UTC +00:00], ["topic", "Test Topic"], ["updated_at", Fri, 07 Feb 2014 15:52:43 UTC +00:00]]
  [1m[36m (0.3ms)[0m  [1mRELEASE SAVEPOINT active_record_1[0m
  [1m[35m (0.2ms)[0m  SAVEPOINT active_record_1
  [1m[36mSQL (0.5ms)[0m  [1mINSERT INTO "companies" ("created_at", "name", "updated_at") VALUES ($1, $2, $3) RETURNING "id"[0m  [["created_at", Fri, 07 Feb 2014 15:52:43 UTC +00:00], ["name", "test"], ["updated_at", Fri, 07 Feb 2014 15:52:43 UTC +00:00]]
  [1m[35m (0.2ms)[0m  RELEASE SAVEPOINT active_record_1
  [1m[36m (0.2ms)[0m  [1mSAVEPOINT active_record_1[0m
  [1m[35mSQL (0.5ms)[0m  INSERT INTO "discussions" ("company_id", "created_at", "current_question_id", "due_date", "moderator_id", "topic", "updated_at") VALUES ($1, $2, $3, $4, $5, $6, $7) RETURNING "id"  [["company_id", 1478], ["created_at", Fri, 07 Feb 2014 15:52:43 UTC +00:00], ["current_question_id", 1847], ["due_date", Mon, 03 Feb 2020 00:00:00 UTC +00:00], ["moderator_id", 3072], ["topic", "Test Topic"], ["updated_at", Fri, 07 Feb 2014 15:52:43 UTC +00:00]]
  [1m[36m (0.3ms)[0m  [1mRELEASE SAVEPOINT active_record_1[0m
  [1m[35m (0.2ms)[0m  SAVEPOINT active_record_1
  [1m[36mUser Exists (0.7ms)[0m  [1mSELECT 1 AS one FROM "users" WHERE LOWER("users"."email") = LOWER('user_29@example.com') LIMIT 1[0m
  [1m[35mSQL (0.7ms)[0m  INSERT INTO "users" ("created_at", "email", "firstname", "lastname", "password_digest", "remember_token", "role_id", "updated_at") VALUES ($1, $2, $3, $4, $5, $6, $7, $8) RETURNING "id"  [["created_at", Fri, 07 Feb 2014 15:52:43 UTC +00:00], ["email", "user_29@example.com"], ["firstname", "User 29"], ["lastname", "the 29 of his kind"], ["password_digest", "$2a$04$ZXCLwj/BCq.Bj2B7dwjQteXVG0Zey0xFi9AReUEEm9smEOjq2.1om"], ["remember_token", "7febd6b6862abacba8aecefb15be46f4916d8827"], ["role_id", 169], ["updated_at", Fri, 07 Feb 2014 15:52:43 UTC +00:00]]
  [1m[36m (0.3ms)[0m  [1mRELEASE SAVEPOINT active_record_1[0m
  [1m[35m (0.2ms)[0m  SAVEPOINT active_record_1
  [1m[36m (0.3ms)[0m  [1mROLLBACK TO SAVEPOINT active_record_1[0m
  [1m[35m (0.3ms)[0m  ROLLBACK
F  [1m[36m (0.3ms)[0m  [1mBEGIN[0m
  [1m[35m (0.3ms)[0m  SAVEPOINT active_record_1
  [1m[36mUser Exists (0.7ms)[0m  [1mSELECT 1 AS one FROM "users" WHERE LOWER("users"."email") = LOWER('user_30@example.com') LIMIT 1[0m
  [1m[35mSQL (0.9ms)[0m  INSERT INTO "users" ("created_at", "email", "firstname", "lastname", "password_digest", "remember_token", "role_id", "updated_at") VALUES ($1, $2, $3, $4, $5, $6, $7, $8) RETURNING "id"  [["created_at", Fri, 07 Feb 2014 15:52:43 UTC +00:00], ["email", "user_30@example.com"], ["firstname", "User 30"], ["lastname", "the 30 of his kind"], ["password_digest", "$2a$04$zbTupRHNrO.5nA1pV5zXBOy/oOMuSe1owxxMJYev8JmKZbcKtiU/e"], ["remember_token", "d938076ceccc4b09421d1c92c80c2dffb4eb2388"], ["role_id", 169], ["updated_at", Fri, 07 Feb 2014 15:52:43 UTC +00:00]]
  [1m[36m (0.3ms)[0m  [1mRELEASE SAVEPOINT active_record_1[0m
  [1m[35m (0.2ms)[0m  SAVEPOINT active_record_1
  [1m[36mSQL (1.1ms)[0m  [1mUPDATE "users" SET "remember_token" = $1, "updated_at" = $2 WHERE "users"."id" = 3074[0m  [["remember_token", "4f00fa3029658449455decf40dfe59a2bcef6515"], ["updated_at", Fri, 07 Feb 2014 15:52:43 UTC +00:00]]
  [1m[35m (0.3ms)[0m  RELEASE SAVEPOINT active_record_1
  [1m[36m (0.3ms)[0m  [1mSAVEPOINT active_record_1[0m
  [1m[35mUser Exists (0.6ms)[0m  SELECT 1 AS one FROM "users" WHERE LOWER("users"."email") = LOWER('user_31@example.com') LIMIT 1
  [1m[36mSQL (0.7ms)[0m  [1mINSERT INTO "users" ("created_at", "email", "firstname", "lastname", "password_digest", "remember_token", "role_id", "updated_at") VALUES ($1, $2, $3, $4, $5, $6, $7, $8) RETURNING "id"[0m  [["created_at", Fri, 07 Feb 2014 15:52:43 UTC +00:00], ["email", "user_31@example.com"], ["firstname", "User 31"], ["lastname", "the 31 of his kind"], ["password_digest", "$2a$04$II1G4PBdfRd7A9DIIFI8peRBeKcxxHZlru5rvTVF3dLYg9I8FA8Hm"], ["remember_token", "092415de10479595ae5b9bfb73933d4877134649"], ["role_id", 169], ["updated_at", Fri, 07 Feb 2014 15:52:43 UTC +00:00]]
  [1m[35m (0.3ms)[0m  RELEASE SAVEPOINT active_record_1
  [1m[36m (0.2ms)[0m  [1mSAVEPOINT active_record_1[0m
  [1m[35mSQL (0.6ms)[0m  INSERT INTO "questions" ("created_at", "topic", "updated_at") VALUES ($1, $2, $3) RETURNING "id"  [["created_at", Fri, 07 Feb 2014 15:52:43 UTC +00:00], ["topic", "Test Topic"], ["updated_at", Fri, 07 Feb 2014 15:52:43 UTC +00:00]]
  [1m[36m (0.3ms)[0m  [1mRELEASE SAVEPOINT active_record_1[0m
  [1m[35m (0.2ms)[0m  SAVEPOINT active_record_1
  [1m[36mSQL (0.6ms)[0m  [1mINSERT INTO "companies" ("created_at", "name", "updated_at") VALUES ($1, $2, $3) RETURNING "id"[0m  [["created_at", Fri, 07 Feb 2014 15:52:43 UTC +00:00], ["name", "test"], ["updated_at", Fri, 07 Feb 2014 15:52:43 UTC +00:00]]
  [1m[35m (0.3ms)[0m  RELEASE SAVEPOINT active_record_1
  [1m[36m (0.2ms)[0m  [1mSAVEPOINT active_record_1[0m
  [1m[35mSQL (0.7ms)[0m  INSERT INTO "discussions" ("company_id", "created_at", "current_question_id", "due_date", "moderator_id", "topic", "updated_at") VALUES ($1, $2, $3, $4, $5, $6, $7) RETURNING "id"  [["company_id", 1479], ["created_at", Fri, 07 Feb 2014 15:52:43 UTC +00:00], ["current_question_id", 1848], ["due_date", Mon, 03 Feb 2020 00:00:00 UTC +00:00], ["moderator_id", 3075], ["topic", "Test Topic"], ["updated_at", Fri, 07 Feb 2014 15:52:43 UTC +00:00]]
  [1m[36m (0.3ms)[0m  [1mRELEASE SAVEPOINT active_record_1[0m
  [1m[35m (0.3ms)[0m  SAVEPOINT active_record_1
  [1m[36mSQL (0.6ms)[0m  [1mINSERT INTO "questions" ("created_at", "topic", "updated_at") VALUES ($1, $2, $3) RETURNING "id"[0m  [["created_at", Fri, 07 Feb 2014 15:52:43 UTC +00:00], ["topic", "Test Topic"], ["updated_at", Fri, 07 Feb 2014 15:52:43 UTC +00:00]]
  [1m[35m (0.3ms)[0m  RELEASE SAVEPOINT active_record_1
  [1m[36m (0.3ms)[0m  [1mSAVEPOINT active_record_1[0m
  [1m[35mUser Exists (0.7ms)[0m  SELECT 1 AS one FROM "users" WHERE LOWER("users"."email") = LOWER('user_32@example.com') LIMIT 1
  [1m[36mSQL (0.7ms)[0m  [1mINSERT INTO "users" ("created_at", "email", "firstname", "lastname", "password_digest", "remember_token", "role_id", "updated_at") VALUES ($1, $2, $3, $4, $5, $6, $7, $8) RETURNING "id"[0m  [["created_at", Fri, 07 Feb 2014 15:52:43 UTC +00:00], ["email", "user_32@example.com"], ["firstname", "User 32"], ["lastname", "the 32 of his kind"], ["password_digest", "$2a$04$sPi4y722Dr1gUIRi0P5PHe6Se2SFstjetVO4C7BKEBf9s4WKksB0m"], ["remember_token", "ef280a406b600a21765d050cb1bbebe5c72269cb"], ["role_id", 169], ["updated_at", Fri, 07 Feb 2014 15:52:43 UTC +00:00]]
  [1m[35m (0.3ms)[0m  RELEASE SAVEPOINT active_record_1
  [1m[36m (0.3ms)[0m  [1mSAVEPOINT active_record_1[0m
  [1m[35mSQL (0.6ms)[0m  INSERT INTO "questions" ("created_at", "topic", "updated_at") VALUES ($1, $2, $3) RETURNING "id"  [["created_at", Fri, 07 Feb 2014 15:52:43 UTC +00:00], ["topic", "Test Topic"], ["updated_at", Fri, 07 Feb 2014 15:52:43 UTC +00:00]]
  [1m[36m (0.3ms)[0m  [1mRELEASE SAVEPOINT active_record_1[0m
  [1m[35m (0.3ms)[0m  SAVEPOINT active_record_1
  [1m[36mSQL (0.6ms)[0m  [1mINSERT INTO "companies" ("created_at", "name", "updated_at") VALUES ($1, $2, $3) RETURNING "id"[0m  [["created_at", Fri, 07 Feb 2014 15:52:43 UTC +00:00], ["name", "test"], ["updated_at", Fri, 07 Feb 2014 15:52:43 UTC +00:00]]
  [1m[35m (0.3ms)[0m  RELEASE SAVEPOINT active_record_1
  [1m[36m (0.2ms)[0m  [1mSAVEPOINT active_record_1[0m
  [1m[35mSQL (0.7ms)[0m  INSERT INTO "discussions" ("company_id", "created_at", "current_question_id", "due_date", "moderator_id", "topic", "updated_at") VALUES ($1, $2, $3, $4, $5, $6, $7) RETURNING "id"  [["company_id", 1480], ["created_at", Fri, 07 Feb 2014 15:52:43 UTC +00:00], ["current_question_id", 1850], ["due_date", Mon, 03 Feb 2020 00:00:00 UTC +00:00], ["moderator_id", 3076], ["topic", "Test Topic"], ["updated_at", Fri, 07 Feb 2014 15:52:43 UTC +00:00]]
  [1m[36m (0.3ms)[0m  [1mRELEASE SAVEPOINT active_record_1[0m
  [1m[35m (0.2ms)[0m  SAVEPOINT active_record_1
  [1m[36mUser Exists (0.7ms)[0m  [1mSELECT 1 AS one FROM "users" WHERE LOWER("users"."email") = LOWER('user_33@example.com') LIMIT 1[0m
  [1m[35mSQL (0.7ms)[0m  INSERT INTO "users" ("created_at", "email", "firstname", "lastname", "password_digest", "remember_token", "role_id", "updated_at") VALUES ($1, $2, $3, $4, $5, $6, $7, $8) RETURNING "id"  [["created_at", Fri, 07 Feb 2014 15:52:43 UTC +00:00], ["email", "user_33@example.com"], ["firstname", "User 33"], ["lastname", "the 33 of his kind"], ["password_digest", "$2a$04$D7JCZyY42x.HG2ZT/9PC6e3wHA5gRvJioT3QH1VtjpUP2lf/C0pye"], ["remember_token", "3a540fa76c83596569d9a802b3e663c7a30de1dc"], ["role_id", 169], ["updated_at", Fri, 07 Feb 2014 15:52:43 UTC +00:00]]
  [1m[36m (0.3ms)[0m  [1mRELEASE SAVEPOINT active_record_1[0m
  [1m[35m (0.2ms)[0m  SAVEPOINT active_record_1
  [1m[36m (0.3ms)[0m  [1mROLLBACK TO SAVEPOINT active_record_1[0m
  [1m[35m (0.3ms)[0m  ROLLBACK
F  [1m[36m (0.3ms)[0m  [1mBEGIN[0m
  [1m[35m (0.3ms)[0m  SAVEPOINT active_record_1
  [1m[36mUser Exists (0.8ms)[0m  [1mSELECT 1 AS one FROM "users" WHERE LOWER("users"."email") = LOWER('user_34@example.com') LIMIT 1[0m
  [1m[35mSQL (0.8ms)[0m  INSERT INTO "users" ("created_at", "email", "firstname", "lastname", "password_digest", "remember_token", "role_id", "updated_at") VALUES ($1, $2, $3, $4, $5, $6, $7, $8) RETURNING "id"  [["created_at", Fri, 07 Feb 2014 15:52:43 UTC +00:00], ["email", "user_34@example.com"], ["firstname", "User 34"], ["lastname", "the 34 of his kind"], ["password_digest", "$2a$04$6H1A/zKUlqrVzkr2YF7vF.ZQRFc7QsJl/0DQstJZS99ikGTcB30Ye"], ["remember_token", "ef4f5ce48d15c21cb2d47ed84446326405f853d9"], ["role_id", 169], ["updated_at", Fri, 07 Feb 2014 15:52:43 UTC +00:00]]
  [1m[36m (0.3ms)[0m  [1mRELEASE SAVEPOINT active_record_1[0m
  [1m[35m (0.2ms)[0m  SAVEPOINT active_record_1
  [1m[36mSQL (1.1ms)[0m  [1mUPDATE "users" SET "remember_token" = $1, "updated_at" = $2 WHERE "users"."id" = 3078[0m  [["remember_token", "1521825d0d6ff76b44348b3acaaa2bc668fa4918"], ["updated_at", Fri, 07 Feb 2014 15:52:43 UTC +00:00]]
  [1m[35m (0.3ms)[0m  RELEASE SAVEPOINT active_record_1
  [1m[36m (0.3ms)[0m  [1mSAVEPOINT active_record_1[0m
  [1m[35mUser Exists (0.7ms)[0m  SELECT 1 AS one FROM "users" WHERE LOWER("users"."email") = LOWER('user_35@example.com') LIMIT 1
  [1m[36mSQL (0.8ms)[0m  [1mINSERT INTO "users" ("created_at", "email", "firstname", "lastname", "password_digest", "remember_token", "role_id", "updated_at") VALUES ($1, $2, $3, $4, $5, $6, $7, $8) RETURNING "id"[0m  [["created_at", Fri, 07 Feb 2014 15:52:43 UTC +00:00], ["email", "user_35@example.com"], ["firstname", "User 35"], ["lastname", "the 35 of his kind"], ["password_digest", "$2a$04$7VuOwtpheNqfmxHVnu2RGO.ZTS6hJB8LQNxfJkGI.RG3R0PbAcbb6"], ["remember_token", "5803798488ac7e48f4c71f5bd68d3da172d2bfb9"], ["role_id", 169], ["updated_at", Fri, 07 Feb 2014 15:52:43 UTC +00:00]]
  [1m[35m (0.3ms)[0m  RELEASE SAVEPOINT active_record_1
  [1m[36m (0.2ms)[0m  [1mSAVEPOINT active_record_1[0m
  [1m[35mSQL (0.6ms)[0m  INSERT INTO "questions" ("created_at", "topic", "updated_at") VALUES ($1, $2, $3) RETURNING "id"  [["created_at", Fri, 07 Feb 2014 15:52:43 UTC +00:00], ["topic", "Test Topic"], ["updated_at", Fri, 07 Feb 2014 15:52:43 UTC +00:00]]
  [1m[36m (0.3ms)[0m  [1mRELEASE SAVEPOINT active_record_1[0m
  [1m[35m (0.2ms)[0m  SAVEPOINT active_record_1
  [1m[36mSQL (0.6ms)[0m  [1mINSERT INTO "companies" ("created_at", "name", "updated_at") VALUES ($1, $2, $3) RETURNING "id"[0m  [["created_at", Fri, 07 Feb 2014 15:52:43 UTC +00:00], ["name", "test"], ["updated_at", Fri, 07 Feb 2014 15:52:43 UTC +00:00]]
  [1m[35m (0.3ms)[0m  RELEASE SAVEPOINT active_record_1
  [1m[36m (0.2ms)[0m  [1mSAVEPOINT active_record_1[0m
  [1m[35mSQL (0.7ms)[0m  INSERT INTO "discussions" ("company_id", "created_at", "current_question_id", "due_date", "moderator_id", "topic", "updated_at") VALUES ($1, $2, $3, $4, $5, $6, $7) RETURNING "id"  [["company_id", 1481], ["created_at", Fri, 07 Feb 2014 15:52:43 UTC +00:00], ["current_question_id", 1851], ["due_date", Mon, 03 Feb 2020 00:00:00 UTC +00:00], ["moderator_id", 3079], ["topic", "Test Topic"], ["updated_at", Fri, 07 Feb 2014 15:52:43 UTC +00:00]]
  [1m[36m (0.3ms)[0m  [1mRELEASE SAVEPOINT active_record_1[0m
  [1m[35m (0.2ms)[0m  SAVEPOINT active_record_1
  [1m[36mSQL (0.6ms)[0m  [1mINSERT INTO "questions" ("created_at", "topic", "updated_at") VALUES ($1, $2, $3) RETURNING "id"[0m  [["created_at", Fri, 07 Feb 2014 15:52:43 UTC +00:00], ["topic", "Test Topic"], ["updated_at", Fri, 07 Feb 2014 15:52:43 UTC +00:00]]
  [1m[35m (0.3ms)[0m  RELEASE SAVEPOINT active_record_1
  [1m[36m (0.3ms)[0m  [1mSAVEPOINT active_record_1[0m
  [1m[35mUser Exists (0.7ms)[0m  SELECT 1 AS one FROM "users" WHERE LOWER("users"."email") = LOWER('user_36@example.com') LIMIT 1
  [1m[36mSQL (0.7ms)[0m  [1mINSERT INTO "users" ("created_at", "email", "firstname", "lastname", "password_digest", "remember_token", "role_id", "updated_at") VALUES ($1, $2, $3, $4, $5, $6, $7, $8) RETURNING "id"[0m  [["created_at", Fri, 07 Feb 2014 15:52:43 UTC +00:00], ["email", "user_36@example.com"], ["firstname", "User 36"], ["lastname", "the 36 of his kind"], ["password_digest", "$2a$04$cuWYeCtG8bhO0sXL1n/G0eep3Co8gJVtVFxPmiXDsrYb8bTxlYQOO"], ["remember_token", "96db6481d29c9a25f3f68d9e2e6644a19175d7fc"], ["role_id", 169], ["updated_at", Fri, 07 Feb 2014 15:52:43 UTC +00:00]]
  [1m[35m (0.3ms)[0m  RELEASE SAVEPOINT active_record_1
  [1m[36m (0.2ms)[0m  [1mSAVEPOINT active_record_1[0m
  [1m[35mSQL (0.6ms)[0m  INSERT INTO "questions" ("created_at", "topic", "updated_at") VALUES ($1, $2, $3) RETURNING "id"  [["created_at", Fri, 07 Feb 2014 15:52:43 UTC +00:00], ["topic", "Test Topic"], ["updated_at", Fri, 07 Feb 2014 15:52:43 UTC +00:00]]
  [1m[36m (0.3ms)[0m  [1mRELEASE SAVEPOINT active_record_1[0m
  [1m[35m (0.3ms)[0m  SAVEPOINT active_record_1
  [1m[36mSQL (0.6ms)[0m  [1mINSERT INTO "companies" ("created_at", "name", "updated_at") VALUES ($1, $2, $3) RETURNING "id"[0m  [["created_at", Fri, 07 Feb 2014 15:52:43 UTC +00:00], ["name", "test"], ["updated_at", Fri, 07 Feb 2014 15:52:43 UTC +00:00]]
  [1m[35m (0.3ms)[0m  RELEASE SAVEPOINT active_record_1
  [1m[36m (0.2ms)[0m  [1mSAVEPOINT active_record_1[0m
  [1m[35mSQL (0.7ms)[0m  INSERT INTO "discussions" ("company_id", "created_at", "current_question_id", "due_date", "moderator_id", "topic", "updated_at") VALUES ($1, $2, $3, $4, $5, $6, $7) RETURNING "id"  [["company_id", 1482], ["created_at", Fri, 07 Feb 2014 15:52:43 UTC +00:00], ["current_question_id", 1853], ["due_date", Mon, 03 Feb 2020 00:00:00 UTC +00:00], ["moderator_id", 3080], ["topic", "Test Topic"], ["updated_at", Fri, 07 Feb 2014 15:52:43 UTC +00:00]]
  [1m[36m (0.3ms)[0m  [1mRELEASE SAVEPOINT active_record_1[0m
  [1m[35m (0.3ms)[0m  SAVEPOINT active_record_1
  [1m[36mUser Exists (0.7ms)[0m  [1mSELECT 1 AS one FROM "users" WHERE LOWER("users"."email") = LOWER('user_37@example.com') LIMIT 1[0m
  [1m[35mSQL (0.8ms)[0m  INSERT INTO "users" ("created_at", "email", "firstname", "lastname", "password_digest", "remember_token", "role_id", "updated_at") VALUES ($1, $2, $3, $4, $5, $6, $7, $8) RETURNING "id"  [["created_at", Fri, 07 Feb 2014 15:52:43 UTC +00:00], ["email", "user_37@example.com"], ["firstname", "User 37"], ["lastname", "the 37 of his kind"], ["password_digest", "$2a$04$4j1gG5Oz0fnNF3.n0bl7/O5MAjQN2Mh8Jei0Og7/Uf6W1E4SwqtDS"], ["remember_token", "0e453499865c9108f712347ed7607f1374d0c0fb"], ["role_id", 169], ["updated_at", Fri, 07 Feb 2014 15:52:43 UTC +00:00]]
  [1m[36m (0.3ms)[0m  [1mRELEASE SAVEPOINT active_record_1[0m
  [1m[35m (0.2ms)[0m  SAVEPOINT active_record_1
  [1m[36m (0.3ms)[0m  [1mROLLBACK TO SAVEPOINT active_record_1[0m
  [1m[35m (0.3ms)[0m  ROLLBACK
F  [1m[36m (0.2ms)[0m  [1mBEGIN[0m
  [1m[35m (0.3ms)[0m  SAVEPOINT active_record_1
  [1m[36mUser Exists (0.7ms)[0m  [1mSELECT 1 AS one FROM "users" WHERE LOWER("users"."email") = LOWER('user_38@example.com') LIMIT 1[0m
  [1m[35mSQL (0.8ms)[0m  INSERT INTO "users" ("created_at", "email", "firstname", "lastname", "password_digest", "remember_token", "role_id", "updated_at") VALUES ($1, $2, $3, $4, $5, $6, $7, $8) RETURNING "id"  [["created_at", Fri, 07 Feb 2014 15:52:43 UTC +00:00], ["email", "user_38@example.com"], ["firstname", "User 38"], ["lastname", "the 38 of his kind"], ["password_digest", "$2a$04$E7mU5Qx8PHqJrUraeMX2ouIzNXaccrCBgaNnSTGYZm6qLSkIyi7K2"], ["remember_token", "50fddfa440035123d99cf289236665efee18ca77"], ["role_id", 169], ["updated_at", Fri, 07 Feb 2014 15:52:43 UTC +00:00]]
  [1m[36m (0.3ms)[0m  [1mRELEASE SAVEPOINT active_record_1[0m
  [1m[35m (0.2ms)[0m  SAVEPOINT active_record_1
  [1m[36mSQL (1.1ms)[0m  [1mUPDATE "users" SET "remember_token" = $1, "updated_at" = $2 WHERE "users"."id" = 3082[0m  [["remember_token", "02b31ad2e11327a93bd9e44e3931ce2d7e8e2c25"], ["updated_at", Fri, 07 Feb 2014 15:52:43 UTC +00:00]]
  [1m[35m (0.3ms)[0m  RELEASE SAVEPOINT active_record_1
  [1m[36m (0.3ms)[0m  [1mSAVEPOINT active_record_1[0m
  [1m[35mUser Exists (0.7ms)[0m  SELECT 1 AS one FROM "users" WHERE LOWER("users"."email") = LOWER('user_39@example.com') LIMIT 1
  [1m[36mSQL (0.7ms)[0m  [1mINSERT INTO "users" ("created_at", "email", "firstname", "lastname", "password_digest", "remember_token", "role_id", "updated_at") VALUES ($1, $2, $3, $4, $5, $6, $7, $8) RETURNING "id"[0m  [["created_at", Fri, 07 Feb 2014 15:52:43 UTC +00:00], ["email", "user_39@example.com"], ["firstname", "User 39"], ["lastname", "the 39 of his kind"], ["password_digest", "$2a$04$P7pjj7jB1anl/A6CGTtj.eKr2vf8Tq4WmIRbsFd79vzPHN0IMl0Vi"], ["remember_token", "3b4a163d767cf602b78d245b2e6f0c11ef6bb716"], ["role_id", 169], ["updated_at", Fri, 07 Feb 2014 15:52:43 UTC +00:00]]
  [1m[35m (0.3ms)[0m  RELEASE SAVEPOINT active_record_1
  [1m[36m (0.2ms)[0m  [1mSAVEPOINT active_record_1[0m
  [1m[35mSQL (0.6ms)[0m  INSERT INTO "questions" ("created_at", "topic", "updated_at") VALUES ($1, $2, $3) RETURNING "id"  [["created_at", Fri, 07 Feb 2014 15:52:43 UTC +00:00], ["topic", "Test Topic"], ["updated_at", Fri, 07 Feb 2014 15:52:43 UTC +00:00]]
  [1m[36m (0.3ms)[0m  [1mRELEASE SAVEPOINT active_record_1[0m
  [1m[35m (0.2ms)[0m  SAVEPOINT active_record_1
  [1m[36mSQL (0.6ms)[0m  [1mINSERT INTO "companies" ("created_at", "name", "updated_at") VALUES ($1, $2, $3) RETURNING "id"[0m  [["created_at", Fri, 07 Feb 2014 15:52:43 UTC +00:00], ["name", "test"], ["updated_at", Fri, 07 Feb 2014 15:52:43 UTC +00:00]]
  [1m[35m (0.3ms)[0m  RELEASE SAVEPOINT active_record_1
  [1m[36m (0.2ms)[0m  [1mSAVEPOINT active_record_1[0m
  [1m[35mSQL (0.7ms)[0m  INSERT INTO "discussions" ("company_id", "created_at", "current_question_id", "due_date", "moderator_id", "topic", "updated_at") VALUES ($1, $2, $3, $4, $5, $6, $7) RETURNING "id"  [["company_id", 1483], ["created_at", Fri, 07 Feb 2014 15:52:43 UTC +00:00], ["current_question_id", 1854], ["due_date", Mon, 03 Feb 2020 00:00:00 UTC +00:00], ["moderator_id", 3083], ["topic", "Test Topic"], ["updated_at", Fri, 07 Feb 2014 15:52:43 UTC +00:00]]
  [1m[36m (0.3ms)[0m  [1mRELEASE SAVEPOINT active_record_1[0m
  [1m[35m (0.2ms)[0m  SAVEPOINT active_record_1
  [1m[36mSQL (0.6ms)[0m  [1mINSERT INTO "questions" ("created_at", "topic", "updated_at") VALUES ($1, $2, $3) RETURNING "id"[0m  [["created_at", Fri, 07 Feb 2014 15:52:43 UTC +00:00], ["topic", "Test Topic"], ["updated_at", Fri, 07 Feb 2014 15:52:43 UTC +00:00]]
  [1m[35m (0.3ms)[0m  RELEASE SAVEPOINT active_record_1
  [1m[36m (0.2ms)[0m  [1mSAVEPOINT active_record_1[0m
  [1m[35mUser Exists (47.9ms)[0m  SELECT 1 AS one FROM "users" WHERE LOWER("users"."email") = LOWER('user_40@example.com') LIMIT 1
  [1m[36mSQL (0.9ms)[0m  [1mINSERT INTO "users" ("created_at", "email", "firstname", "lastname", "password_digest", "remember_token", "role_id", "updated_at") VALUES ($1, $2, $3, $4, $5, $6, $7, $8) RETURNING "id"[0m  [["created_at", Fri, 07 Feb 2014 15:52:43 UTC +00:00], ["email", "user_40@example.com"], ["firstname", "User 40"], ["lastname", "the 40 of his kind"], ["password_digest", "$2a$04$r1KK1xzVaRsOMjTEPS2/ueyRUdgZKwEXDzJcCEv4zA9fkVC6JkdBS"], ["remember_token", "d2e1ebfcb69e5762cc838c1f8c044453382139b8"], ["role_id", 169], ["updated_at", Fri, 07 Feb 2014 15:52:43 UTC +00:00]]
  [1m[35m (0.3ms)[0m  RELEASE SAVEPOINT active_record_1
  [1m[36m (0.2ms)[0m  [1mSAVEPOINT active_record_1[0m
  [1m[35mSQL (0.6ms)[0m  INSERT INTO "questions" ("created_at", "topic", "updated_at") VALUES ($1, $2, $3) RETURNING "id"  [["created_at", Fri, 07 Feb 2014 15:52:43 UTC +00:00], ["topic", "Test Topic"], ["updated_at", Fri, 07 Feb 2014 15:52:43 UTC +00:00]]
  [1m[36m (0.2ms)[0m  [1mRELEASE SAVEPOINT active_record_1[0m
  [1m[35m (0.5ms)[0m  SAVEPOINT active_record_1
  [1m[36mSQL (1.2ms)[0m  [1mINSERT INTO "companies" ("created_at", "name", "updated_at") VALUES ($1, $2, $3) RETURNING "id"[0m  [["created_at", Fri, 07 Feb 2014 15:52:43 UTC +00:00], ["name", "test"], ["updated_at", Fri, 07 Feb 2014 15:52:43 UTC +00:00]]
  [1m[35m (0.4ms)[0m  RELEASE SAVEPOINT active_record_1
  [1m[36m (0.3ms)[0m  [1mSAVEPOINT active_record_1[0m
  [1m[35mSQL (0.3ms)[0m  INSERT INTO "discussions" ("company_id", "created_at", "current_question_id", "due_date", "moderator_id", "topic", "updated_at") VALUES ($1, $2, $3, $4, $5, $6, $7) RETURNING "id"  [["company_id", 1484], ["created_at", Fri, 07 Feb 2014 15:52:43 UTC +00:00], ["current_question_id", 1856], ["due_date", Mon, 03 Feb 2020 00:00:00 UTC +00:00], ["moderator_id", 3084], ["topic", "Test Topic"], ["updated_at", Fri, 07 Feb 2014 15:52:43 UTC +00:00]]
  [1m[36m (0.1ms)[0m  [1mRELEASE SAVEPOINT active_record_1[0m
  [1m[35m (0.1ms)[0m  SAVEPOINT active_record_1
  [1m[36mUser Exists (0.4ms)[0m  [1mSELECT 1 AS one FROM "users" WHERE LOWER("users"."email") = LOWER('user_41@example.com') LIMIT 1[0m
  [1m[35mSQL (0.5ms)[0m  INSERT INTO "users" ("created_at", "email", "firstname", "lastname", "password_digest", "remember_token", "role_id", "updated_at") VALUES ($1, $2, $3, $4, $5, $6, $7, $8) RETURNING "id"  [["created_at", Fri, 07 Feb 2014 15:52:43 UTC +00:00], ["email", "user_41@example.com"], ["firstname", "User 41"], ["lastname", "the 41 of his kind"], ["password_digest", "$2a$04$140JPFfIsYBcC6.wBBDE7.54p5I/eXvB2sdfJ/ObD2OH2u4HFP/2S"], ["remember_token", "c299a90a393dc17080498ac3b80b3a380492adac"], ["role_id", 169], ["updated_at", Fri, 07 Feb 2014 15:52:43 UTC +00:00]]
  [1m[36m (0.2ms)[0m  [1mRELEASE SAVEPOINT active_record_1[0m
  [1m[35m (0.1ms)[0m  SAVEPOINT active_record_1
  [1m[36m (0.2ms)[0m  [1mROLLBACK TO SAVEPOINT active_record_1[0m
  [1m[35m (0.2ms)[0m  ROLLBACK
F  [1m[36m (0.1ms)[0m  [1mBEGIN[0m
  [1m[35m (0.2ms)[0m  SAVEPOINT active_record_1
  [1m[36mUser Exists (0.3ms)[0m  [1mSELECT 1 AS one FROM "users" WHERE LOWER("users"."email") = LOWER('user_42@example.com') LIMIT 1[0m
  [1m[35mSQL (0.3ms)[0m  INSERT INTO "users" ("created_at", "email", "firstname", "lastname", "password_digest", "remember_token", "role_id", "updated_at") VALUES ($1, $2, $3, $4, $5, $6, $7, $8) RETURNING "id"  [["created_at", Fri, 07 Feb 2014 15:52:43 UTC +00:00], ["email", "user_42@example.com"], ["firstname", "User 42"], ["lastname", "the 42 of his kind"], ["password_digest", "$2a$04$HDVUvMp/79s2nKSxljVzq.PPowz9m0hEIdZBtCljGhhcaP6/3Cnhm"], ["remember_token", "f5557429f79e23e6175ae8e3cb057e4b481f8c21"], ["role_id", 169], ["updated_at", Fri, 07 Feb 2014 15:52:43 UTC +00:00]]
  [1m[36m (0.1ms)[0m  [1mRELEASE SAVEPOINT active_record_1[0m
  [1m[35m (0.1ms)[0m  SAVEPOINT active_record_1
  [1m[36mSQL (0.3ms)[0m  [1mUPDATE "users" SET "remember_token" = $1, "updated_at" = $2 WHERE "users"."id" = 3086[0m  [["remember_token", "6216a25891cc1eb823b6bc2613e2736d8486689d"], ["updated_at", Fri, 07 Feb 2014 15:52:43 UTC +00:00]]
  [1m[35m (0.1ms)[0m  RELEASE SAVEPOINT active_record_1
  [1m[36m (0.1ms)[0m  [1mSAVEPOINT active_record_1[0m
  [1m[35mUser Exists (0.2ms)[0m  SELECT 1 AS one FROM "users" WHERE LOWER("users"."email") = LOWER('user_43@example.com') LIMIT 1
  [1m[36mSQL (0.3ms)[0m  [1mINSERT INTO "users" ("created_at", "email", "firstname", "lastname", "password_digest", "remember_token", "role_id", "updated_at") VALUES ($1, $2, $3, $4, $5, $6, $7, $8) RETURNING "id"[0m  [["created_at", Fri, 07 Feb 2014 15:52:43 UTC +00:00], ["email", "user_43@example.com"], ["firstname", "User 43"], ["lastname", "the 43 of his kind"], ["password_digest", "$2a$04$qE0Z3MuWK4JQQhcoSAVgi.wPUShp4cJRCR8tbExVL9G8YgshvNe0G"], ["remember_token", "1d6587823372a10c4d0a38f78a98e619dd1c565a"], ["role_id", 169], ["updated_at", Fri, 07 Feb 2014 15:52:43 UTC +00:00]]
  [1m[35m (0.1ms)[0m  RELEASE SAVEPOINT active_record_1
  [1m[36m (0.1ms)[0m  [1mSAVEPOINT active_record_1[0m
  [1m[35mSQL (0.3ms)[0m  INSERT INTO "questions" ("created_at", "topic", "updated_at") VALUES ($1, $2, $3) RETURNING "id"  [["created_at", Fri, 07 Feb 2014 15:52:43 UTC +00:00], ["topic", "Test Topic"], ["updated_at", Fri, 07 Feb 2014 15:52:43 UTC +00:00]]
  [1m[36m (0.1ms)[0m  [1mRELEASE SAVEPOINT active_record_1[0m
  [1m[35m (0.1ms)[0m  SAVEPOINT active_record_1
  [1m[36mSQL (0.3ms)[0m  [1mINSERT INTO "companies" ("created_at", "name", "updated_at") VALUES ($1, $2, $3) RETURNING "id"[0m  [["created_at", Fri, 07 Feb 2014 15:52:43 UTC +00:00], ["name", "test"], ["updated_at", Fri, 07 Feb 2014 15:52:43 UTC +00:00]]
  [1m[35m (0.1ms)[0m  RELEASE SAVEPOINT active_record_1
  [1m[36m (0.1ms)[0m  [1mSAVEPOINT active_record_1[0m
  [1m[35mSQL (0.8ms)[0m  INSERT INTO "discussions" ("company_id", "created_at", "current_question_id", "due_date", "moderator_id", "topic", "updated_at") VALUES ($1, $2, $3, $4, $5, $6, $7) RETURNING "id"  [["company_id", 1485], ["created_at", Fri, 07 Feb 2014 15:52:43 UTC +00:00], ["current_question_id", 1857], ["due_date", Mon, 03 Feb 2020 00:00:00 UTC +00:00], ["moderator_id", 3087], ["topic", "Test Topic"], ["updated_at", Fri, 07 Feb 2014 15:52:43 UTC +00:00]]
  [1m[36m (0.1ms)[0m  [1mRELEASE SAVEPOINT active_record_1[0m
  [1m[35m (0.3ms)[0m  SAVEPOINT active_record_1
  [1m[36mSQL (0.6ms)[0m  [1mINSERT INTO "questions" ("created_at", "topic", "updated_at") VALUES ($1, $2, $3) RETURNING "id"[0m  [["created_at", Fri, 07 Feb 2014 15:52:43 UTC +00:00], ["topic", "Test Topic"], ["updated_at", Fri, 07 Feb 2014 15:52:43 UTC +00:00]]
  [1m[35m (0.3ms)[0m  RELEASE SAVEPOINT active_record_1
  [1m[36m (0.1ms)[0m  [1mSAVEPOINT active_record_1[0m
  [1m[35mUser Exists (0.3ms)[0m  SELECT 1 AS one FROM "users" WHERE LOWER("users"."email") = LOWER('user_44@example.com') LIMIT 1
  [1m[36mSQL (0.4ms)[0m  [1mINSERT INTO "users" ("created_at", "email", "firstname", "lastname", "password_digest", "remember_token", "role_id", "updated_at") VALUES ($1, $2, $3, $4, $5, $6, $7, $8) RETURNING "id"[0m  [["created_at", Fri, 07 Feb 2014 15:52:43 UTC +00:00], ["email", "user_44@example.com"], ["firstname", "User 44"], ["lastname", "the 44 of his kind"], ["password_digest", "$2a$04$jzupDdmbMxHt4DxCYnUO0eR9Kr3Owp8ibQK3LZxQLyjyF.dgAdp8G"], ["remember_token", "e100e035dfc081e1ee5ae618df964be2ab6cf9ed"], ["role_id", 169], ["updated_at", Fri, 07 Feb 2014 15:52:43 UTC +00:00]]
  [1m[35m (0.1ms)[0m  RELEASE SAVEPOINT active_record_1
  [1m[36m (0.1ms)[0m  [1mSAVEPOINT active_record_1[0m
  [1m[35mSQL (0.3ms)[0m  INSERT INTO "questions" ("created_at", "topic", "updated_at") VALUES ($1, $2, $3) RETURNING "id"  [["created_at", Fri, 07 Feb 2014 15:52:43 UTC +00:00], ["topic", "Test Topic"], ["updated_at", Fri, 07 Feb 2014 15:52:43 UTC +00:00]]
  [1m[36m (0.1ms)[0m  [1mRELEASE SAVEPOINT active_record_1[0m
  [1m[35m (0.1ms)[0m  SAVEPOINT active_record_1
  [1m[36mSQL (0.2ms)[0m  [1mINSERT INTO "companies" ("created_at", "name", "updated_at") VALUES ($1, $2, $3) RETURNING "id"[0m  [["created_at", Fri, 07 Feb 2014 15:52:43 UTC +00:00], ["name", "test"], ["updated_at", Fri, 07 Feb 2014 15:52:43 UTC +00:00]]
  [1m[35m (0.1ms)[0m  RELEASE SAVEPOINT active_record_1
  [1m[36m (0.1ms)[0m  [1mSAVEPOINT active_record_1[0m
  [1m[35mSQL (0.2ms)[0m  INSERT INTO "discussions" ("company_id", "created_at", "current_question_id", "due_date", "moderator_id", "topic", "updated_at") VALUES ($1, $2, $3, $4, $5, $6, $7) RETURNING "id"  [["company_id", 1486], ["created_at", Fri, 07 Feb 2014 15:52:43 UTC +00:00], ["current_question_id", 1859], ["due_date", Mon, 03 Feb 2020 00:00:00 UTC +00:00], ["moderator_id", 3088], ["topic", "Test Topic"], ["updated_at", Fri, 07 Feb 2014 15:52:43 UTC +00:00]]
  [1m[36m (0.1ms)[0m  [1mRELEASE SAVEPOINT active_record_1[0m
  [1m[35m (0.1ms)[0m  SAVEPOINT active_record_1
  [1m[36mUser Exists (0.2ms)[0m  [1mSELECT 1 AS one FROM "users" WHERE LOWER("users"."email") = LOWER('user_45@example.com') LIMIT 1[0m
  [1m[35mSQL (0.3ms)[0m  INSERT INTO "users" ("created_at", "email", "firstname", "lastname", "password_digest", "remember_token", "role_id", "updated_at") VALUES ($1, $2, $3, $4, $5, $6, $7, $8) RETURNING "id"  [["created_at", Fri, 07 Feb 2014 15:52:43 UTC +00:00], ["email", "user_45@example.com"], ["firstname", "User 45"], ["lastname", "the 45 of his kind"], ["password_digest", "$2a$04$OG9ztKNo/Gfja86su9ajMev1/LHWZ6lVEO3.QtIZtOfSo/lopmZpq"], ["remember_token", "16d6c99843fe9cb2866c3dec8007c6780edc367c"], ["role_id", 169], ["updated_at", Fri, 07 Feb 2014 15:52:43 UTC +00:00]]
  [1m[36m (0.1ms)[0m  [1mRELEASE SAVEPOINT active_record_1[0m
  [1m[35m (0.1ms)[0m  SAVEPOINT active_record_1
  [1m[36m (0.1ms)[0m  [1mROLLBACK TO SAVEPOINT active_record_1[0m
  [1m[35m (0.1ms)[0m  ROLLBACK
F  [1m[36m (0.1ms)[0m  [1mBEGIN[0m
  [1m[35m (0.1ms)[0m  SAVEPOINT active_record_1
  [1m[36mUser Exists (0.3ms)[0m  [1mSELECT 1 AS one FROM "users" WHERE LOWER("users"."email") = LOWER('user_46@example.com') LIMIT 1[0m
  [1m[35mSQL (0.3ms)[0m  INSERT INTO "users" ("created_at", "email", "firstname", "lastname", "password_digest", "remember_token", "role_id", "updated_at") VALUES ($1, $2, $3, $4, $5, $6, $7, $8) RETURNING "id"  [["created_at", Fri, 07 Feb 2014 15:52:43 UTC +00:00], ["email", "user_46@example.com"], ["firstname", "User 46"], ["lastname", "the 46 of his kind"], ["password_digest", "$2a$04$TtyVOjNI8VxVVdWLCXxBUuloS2Iepmix3DXvO157dZk1y9mdvo92."], ["remember_token", "07db3f3d8f6b4cac38601d13f8488b06814813ef"], ["role_id", 169], ["updated_at", Fri, 07 Feb 2014 15:52:43 UTC +00:00]]
  [1m[36m (0.1ms)[0m  [1mRELEASE SAVEPOINT active_record_1[0m
  [1m[35m (0.1ms)[0m  SAVEPOINT active_record_1
  [1m[36mSQL (0.4ms)[0m  [1mUPDATE "users" SET "remember_token" = $1, "updated_at" = $2 WHERE "users"."id" = 3090[0m  [["remember_token", "a414bce76de3a166ad09c8e866b7a96712d8c81d"], ["updated_at", Fri, 07 Feb 2014 15:52:43 UTC +00:00]]
  [1m[35m (0.1ms)[0m  RELEASE SAVEPOINT active_record_1
  [1m[36m (0.1ms)[0m  [1mSAVEPOINT active_record_1[0m
  [1m[35mUser Exists (0.2ms)[0m  SELECT 1 AS one FROM "users" WHERE LOWER("users"."email") = LOWER('user_47@example.com') LIMIT 1
  [1m[36mSQL (0.3ms)[0m  [1mINSERT INTO "users" ("created_at", "email", "firstname", "lastname", "password_digest", "remember_token", "role_id", "updated_at") VALUES ($1, $2, $3, $4, $5, $6, $7, $8) RETURNING "id"[0m  [["created_at", Fri, 07 Feb 2014 15:52:43 UTC +00:00], ["email", "user_47@example.com"], ["firstname", "User 47"], ["lastname", "the 47 of his kind"], ["password_digest", "$2a$04$B6/nE2GkkgyfephzCzBYFeeBWDAV0NzeEypJRSunWum4wK/1vsXxu"], ["remember_token", "a3817a3e181e2058894034b4419c48720229f0b9"], ["role_id", 169], ["updated_at", Fri, 07 Feb 2014 15:52:43 UTC +00:00]]
  [1m[35m (0.1ms)[0m  RELEASE SAVEPOINT active_record_1
  [1m[36m (0.1ms)[0m  [1mSAVEPOINT active_record_1[0m
  [1m[35mSQL (0.2ms)[0m  INSERT INTO "questions" ("created_at", "topic", "updated_at") VALUES ($1, $2, $3) RETURNING "id"  [["created_at", Fri, 07 Feb 2014 15:52:43 UTC +00:00], ["topic", "Test Topic"], ["updated_at", Fri, 07 Feb 2014 15:52:43 UTC +00:00]]
  [1m[36m (0.1ms)[0m  [1mRELEASE SAVEPOINT active_record_1[0m
  [1m[35m (0.1ms)[0m  SAVEPOINT active_record_1
  [1m[36mSQL (0.2ms)[0m  [1mINSERT INTO "companies" ("created_at", "name", "updated_at") VALUES ($1, $2, $3) RETURNING "id"[0m  [["created_at", Fri, 07 Feb 2014 15:52:43 UTC +00:00], ["name", "test"], ["updated_at", Fri, 07 Feb 2014 15:52:43 UTC +00:00]]
  [1m[35m (0.1ms)[0m  RELEASE SAVEPOINT active_record_1
  [1m[36m (0.1ms)[0m  [1mSAVEPOINT active_record_1[0m
  [1m[35mSQL (0.2ms)[0m  INSERT INTO "discussions" ("company_id", "created_at", "current_question_id", "due_date", "moderator_id", "topic", "updated_at") VALUES ($1, $2, $3, $4, $5, $6, $7) RETURNING "id"  [["company_id", 1487], ["created_at", Fri, 07 Feb 2014 15:52:43 UTC +00:00], ["current_question_id", 1860], ["due_date", Mon, 03 Feb 2020 00:00:00 UTC +00:00], ["moderator_id", 3091], ["topic", "Test Topic"], ["updated_at", Fri, 07 Feb 2014 15:52:43 UTC +00:00]]
  [1m[36m (0.1ms)[0m  [1mRELEASE SAVEPOINT active_record_1[0m
  [1m[35m (0.1ms)[0m  SAVEPOINT active_record_1
  [1m[36mSQL (0.2ms)[0m  [1mINSERT INTO "questions" ("created_at", "topic", "updated_at") VALUES ($1, $2, $3) RETURNING "id"[0m  [["created_at", Fri, 07 Feb 2014 15:52:43 UTC +00:00], ["topic", "Test Topic"], ["updated_at", Fri, 07 Feb 2014 15:52:43 UTC +00:00]]
  [1m[35m (0.1ms)[0m  RELEASE SAVEPOINT active_record_1
  [1m[36m (0.1ms)[0m  [1mSAVEPOINT active_record_1[0m
  [1m[35mUser Exists (0.2ms)[0m  SELECT 1 AS one FROM "users" WHERE LOWER("users"."email") = LOWER('user_48@example.com') LIMIT 1
  [1m[36mSQL (0.2ms)[0m  [1mINSERT INTO "users" ("created_at", "email", "firstname", "lastname", "password_digest", "remember_token", "role_id", "updated_at") VALUES ($1, $2, $3, $4, $5, $6, $7, $8) RETURNING "id"[0m  [["created_at", Fri, 07 Feb 2014 15:52:43 UTC +00:00], ["email", "user_48@example.com"], ["firstname", "User 48"], ["lastname", "the 48 of his kind"], ["password_digest", "$2a$04$9h7FvKBSI9gI.KWqcr/iLeAuzfwDv87Z9cOwsa4s516eQCMKcqRie"], ["remember_token", "c981cb8ebe6736938d2ade2437313bb2416ed93d"], ["role_id", 169], ["updated_at", Fri, 07 Feb 2014 15:52:43 UTC +00:00]]
  [1m[35m (0.1ms)[0m  RELEASE SAVEPOINT active_record_1
  [1m[36m (0.1ms)[0m  [1mSAVEPOINT active_record_1[0m
  [1m[35mSQL (0.3ms)[0m  INSERT INTO "questions" ("created_at", "topic", "updated_at") VALUES ($1, $2, $3) RETURNING "id"  [["created_at", Fri, 07 Feb 2014 15:52:43 UTC +00:00], ["topic", "Test Topic"], ["updated_at", Fri, 07 Feb 2014 15:52:43 UTC +00:00]]
  [1m[36m (0.1ms)[0m  [1mRELEASE SAVEPOINT active_record_1[0m
  [1m[35m (0.1ms)[0m  SAVEPOINT active_record_1
  [1m[36mSQL (0.5ms)[0m  [1mINSERT INTO "companies" ("created_at", "name", "updated_at") VALUES ($1, $2, $3) RETURNING "id"[0m  [["created_at", Fri, 07 Feb 2014 15:52:43 UTC +00:00], ["name", "test"], ["updated_at", Fri, 07 Feb 2014 15:52:43 UTC +00:00]]
  [1m[35m (0.2ms)[0m  RELEASE SAVEPOINT active_record_1
  [1m[36m (0.2ms)[0m  [1mSAVEPOINT active_record_1[0m
  [1m[35mSQL (0.5ms)[0m  INSERT INTO "discussions" ("company_id", "created_at", "current_question_id", "due_date", "moderator_id", "topic", "updated_at") VALUES ($1, $2, $3, $4, $5, $6, $7) RETURNING "id"  [["company_id", 1488], ["created_at", Fri, 07 Feb 2014 15:52:43 UTC +00:00], ["current_question_id", 1862], ["due_date", Mon, 03 Feb 2020 00:00:00 UTC +00:00], ["moderator_id", 3092], ["topic", "Test Topic"], ["updated_at", Fri, 07 Feb 2014 15:52:43 UTC +00:00]]
  [1m[36m (0.2ms)[0m  [1mRELEASE SAVEPOINT active_record_1[0m
  [1m[35m (0.2ms)[0m  SAVEPOINT active_record_1
  [1m[36mUser Exists (0.6ms)[0m  [1mSELECT 1 AS one FROM "users" WHERE LOWER("users"."email") = LOWER('user_49@example.com') LIMIT 1[0m
  [1m[35mSQL (0.6ms)[0m  INSERT INTO "users" ("created_at", "email", "firstname", "lastname", "password_digest", "remember_token", "role_id", "updated_at") VALUES ($1, $2, $3, $4, $5, $6, $7, $8) RETURNING "id"  [["created_at", Fri, 07 Feb 2014 15:52:43 UTC +00:00], ["email", "user_49@example.com"], ["firstname", "User 49"], ["lastname", "the 49 of his kind"], ["password_digest", "$2a$04$0oPf1/jqaWZiGwreQ/4Q.O94CeQ44CUx4jZPIO2GZU1PooTIesscW"], ["remember_token", "6755629fe5a90e3688a1db8ab2fd04b5569fa75d"], ["role_id", 169], ["updated_at", Fri, 07 Feb 2014 15:52:43 UTC +00:00]]
  [1m[36m (0.2ms)[0m  [1mRELEASE SAVEPOINT active_record_1[0m
  [1m[35m (0.2ms)[0m  SAVEPOINT active_record_1
  [1m[36m (0.2ms)[0m  [1mROLLBACK TO SAVEPOINT active_record_1[0m
  [1m[35m (0.2ms)[0m  ROLLBACK
F  [1m[36m (0.1ms)[0m  [1mBEGIN[0m
  [1m[35m (0.2ms)[0m  SAVEPOINT active_record_1
  [1m[36mUser Exists (0.7ms)[0m  [1mSELECT 1 AS one FROM "users" WHERE LOWER("users"."email") = LOWER('user_50@example.com') LIMIT 1[0m
  [1m[35mSQL (0.7ms)[0m  INSERT INTO "users" ("created_at", "email", "firstname", "lastname", "password_digest", "remember_token", "role_id", "updated_at") VALUES ($1, $2, $3, $4, $5, $6, $7, $8) RETURNING "id"  [["created_at", Fri, 07 Feb 2014 15:52:43 UTC +00:00], ["email", "user_50@example.com"], ["firstname", "User 50"], ["lastname", "the 50 of his kind"], ["password_digest", "$2a$04$AAZphNQtspM.9YU2q97oVOJr53Jwq82rpEckE7ctz01CwfJBYIWp2"], ["remember_token", "28a3927b2a600e4bc4b775d816a46acf7a7741f5"], ["role_id", 169], ["updated_at", Fri, 07 Feb 2014 15:52:43 UTC +00:00]]
  [1m[36m (0.2ms)[0m  [1mRELEASE SAVEPOINT active_record_1[0m
  [1m[35m (0.2ms)[0m  SAVEPOINT active_record_1
  [1m[36mSQL (1.0ms)[0m  [1mUPDATE "users" SET "remember_token" = $1, "updated_at" = $2 WHERE "users"."id" = 3094[0m  [["remember_token", "f2e933aa78ae692de42d6165178d20f026ff28b8"], ["updated_at", Fri, 07 Feb 2014 15:52:43 UTC +00:00]]
  [1m[35m (0.2ms)[0m  RELEASE SAVEPOINT active_record_1
  [1m[36m (0.2ms)[0m  [1mSAVEPOINT active_record_1[0m
  [1m[35mUser Exists (0.5ms)[0m  SELECT 1 AS one FROM "users" WHERE LOWER("users"."email") = LOWER('user_51@example.com') LIMIT 1
  [1m[36mSQL (0.7ms)[0m  [1mINSERT INTO "users" ("created_at", "email", "firstname", "lastname", "password_digest", "remember_token", "role_id", "updated_at") VALUES ($1, $2, $3, $4, $5, $6, $7, $8) RETURNING "id"[0m  [["created_at", Fri, 07 Feb 2014 15:52:43 UTC +00:00], ["email", "user_51@example.com"], ["firstname", "User 51"], ["lastname", "the 51 of his kind"], ["password_digest", "$2a$04$h2kbre1nPyZu0lGnvPC3lu8JVOwMy.XJhEY8R17tTVBUlWUukUotG"], ["remember_token", "4115f44330fa0d21dbc722f3d00d69b40a1ec4e4"], ["role_id", 169], ["updated_at", Fri, 07 Feb 2014 15:52:43 UTC +00:00]]
  [1m[35m (0.3ms)[0m  RELEASE SAVEPOINT active_record_1
  [1m[36m (0.2ms)[0m  [1mSAVEPOINT active_record_1[0m
  [1m[35mSQL (0.5ms)[0m  INSERT INTO "questions" ("created_at", "topic", "updated_at") VALUES ($1, $2, $3) RETURNING "id"  [["created_at", Fri, 07 Feb 2014 15:52:43 UTC +00:00], ["topic", "Test Topic"], ["updated_at", Fri, 07 Feb 2014 15:52:43 UTC +00:00]]
  [1m[36m (0.3ms)[0m  [1mRELEASE SAVEPOINT active_record_1[0m
  [1m[35m (0.2ms)[0m  SAVEPOINT active_record_1
  [1m[36mSQL (0.5ms)[0m  [1mINSERT INTO "companies" ("created_at", "name", "updated_at") VALUES ($1, $2, $3) RETURNING "id"[0m  [["created_at", Fri, 07 Feb 2014 15:52:43 UTC +00:00], ["name", "test"], ["updated_at", Fri, 07 Feb 2014 15:52:43 UTC +00:00]]
  [1m[35m (0.2ms)[0m  RELEASE SAVEPOINT active_record_1
  [1m[36m (0.2ms)[0m  [1mSAVEPOINT active_record_1[0m
  [1m[35mSQL (0.5ms)[0m  INSERT INTO "discussions" ("company_id", "created_at", "current_question_id", "due_date", "moderator_id", "topic", "updated_at") VALUES ($1, $2, $3, $4, $5, $6, $7) RETURNING "id"  [["company_id", 1489], ["created_at", Fri, 07 Feb 2014 15:52:43 UTC +00:00], ["current_question_id", 1863], ["due_date", Mon, 03 Feb 2020 00:00:00 UTC +00:00], ["moderator_id", 3095], ["topic", "Test Topic"], ["updated_at", Fri, 07 Feb 2014 15:52:43 UTC +00:00]]
  [1m[36m (0.2ms)[0m  [1mRELEASE SAVEPOINT active_record_1[0m
  [1m[35m (0.2ms)[0m  SAVEPOINT active_record_1
  [1m[36mSQL (0.5ms)[0m  [1mINSERT INTO "questions" ("created_at", "topic", "updated_at") VALUES ($1, $2, $3) RETURNING "id"[0m  [["created_at", Fri, 07 Feb 2014 15:52:43 UTC +00:00], ["topic", "Test Topic"], ["updated_at", Fri, 07 Feb 2014 15:52:43 UTC +00:00]]
  [1m[35m (0.2ms)[0m  RELEASE SAVEPOINT active_record_1
  [1m[36m (0.2ms)[0m  [1mSAVEPOINT active_record_1[0m
  [1m[35mUser Exists (0.6ms)[0m  SELECT 1 AS one FROM "users" WHERE LOWER("users"."email") = LOWER('user_52@example.com') LIMIT 1
  [1m[36mSQL (0.6ms)[0m  [1mINSERT INTO "users" ("created_at", "email", "firstname", "lastname", "password_digest", "remember_token", "role_id", "updated_at") VALUES ($1, $2, $3, $4, $5, $6, $7, $8) RETURNING "id"[0m  [["created_at", Fri, 07 Feb 2014 15:52:43 UTC +00:00], ["email", "user_52@example.com"], ["firstname", "User 52"], ["lastname", "the 52 of his kind"], ["password_digest", "$2a$04$vYC3PF3pB/w2vEOyLb7Ag.DfvZO/uBHgeNMQ7XwBtaJQEDUBlOhqS"], ["remember_token", "12b2b50e4d4b180b38463bc43bb7dfc4567a8e2a"], ["role_id", 169], ["updated_at", Fri, 07 Feb 2014 15:52:43 UTC +00:00]]
  [1m[35m (0.3ms)[0m  RELEASE SAVEPOINT active_record_1
  [1m[36m (0.2ms)[0m  [1mSAVEPOINT active_record_1[0m
  [1m[35mSQL (0.5ms)[0m  INSERT INTO "questions" ("created_at", "topic", "updated_at") VALUES ($1, $2, $3) RETURNING "id"  [["created_at", Fri, 07 Feb 2014 15:52:43 UTC +00:00], ["topic", "Test Topic"], ["updated_at", Fri, 07 Feb 2014 15:52:43 UTC +00:00]]
  [1m[36m (0.3ms)[0m  [1mRELEASE SAVEPOINT active_record_1[0m
  [1m[35m (0.2ms)[0m  SAVEPOINT active_record_1
  [1m[36mSQL (0.5ms)[0m  [1mINSERT INTO "companies" ("created_at", "name", "updated_at") VALUES ($1, $2, $3) RETURNING "id"[0m  [["created_at", Fri, 07 Feb 2014 15:52:43 UTC +00:00], ["name", "test"], ["updated_at", Fri, 07 Feb 2014 15:52:43 UTC +00:00]]
  [1m[35m (0.2ms)[0m  RELEASE SAVEPOINT active_record_1
  [1m[36m (0.2ms)[0m  [1mSAVEPOINT active_record_1[0m
  [1m[35mSQL (0.6ms)[0m  INSERT INTO "discussions" ("company_id", "created_at", "current_question_id", "due_date", "moderator_id", "topic", "updated_at") VALUES ($1, $2, $3, $4, $5, $6, $7) RETURNING "id"  [["company_id", 1490], ["created_at", Fri, 07 Feb 2014 15:52:43 UTC +00:00], ["current_question_id", 1865], ["due_date", Mon, 03 Feb 2020 00:00:00 UTC +00:00], ["moderator_id", 3096], ["topic", "Test Topic"], ["updated_at", Fri, 07 Feb 2014 15:52:43 UTC +00:00]]
  [1m[36m (0.2ms)[0m  [1mRELEASE SAVEPOINT active_record_1[0m
  [1m[35m (0.2ms)[0m  SAVEPOINT active_record_1
  [1m[36mUser Exists (0.6ms)[0m  [1mSELECT 1 AS one FROM "users" WHERE LOWER("users"."email") = LOWER('user_53@example.com') LIMIT 1[0m
  [1m[35mSQL (0.7ms)[0m  INSERT INTO "users" ("created_at", "email", "firstname", "lastname", "password_digest", "remember_token", "role_id", "updated_at") VALUES ($1, $2, $3, $4, $5, $6, $7, $8) RETURNING "id"  [["created_at", Fri, 07 Feb 2014 15:52:43 UTC +00:00], ["email", "user_53@example.com"], ["firstname", "User 53"], ["lastname", "the 53 of his kind"], ["password_digest", "$2a$04$BGP/Kepxi8HUdRGT25asrujKkI5XLzRueEeoWMFbav6LL/961YzK2"], ["remember_token", "4e12f620f7bff9db28b2eae766bc9489967f8a2e"], ["role_id", 169], ["updated_at", Fri, 07 Feb 2014 15:52:43 UTC +00:00]]
  [1m[36m (0.3ms)[0m  [1mRELEASE SAVEPOINT active_record_1[0m
  [1m[35m (0.2ms)[0m  SAVEPOINT active_record_1
  [1m[36m (0.3ms)[0m  [1mROLLBACK TO SAVEPOINT active_record_1[0m
  [1m[35m (0.3ms)[0m  ROLLBACK
F  [1m[36m (0.2ms)[0m  [1mBEGIN[0m
  [1m[35m (0.3ms)[0m  SAVEPOINT active_record_1
  [1m[36mUser Exists (0.7ms)[0m  [1mSELECT 1 AS one FROM "users" WHERE LOWER("users"."email") = LOWER('user_54@example.com') LIMIT 1[0m
  [1m[35mSQL (0.8ms)[0m  INSERT INTO "users" ("created_at", "email", "firstname", "lastname", "password_digest", "remember_token", "role_id", "updated_at") VALUES ($1, $2, $3, $4, $5, $6, $7, $8) RETURNING "id"  [["created_at", Fri, 07 Feb 2014 15:52:43 UTC +00:00], ["email", "user_54@example.com"], ["firstname", "User 54"], ["lastname", "the 54 of his kind"], ["password_digest", "$2a$04$DJBYvoT2Eag6pyYkXVavL.mM8aMZJ8OPYppNSGskLlMv0R31yWsfS"], ["remember_token", "180179ed4e1de47c68907053adfa480c007851a1"], ["role_id", 169], ["updated_at", Fri, 07 Feb 2014 15:52:43 UTC +00:00]]
  [1m[36m (0.3ms)[0m  [1mRELEASE SAVEPOINT active_record_1[0m
  [1m[35m (0.2ms)[0m  SAVEPOINT active_record_1
  [1m[36mSQL (1.1ms)[0m  [1mUPDATE "users" SET "remember_token" = $1, "updated_at" = $2 WHERE "users"."id" = 3098[0m  [["remember_token", "45f6086c898c69e0f6e426aaaf8ed41d9121f450"], ["updated_at", Fri, 07 Feb 2014 15:52:43 UTC +00:00]]
  [1m[35m (0.3ms)[0m  RELEASE SAVEPOINT active_record_1
  [1m[36m (0.2ms)[0m  [1mSAVEPOINT active_record_1[0m
  [1m[35mUser Exists (0.6ms)[0m  SELECT 1 AS one FROM "users" WHERE LOWER("users"."email") = LOWER('user_55@example.com') LIMIT 1
  [1m[36mSQL (0.7ms)[0m  [1mINSERT INTO "users" ("created_at", "email", "firstname", "lastname", "password_digest", "remember_token", "role_id", "updated_at") VALUES ($1, $2, $3, $4, $5, $6, $7, $8) RETURNING "id"[0m  [["created_at", Fri, 07 Feb 2014 15:52:43 UTC +00:00], ["email", "user_55@example.com"], ["firstname", "User 55"], ["lastname", "the 55 of his kind"], ["password_digest", "$2a$04$cUD38MnTtZ388bWWaJ1eyuS6jp9FoPT4Dlqh3GB23KjCLJQ7pKe5u"], ["remember_token", "d19aec9f050d52f0a64a4cb7e24e8c0f27baa092"], ["role_id", 169], ["updated_at", Fri, 07 Feb 2014 15:52:43 UTC +00:00]]
  [1m[35m (0.3ms)[0m  RELEASE SAVEPOINT active_record_1
  [1m[36m (0.2ms)[0m  [1mSAVEPOINT active_record_1[0m
  [1m[35mSQL (0.5ms)[0m  INSERT INTO "questions" ("created_at", "topic", "updated_at") VALUES ($1, $2, $3) RETURNING "id"  [["created_at", Fri, 07 Feb 2014 15:52:43 UTC +00:00], ["topic", "Test Topic"], ["updated_at", Fri, 07 Feb 2014 15:52:43 UTC +00:00]]
  [1m[36m (0.3ms)[0m  [1mRELEASE SAVEPOINT active_record_1[0m
  [1m[35m (0.2ms)[0m  SAVEPOINT active_record_1
  [1m[36mSQL (0.6ms)[0m  [1mINSERT INTO "companies" ("created_at", "name", "updated_at") VALUES ($1, $2, $3) RETURNING "id"[0m  [["created_at", Fri, 07 Feb 2014 15:52:43 UTC +00:00], ["name", "test"], ["updated_at", Fri, 07 Feb 2014 15:52:43 UTC +00:00]]
  [1m[35m (0.3ms)[0m  RELEASE SAVEPOINT active_record_1
  [1m[36m (0.2ms)[0m  [1mSAVEPOINT active_record_1[0m
  [1m[35mSQL (0.7ms)[0m  INSERT INTO "discussions" ("company_id", "created_at", "current_question_id", "due_date", "moderator_id", "topic", "updated_at") VALUES ($1, $2, $3, $4, $5, $6, $7) RETURNING "id"  [["company_id", 1491], ["created_at", Fri, 07 Feb 2014 15:52:43 UTC +00:00], ["current_question_id", 1866], ["due_date", Mon, 03 Feb 2020 00:00:00 UTC +00:00], ["moderator_id", 3099], ["topic", "Test Topic"], ["updated_at", Fri, 07 Feb 2014 15:52:43 UTC +00:00]]
  [1m[36m (0.3ms)[0m  [1mRELEASE SAVEPOINT active_record_1[0m
  [1m[35m (0.3ms)[0m  SAVEPOINT active_record_1
  [1m[36mSQL (0.6ms)[0m  [1mINSERT INTO "questions" ("created_at", "topic", "updated_at") VALUES ($1, $2, $3) RETURNING "id"[0m  [["created_at", Fri, 07 Feb 2014 15:52:43 UTC +00:00], ["topic", "Test Topic"], ["updated_at", Fri, 07 Feb 2014 15:52:43 UTC +00:00]]
  [1m[35m (0.3ms)[0m  RELEASE SAVEPOINT active_record_1
  [1m[36m (0.3ms)[0m  [1mSAVEPOINT active_record_1[0m
  [1m[35mUser Exists (0.7ms)[0m  SELECT 1 AS one FROM "users" WHERE LOWER("users"."email") = LOWER('user_56@example.com') LIMIT 1
  [1m[36mSQL (0.7ms)[0m  [1mINSERT INTO "users" ("created_at", "email", "firstname", "lastname", "password_digest", "remember_token", "role_id", "updated_at") VALUES ($1, $2, $3, $4, $5, $6, $7, $8) RETURNING "id"[0m  [["created_at", Fri, 07 Feb 2014 15:52:43 UTC +00:00], ["email", "user_56@example.com"], ["firstname", "User 56"], ["lastname", "the 56 of his kind"], ["password_digest", "$2a$04$RJMKSvE2GYIlMsGuC5A8PeQxYnNk7ESR2oT4BjSyYOLUFUo/JIDEO"], ["remember_token", "067774a80ff2f5e0bb2bb452367d89cfa9b2f959"], ["role_id", 169], ["updated_at", Fri, 07 Feb 2014 15:52:43 UTC +00:00]]
  [1m[35m (0.3ms)[0m  RELEASE SAVEPOINT active_record_1
  [1m[36m (0.3ms)[0m  [1mSAVEPOINT active_record_1[0m
  [1m[35mSQL (0.6ms)[0m  INSERT INTO "questions" ("created_at", "topic", "updated_at") VALUES ($1, $2, $3) RETURNING "id"  [["created_at", Fri, 07 Feb 2014 15:52:43 UTC +00:00], ["topic", "Test Topic"], ["updated_at", Fri, 07 Feb 2014 15:52:43 UTC +00:00]]
  [1m[36m (0.3ms)[0m  [1mRELEASE SAVEPOINT active_record_1[0m
  [1m[35m (0.2ms)[0m  SAVEPOINT active_record_1
  [1m[36mSQL (0.6ms)[0m  [1mINSERT INTO "companies" ("created_at", "name", "updated_at") VALUES ($1, $2, $3) RETURNING "id"[0m  [["created_at", Fri, 07 Feb 2014 15:52:43 UTC +00:00], ["name", "test"], ["updated_at", Fri, 07 Feb 2014 15:52:43 UTC +00:00]]
  [1m[35m (0.3ms)[0m  RELEASE SAVEPOINT active_record_1
  [1m[36m (0.2ms)[0m  [1mSAVEPOINT active_record_1[0m
  [1m[35mSQL (0.6ms)[0m  INSERT INTO "discussions" ("company_id", "created_at", "current_question_id", "due_date", "moderator_id", "topic", "updated_at") VALUES ($1, $2, $3, $4, $5, $6, $7) RETURNING "id"  [["company_id", 1492], ["created_at", Fri, 07 Feb 2014 15:52:43 UTC +00:00], ["current_question_id", 1868], ["due_date", Mon, 03 Feb 2020 00:00:00 UTC +00:00], ["moderator_id", 3100], ["topic", "Test Topic"], ["updated_at", Fri, 07 Feb 2014 15:52:43 UTC +00:00]]
  [1m[36m (0.3ms)[0m  [1mRELEASE SAVEPOINT active_record_1[0m
  [1m[35m (0.3ms)[0m  SAVEPOINT active_record_1
  [1m[36mUser Exists (0.7ms)[0m  [1mSELECT 1 AS one FROM "users" WHERE LOWER("users"."email") = LOWER('user_57@example.com') LIMIT 1[0m
  [1m[35mSQL (0.8ms)[0m  INSERT INTO "users" ("created_at", "email", "firstname", "lastname", "password_digest", "remember_token", "role_id", "updated_at") VALUES ($1, $2, $3, $4, $5, $6, $7, $8) RETURNING "id"  [["created_at", Fri, 07 Feb 2014 15:52:43 UTC +00:00], ["email", "user_57@example.com"], ["firstname", "User 57"], ["lastname", "the 57 of his kind"], ["password_digest", "$2a$04$hSiRTYjUhTmeUplcyBcTEeUxNMp.YyfZPpkvTQuDAK7593hc1K50e"], ["remember_token", "48dbd34b9f2386d4cc0a3466fce821cd1cd54996"], ["role_id", 169], ["updated_at", Fri, 07 Feb 2014 15:52:43 UTC +00:00]]
  [1m[36m (0.3ms)[0m  [1mRELEASE SAVEPOINT active_record_1[0m
  [1m[35m (0.2ms)[0m  SAVEPOINT active_record_1
  [1m[36m (0.3ms)[0m  [1mROLLBACK TO SAVEPOINT active_record_1[0m
  [1m[35m (0.4ms)[0m  ROLLBACK
F  [1m[36m (0.3ms)[0m  [1mBEGIN[0m
  [1m[35m (0.3ms)[0m  SAVEPOINT active_record_1
  [1m[36mUser Exists (0.7ms)[0m  [1mSELECT 1 AS one FROM "users" WHERE LOWER("users"."email") = LOWER('user_58@example.com') LIMIT 1[0m
  [1m[35mSQL (0.9ms)[0m  INSERT INTO "users" ("created_at", "email", "firstname", "lastname", "password_digest", "remember_token", "role_id", "updated_at") VALUES ($1, $2, $3, $4, $5, $6, $7, $8) RETURNING "id"  [["created_at", Fri, 07 Feb 2014 15:52:43 UTC +00:00], ["email", "user_58@example.com"], ["firstname", "User 58"], ["lastname", "the 58 of his kind"], ["password_digest", "$2a$04$EGpnpuLsoivVtoww.dbkTuQ1LW5rEhphNFpEC2BTXJkPimugrFuLm"], ["remember_token", "49145fb63d38f53cfa96396dcc4fdfbb3d4b25bf"], ["role_id", 169], ["updated_at", Fri, 07 Feb 2014 15:52:43 UTC +00:00]]
  [1m[36m (0.3ms)[0m  [1mRELEASE SAVEPOINT active_record_1[0m
  [1m[35m (0.3ms)[0m  SAVEPOINT active_record_1
  [1m[36mSQL (1.1ms)[0m  [1mUPDATE "users" SET "remember_token" = $1, "updated_at" = $2 WHERE "users"."id" = 3102[0m  [["remember_token", "1d06e6810515423292037729ba4bacd451e8cf43"], ["updated_at", Fri, 07 Feb 2014 15:52:43 UTC +00:00]]
  [1m[35m (0.3ms)[0m  RELEASE SAVEPOINT active_record_1
  [1m[36m (0.3ms)[0m  [1mSAVEPOINT active_record_1[0m
  [1m[35mUser Exists (0.6ms)[0m  SELECT 1 AS one FROM "users" WHERE LOWER("users"."email") = LOWER('user_59@example.com') LIMIT 1
  [1m[36mSQL (0.8ms)[0m  [1mINSERT INTO "users" ("created_at", "email", "firstname", "lastname", "password_digest", "remember_token", "role_id", "updated_at") VALUES ($1, $2, $3, $4, $5, $6, $7, $8) RETURNING "id"[0m  [["created_at", Fri, 07 Feb 2014 15:52:43 UTC +00:00], ["email", "user_59@example.com"], ["firstname", "User 59"], ["lastname", "the 59 of his kind"], ["password_digest", "$2a$04$w0WhgnRm06scZbGrG03sweZ/.q3rZQCrYaiPCCLBIDf1kq3jHlHx."], ["remember_token", "5462341f116cbd9cdb84d99000279c434c946cd6"], ["role_id", 169], ["updated_at", Fri, 07 Feb 2014 15:52:43 UTC +00:00]]
  [1m[35m (0.3ms)[0m  RELEASE SAVEPOINT active_record_1
  [1m[36m (0.2ms)[0m  [1mSAVEPOINT active_record_1[0m
  [1m[35mSQL (0.6ms)[0m  INSERT INTO "questions" ("created_at", "topic", "updated_at") VALUES ($1, $2, $3) RETURNING "id"  [["created_at", Fri, 07 Feb 2014 15:52:43 UTC +00:00], ["topic", "Test Topic"], ["updated_at", Fri, 07 Feb 2014 15:52:43 UTC +00:00]]
  [1m[36m (0.3ms)[0m  [1mRELEASE SAVEPOINT active_record_1[0m
  [1m[35m (0.2ms)[0m  SAVEPOINT active_record_1
  [1m[36mSQL (0.6ms)[0m  [1mINSERT INTO "companies" ("created_at", "name", "updated_at") VALUES ($1, $2, $3) RETURNING "id"[0m  [["created_at", Fri, 07 Feb 2014 15:52:43 UTC +00:00], ["name", "test"], ["updated_at", Fri, 07 Feb 2014 15:52:43 UTC +00:00]]
  [1m[35m (0.3ms)[0m  RELEASE SAVEPOINT active_record_1
  [1m[36m (0.2ms)[0m  [1mSAVEPOINT active_record_1[0m
  [1m[35mSQL (0.7ms)[0m  INSERT INTO "discussions" ("company_id", "created_at", "current_question_id", "due_date", "moderator_id", "topic", "updated_at") VALUES ($1, $2, $3, $4, $5, $6, $7) RETURNING "id"  [["company_id", 1493], ["created_at", Fri, 07 Feb 2014 15:52:43 UTC +00:00], ["current_question_id", 1869], ["due_date", Mon, 03 Feb 2020 00:00:00 UTC +00:00], ["moderator_id", 3103], ["topic", "Test Topic"], ["updated_at", Fri, 07 Feb 2014 15:52:43 UTC +00:00]]
  [1m[36m (0.3ms)[0m  [1mRELEASE SAVEPOINT active_record_1[0m
  [1m[35m (0.2ms)[0m  SAVEPOINT active_record_1
  [1m[36mSQL (0.6ms)[0m  [1mINSERT INTO "questions" ("created_at", "topic", "updated_at") VALUES ($1, $2, $3) RETURNING "id"[0m  [["created_at", Fri, 07 Feb 2014 15:52:43 UTC +00:00], ["topic", "Test Topic"], ["updated_at", Fri, 07 Feb 2014 15:52:43 UTC +00:00]]
  [1m[35m (0.3ms)[0m  RELEASE SAVEPOINT active_record_1
  [1m[36m (0.3ms)[0m  [1mSAVEPOINT active_record_1[0m
  [1m[35mUser Exists (0.7ms)[0m  SELECT 1 AS one FROM "users" WHERE LOWER("users"."email") = LOWER('user_60@example.com') LIMIT 1
  [1m[36mSQL (0.7ms)[0m  [1mINSERT INTO "users" ("created_at", "email", "firstname", "lastname", "password_digest", "remember_token", "role_id", "updated_at") VALUES ($1, $2, $3, $4, $5, $6, $7, $8) RETURNING "id"[0m  [["created_at", Fri, 07 Feb 2014 15:52:43 UTC +00:00], ["email", "user_60@example.com"], ["firstname", "User 60"], ["lastname", "the 60 of his kind"], ["password_digest", "$2a$04$gW9FubffCaukk9ZvLNVituqzdyFcsENTv2Z.uHyRRNs5XLAsy8nCK"], ["remember_token", "c6b858668076801e7ecab0268bb5f40b302ae032"], ["role_id", 169], ["updated_at", Fri, 07 Feb 2014 15:52:43 UTC +00:00]]
  [1m[35m (0.3ms)[0m  RELEASE SAVEPOINT active_record_1
  [1m[36m (0.2ms)[0m  [1mSAVEPOINT active_record_1[0m
  [1m[35mSQL (0.6ms)[0m  INSERT INTO "questions" ("created_at", "topic", "updated_at") VALUES ($1, $2, $3) RETURNING "id"  [["created_at", Fri, 07 Feb 2014 15:52:43 UTC +00:00], ["topic", "Test Topic"], ["updated_at", Fri, 07 Feb 2014 15:52:43 UTC +00:00]]
  [1m[36m (0.3ms)[0m  [1mRELEASE SAVEPOINT active_record_1[0m
  [1m[35m (0.2ms)[0m  SAVEPOINT active_record_1
  [1m[36mSQL (0.6ms)[0m  [1mINSERT INTO "companies" ("created_at", "name", "updated_at") VALUES ($1, $2, $3) RETURNING "id"[0m  [["created_at", Fri, 07 Feb 2014 15:52:43 UTC +00:00], ["name", "test"], ["updated_at", Fri, 07 Feb 2014 15:52:43 UTC +00:00]]
  [1m[35m (0.3ms)[0m  RELEASE SAVEPOINT active_record_1
  [1m[36m (0.2ms)[0m  [1mSAVEPOINT active_record_1[0m
  [1m[35mSQL (0.6ms)[0m  INSERT INTO "discussions" ("company_id", "created_at", "current_question_id", "due_date", "moderator_id", "topic", "updated_at") VALUES ($1, $2, $3, $4, $5, $6, $7) RETURNING "id"  [["company_id", 1494], ["created_at", Fri, 07 Feb 2014 15:52:43 UTC +00:00], ["current_question_id", 1871], ["due_date", Mon, 03 Feb 2020 00:00:00 UTC +00:00], ["moderator_id", 3104], ["topic", "Test Topic"], ["updated_at", Fri, 07 Feb 2014 15:52:43 UTC +00:00]]
  [1m[36m (0.3ms)[0m  [1mRELEASE SAVEPOINT active_record_1[0m
  [1m[35m (0.2ms)[0m  SAVEPOINT active_record_1
  [1m[36mUser Exists (0.7ms)[0m  [1mSELECT 1 AS one FROM "users" WHERE LOWER("users"."email") = LOWER('user_61@example.com') LIMIT 1[0m
  [1m[35mSQL (0.7ms)[0m  INSERT INTO "users" ("created_at", "email", "firstname", "lastname", "password_digest", "remember_token", "role_id", "updated_at") VALUES ($1, $2, $3, $4, $5, $6, $7, $8) RETURNING "id"  [["created_at", Fri, 07 Feb 2014 15:52:43 UTC +00:00], ["email", "user_61@example.com"], ["firstname", "User 61"], ["lastname", "the 61 of his kind"], ["password_digest", "$2a$04$LpD4lDjEIObcn8AtZZUJQOwLSWOi7YONiPYLXRGOvrGAlUEwWTc2i"], ["remember_token", "6d75644ad6d305c8da80ea3b24818bc38c57d0d3"], ["role_id", 169], ["updated_at", Fri, 07 Feb 2014 15:52:43 UTC +00:00]]
  [1m[36m (0.3ms)[0m  [1mRELEASE SAVEPOINT active_record_1[0m
  [1m[35m (0.2ms)[0m  SAVEPOINT active_record_1
  [1m[36m (0.3ms)[0m  [1mROLLBACK TO SAVEPOINT active_record_1[0m
  [1m[35m (0.3ms)[0m  ROLLBACK
F  [1m[36m (0.2ms)[0m  [1mBEGIN[0m
  [1m[35m (0.3ms)[0m  SAVEPOINT active_record_1
  [1m[36mUser Exists (0.8ms)[0m  [1mSELECT 1 AS one FROM "users" WHERE LOWER("users"."email") = LOWER('user_62@example.com') LIMIT 1[0m
  [1m[35mSQL (0.8ms)[0m  INSERT INTO "users" ("created_at", "email", "firstname", "lastname", "password_digest", "remember_token", "role_id", "updated_at") VALUES ($1, $2, $3, $4, $5, $6, $7, $8) RETURNING "id"  [["created_at", Fri, 07 Feb 2014 15:52:43 UTC +00:00], ["email", "user_62@example.com"], ["firstname", "User 62"], ["lastname", "the 62 of his kind"], ["password_digest", "$2a$04$AdPyEv4uUqMhPxITvEhtkuDDBKZrvtmg0QGm4bR4hOQ0hL.Mndnru"], ["remember_token", "1ede492428c0abb581d18c5e4cc4f88367b5a799"], ["role_id", 169], ["updated_at", Fri, 07 Feb 2014 15:52:43 UTC +00:00]]
  [1m[36m (0.3ms)[0m  [1mRELEASE SAVEPOINT active_record_1[0m
  [1m[35m (0.3ms)[0m  SAVEPOINT active_record_1
  [1m[36mSQL (1.1ms)[0m  [1mUPDATE "users" SET "remember_token" = $1, "updated_at" = $2 WHERE "users"."id" = 3106[0m  [["remember_token", "579ee142ab698dbbdff04d2741b4da8370237545"], ["updated_at", Fri, 07 Feb 2014 15:52:44 UTC +00:00]]
  [1m[35m (0.3ms)[0m  RELEASE SAVEPOINT active_record_1
  [1m[36m (0.3ms)[0m  [1mSAVEPOINT active_record_1[0m
  [1m[35mUser Exists (0.6ms)[0m  SELECT 1 AS one FROM "users" WHERE LOWER("users"."email") = LOWER('user_63@example.com') LIMIT 1
  [1m[36mSQL (0.7ms)[0m  [1mINSERT INTO "users" ("created_at", "email", "firstname", "lastname", "password_digest", "remember_token", "role_id", "updated_at") VALUES ($1, $2, $3, $4, $5, $6, $7, $8) RETURNING "id"[0m  [["created_at", Fri, 07 Feb 2014 15:52:44 UTC +00:00], ["email", "user_63@example.com"], ["firstname", "User 63"], ["lastname", "the 63 of his kind"], ["password_digest", "$2a$04$3ervUVVDH4Cw1EeSQkrtYOzzAUsROYAYwlSr/BkDEBByDqPdngFDW"], ["remember_token", "c4878b2cc06aa7cf02e05c9d3f17c604d409cdf9"], ["role_id", 169], ["updated_at", Fri, 07 Feb 2014 15:52:44 UTC +00:00]]
  [1m[35m (0.3ms)[0m  RELEASE SAVEPOINT active_record_1
  [1m[36m (0.2ms)[0m  [1mSAVEPOINT active_record_1[0m
  [1m[35mSQL (0.6ms)[0m  INSERT INTO "questions" ("created_at", "topic", "updated_at") VALUES ($1, $2, $3) RETURNING "id"  [["created_at", Fri, 07 Feb 2014 15:52:44 UTC +00:00], ["topic", "Test Topic"], ["updated_at", Fri, 07 Feb 2014 15:52:44 UTC +00:00]]
  [1m[36m (0.3ms)[0m  [1mRELEASE SAVEPOINT active_record_1[0m
  [1m[35m (0.2ms)[0m  SAVEPOINT active_record_1
  [1m[36mSQL (0.6ms)[0m  [1mINSERT INTO "companies" ("created_at", "name", "updated_at") VALUES ($1, $2, $3) RETURNING "id"[0m  [["created_at", Fri, 07 Feb 2014 15:52:44 UTC +00:00], ["name", "test"], ["updated_at", Fri, 07 Feb 2014 15:52:44 UTC +00:00]]
  [1m[35m (0.3ms)[0m  RELEASE SAVEPOINT active_record_1
  [1m[36m (0.2ms)[0m  [1mSAVEPOINT active_record_1[0m
  [1m[35mSQL (0.7ms)[0m  INSERT INTO "discussions" ("company_id", "created_at", "current_question_id", "due_date", "moderator_id", "topic", "updated_at") VALUES ($1, $2, $3, $4, $5, $6, $7) RETURNING "id"  [["company_id", 1495], ["created_at", Fri, 07 Feb 2014 15:52:44 UTC +00:00], ["current_question_id", 1872], ["due_date", Mon, 03 Feb 2020 00:00:00 UTC +00:00], ["moderator_id", 3107], ["topic", "Test Topic"], ["updated_at", Fri, 07 Feb 2014 15:52:44 UTC +00:00]]
  [1m[36m (0.3ms)[0m  [1mRELEASE SAVEPOINT active_record_1[0m
  [1m[35m (0.2ms)[0m  SAVEPOINT active_record_1
  [1m[36mSQL (0.6ms)[0m  [1mINSERT INTO "questions" ("created_at", "topic", "updated_at") VALUES ($1, $2, $3) RETURNING "id"[0m  [["created_at", Fri, 07 Feb 2014 15:52:44 UTC +00:00], ["topic", "Test Topic"], ["updated_at", Fri, 07 Feb 2014 15:52:44 UTC +00:00]]
  [1m[35m (0.3ms)[0m  RELEASE SAVEPOINT active_record_1
  [1m[36m (0.3ms)[0m  [1mSAVEPOINT active_record_1[0m
  [1m[35mUser Exists (0.7ms)[0m  SELECT 1 AS one FROM "users" WHERE LOWER("users"."email") = LOWER('user_64@example.com') LIMIT 1
  [1m[36mSQL (0.8ms)[0m  [1mINSERT INTO "users" ("created_at", "email", "firstname", "lastname", "password_digest", "remember_token", "role_id", "updated_at") VALUES ($1, $2, $3, $4, $5, $6, $7, $8) RETURNING "id"[0m  [["created_at", Fri, 07 Feb 2014 15:52:44 UTC +00:00], ["email", "user_64@example.com"], ["firstname", "User 64"], ["lastname", "the 64 of his kind"], ["password_digest", "$2a$04$DYKDGY6fvdhmbRTfyMFL3uI/kRsxjYEwGbc/LUmmHYeWb1ut/LRSe"], ["remember_token", "c8f71b8831b360f86c29319604e30bcb4da4caae"], ["role_id", 169], ["updated_at", Fri, 07 Feb 2014 15:52:44 UTC +00:00]]
  [1m[35m (0.3ms)[0m  RELEASE SAVEPOINT active_record_1
  [1m[36m (0.2ms)[0m  [1mSAVEPOINT active_record_1[0m
  [1m[35mSQL (0.6ms)[0m  INSERT INTO "questions" ("created_at", "topic", "updated_at") VALUES ($1, $2, $3) RETURNING "id"  [["created_at", Fri, 07 Feb 2014 15:52:44 UTC +00:00], ["topic", "Test Topic"], ["updated_at", Fri, 07 Feb 2014 15:52:44 UTC +00:00]]
  [1m[36m (0.3ms)[0m  [1mRELEASE SAVEPOINT active_record_1[0m
  [1m[35m (0.2ms)[0m  SAVEPOINT active_record_1
  [1m[36mSQL (0.6ms)[0m  [1mINSERT INTO "companies" ("created_at", "name", "updated_at") VALUES ($1, $2, $3) RETURNING "id"[0m  [["created_at", Fri, 07 Feb 2014 15:52:44 UTC +00:00], ["name", "test"], ["updated_at", Fri, 07 Feb 2014 15:52:44 UTC +00:00]]
  [1m[35m (0.3ms)[0m  RELEASE SAVEPOINT active_record_1
  [1m[36m (0.2ms)[0m  [1mSAVEPOINT active_record_1[0m
  [1m[35mSQL (0.6ms)[0m  INSERT INTO "discussions" ("company_id", "created_at", "current_question_id", "due_date", "moderator_id", "topic", "updated_at") VALUES ($1, $2, $3, $4, $5, $6, $7) RETURNING "id"  [["company_id", 1496], ["created_at", Fri, 07 Feb 2014 15:52:44 UTC +00:00], ["current_question_id", 1874], ["due_date", Mon, 03 Feb 2020 00:00:00 UTC +00:00], ["moderator_id", 3108], ["topic", "Test Topic"], ["updated_at", Fri, 07 Feb 2014 15:52:44 UTC +00:00]]
  [1m[36m (0.3ms)[0m  [1mRELEASE SAVEPOINT active_record_1[0m
  [1m[35m (0.3ms)[0m  SAVEPOINT active_record_1
  [1m[36mUser Exists (0.7ms)[0m  [1mSELECT 1 AS one FROM "users" WHERE LOWER("users"."email") = LOWER('user_65@example.com') LIMIT 1[0m
  [1m[35mSQL (0.7ms)[0m  INSERT INTO "users" ("created_at", "email", "firstname", "lastname", "password_digest", "remember_token", "role_id", "updated_at") VALUES ($1, $2, $3, $4, $5, $6, $7, $8) RETURNING "id"  [["created_at", Fri, 07 Feb 2014 15:52:44 UTC +00:00], ["email", "user_65@example.com"], ["firstname", "User 65"], ["lastname", "the 65 of his kind"], ["password_digest", "$2a$04$tLXOBzUJ74oLjPjdcTMG8uMoYdXymYrrUh6j52xpYxiYDs9cu77Ue"], ["remember_token", "d6bf0119a8cc288e743581c4c734a2a1079afaff"], ["role_id", 169], ["updated_at", Fri, 07 Feb 2014 15:52:44 UTC +00:00]]
  [1m[36m (0.3ms)[0m  [1mRELEASE SAVEPOINT active_record_1[0m
  [1m[35m (0.2ms)[0m  SAVEPOINT active_record_1
  [1m[36m (0.3ms)[0m  [1mROLLBACK TO SAVEPOINT active_record_1[0m
  [1m[35m (0.3ms)[0m  ROLLBACK
F  [1m[36m (0.3ms)[0m  [1mBEGIN[0m
  [1m[35m (0.3ms)[0m  SAVEPOINT active_record_1
  [1m[36mUser Exists (0.7ms)[0m  [1mSELECT 1 AS one FROM "users" WHERE LOWER("users"."email") = LOWER('user_66@example.com') LIMIT 1[0m
  [1m[35mSQL (0.9ms)[0m  INSERT INTO "users" ("created_at", "email", "firstname", "lastname", "password_digest", "remember_token", "role_id", "updated_at") VALUES ($1, $2, $3, $4, $5, $6, $7, $8) RETURNING "id"  [["created_at", Fri, 07 Feb 2014 15:52:44 UTC +00:00], ["email", "user_66@example.com"], ["firstname", "User 66"], ["lastname", "the 66 of his kind"], ["password_digest", "$2a$04$HLTOaP91EL11JWjX4fRAcOOYtl2/YMLTfil7ebyzU4MRiKNyZZo9q"], ["remember_token", "cb58bc7cfc9debfa70cb89ccc5da5303e6dd66db"], ["role_id", 169], ["updated_at", Fri, 07 Feb 2014 15:52:44 UTC +00:00]]
  [1m[36m (0.3ms)[0m  [1mRELEASE SAVEPOINT active_record_1[0m
  [1m[35m (0.2ms)[0m  SAVEPOINT active_record_1
  [1m[36mSQL (1.1ms)[0m  [1mUPDATE "users" SET "remember_token" = $1, "updated_at" = $2 WHERE "users"."id" = 3110[0m  [["remember_token", "4026b715ea19b794554ac1beb571c55f49a45db3"], ["updated_at", Fri, 07 Feb 2014 15:52:44 UTC +00:00]]
  [1m[35m (0.3ms)[0m  RELEASE SAVEPOINT active_record_1
  [1m[36m (0.3ms)[0m  [1mSAVEPOINT active_record_1[0m
  [1m[35mUser Exists (0.6ms)[0m  SELECT 1 AS one FROM "users" WHERE LOWER("users"."email") = LOWER('user_67@example.com') LIMIT 1
  [1m[36mSQL (0.8ms)[0m  [1mINSERT INTO "users" ("created_at", "email", "firstname", "lastname", "password_digest", "remember_token", "role_id", "updated_at") VALUES ($1, $2, $3, $4, $5, $6, $7, $8) RETURNING "id"[0m  [["created_at", Fri, 07 Feb 2014 15:52:44 UTC +00:00], ["email", "user_67@example.com"], ["firstname", "User 67"], ["lastname", "the 67 of his kind"], ["password_digest", "$2a$04$OhyX4er77LJz34BiVqE7hugNfx0GNnTwABxb1EpGfHN3I9xgv752e"], ["remember_token", "e456e9b265eb1d3b1e48bffa9bdc5e47eb7de377"], ["role_id", 169], ["updated_at", Fri, 07 Feb 2014 15:52:44 UTC +00:00]]
  [1m[35m (0.3ms)[0m  RELEASE SAVEPOINT active_record_1
  [1m[36m (0.2ms)[0m  [1mSAVEPOINT active_record_1[0m
  [1m[35mSQL (0.6ms)[0m  INSERT INTO "questions" ("created_at", "topic", "updated_at") VALUES ($1, $2, $3) RETURNING "id"  [["created_at", Fri, 07 Feb 2014 15:52:44 UTC +00:00], ["topic", "Test Topic"], ["updated_at", Fri, 07 Feb 2014 15:52:44 UTC +00:00]]
  [1m[36m (0.3ms)[0m  [1mRELEASE SAVEPOINT active_record_1[0m
  [1m[35m (0.2ms)[0m  SAVEPOINT active_record_1
  [1m[36mSQL (0.6ms)[0m  [1mINSERT INTO "companies" ("created_at", "name", "updated_at") VALUES ($1, $2, $3) RETURNING "id"[0m  [["created_at", Fri, 07 Feb 2014 15:52:44 UTC +00:00], ["name", "test"], ["updated_at", Fri, 07 Feb 2014 15:52:44 UTC +00:00]]
  [1m[35m (0.3ms)[0m  RELEASE SAVEPOINT active_record_1
  [1m[36m (0.2ms)[0m  [1mSAVEPOINT active_record_1[0m
  [1m[35mSQL (0.7ms)[0m  INSERT INTO "discussions" ("company_id", "created_at", "current_question_id", "due_date", "moderator_id", "topic", "updated_at") VALUES ($1, $2, $3, $4, $5, $6, $7) RETURNING "id"  [["company_id", 1497], ["created_at", Fri, 07 Feb 2014 15:52:44 UTC +00:00], ["current_question_id", 1875], ["due_date", Mon, 03 Feb 2020 00:00:00 UTC +00:00], ["moderator_id", 3111], ["topic", "Test Topic"], ["updated_at", Fri, 07 Feb 2014 15:52:44 UTC +00:00]]
  [1m[36m (0.3ms)[0m  [1mRELEASE SAVEPOINT active_record_1[0m
  [1m[35m (0.2ms)[0m  SAVEPOINT active_record_1
  [1m[36mSQL (0.6ms)[0m  [1mINSERT INTO "questions" ("created_at", "topic", "updated_at") VALUES ($1, $2, $3) RETURNING "id"[0m  [["created_at", Fri, 07 Feb 2014 15:52:44 UTC +00:00], ["topic", "Test Topic"], ["updated_at", Fri, 07 Feb 2014 15:52:44 UTC +00:00]]
  [1m[35m (0.3ms)[0m  RELEASE SAVEPOINT active_record_1
  [1m[36m (0.3ms)[0m  [1mSAVEPOINT active_record_1[0m
  [1m[35mUser Exists (0.7ms)[0m  SELECT 1 AS one FROM "users" WHERE LOWER("users"."email") = LOWER('user_68@example.com') LIMIT 1
  [1m[36mSQL (0.8ms)[0m  [1mINSERT INTO "users" ("created_at", "email", "firstname", "lastname", "password_digest", "remember_token", "role_id", "updated_at") VALUES ($1, $2, $3, $4, $5, $6, $7, $8) RETURNING "id"[0m  [["created_at", Fri, 07 Feb 2014 15:52:44 UTC +00:00], ["email", "user_68@example.com"], ["firstname", "User 68"], ["lastname", "the 68 of his kind"], ["password_digest", "$2a$04$5AtQpZ0Kn14FlwasNNgwjuMGDX2yQu5KrTMf6gpKhGjHJ0MN0buRm"], ["remember_token", "b9bf11379815a8938f4de2ddb26af87c6fa8676f"], ["role_id", 169], ["updated_at", Fri, 07 Feb 2014 15:52:44 UTC +00:00]]
  [1m[35m (0.3ms)[0m  RELEASE SAVEPOINT active_record_1
  [1m[36m (0.3ms)[0m  [1mSAVEPOINT active_record_1[0m
  [1m[35mSQL (0.6ms)[0m  INSERT INTO "questions" ("created_at", "topic", "updated_at") VALUES ($1, $2, $3) RETURNING "id"  [["created_at", Fri, 07 Feb 2014 15:52:44 UTC +00:00], ["topic", "Test Topic"], ["updated_at", Fri, 07 Feb 2014 15:52:44 UTC +00:00]]
  [1m[36m (0.3ms)[0m  [1mRELEASE SAVEPOINT active_record_1[0m
  [1m[35m (0.2ms)[0m  SAVEPOINT active_record_1
  [1m[36mSQL (0.6ms)[0m  [1mINSERT INTO "companies" ("created_at", "name", "updated_at") VALUES ($1, $2, $3) RETURNING "id"[0m  [["created_at", Fri, 07 Feb 2014 15:52:44 UTC +00:00], ["name", "test"], ["updated_at", Fri, 07 Feb 2014 15:52:44 UTC +00:00]]
  [1m[35m (0.3ms)[0m  RELEASE SAVEPOINT active_record_1
  [1m[36m (0.2ms)[0m  [1mSAVEPOINT active_record_1[0m
  [1m[35mSQL (0.7ms)[0m  INSERT INTO "discussions" ("company_id", "created_at", "current_question_id", "due_date", "moderator_id", "topic", "updated_at") VALUES ($1, $2, $3, $4, $5, $6, $7) RETURNING "id"  [["company_id", 1498], ["created_at", Fri, 07 Feb 2014 15:52:44 UTC +00:00], ["current_question_id", 1877], ["due_date", Mon, 03 Feb 2020 00:00:00 UTC +00:00], ["moderator_id", 3112], ["topic", "Test Topic"], ["updated_at", Fri, 07 Feb 2014 15:52:44 UTC +00:00]]
  [1m[36m (0.3ms)[0m  [1mRELEASE SAVEPOINT active_record_1[0m
  [1m[35m (0.3ms)[0m  SAVEPOINT active_record_1
  [1m[36mUser Exists (0.7ms)[0m  [1mSELECT 1 AS one FROM "users" WHERE LOWER("users"."email") = LOWER('user_69@example.com') LIMIT 1[0m
  [1m[35mSQL (0.7ms)[0m  INSERT INTO "users" ("created_at", "email", "firstname", "lastname", "password_digest", "remember_token", "role_id", "updated_at") VALUES ($1, $2, $3, $4, $5, $6, $7, $8) RETURNING "id"  [["created_at", Fri, 07 Feb 2014 15:52:44 UTC +00:00], ["email", "user_69@example.com"], ["firstname", "User 69"], ["lastname", "the 69 of his kind"], ["password_digest", "$2a$04$X4lJAb7lBk/DfXmBZQZBXuAfyOEgKjQa1c/I2GlhglEDnEl0hWlk6"], ["remember_token", "81317b487521440d5f2f6864eab508590403fb76"], ["role_id", 169], ["updated_at", Fri, 07 Feb 2014 15:52:44 UTC +00:00]]
  [1m[36m (0.3ms)[0m  [1mRELEASE SAVEPOINT active_record_1[0m
  [1m[35m (0.2ms)[0m  SAVEPOINT active_record_1
  [1m[36m (0.3ms)[0m  [1mROLLBACK TO SAVEPOINT active_record_1[0m
  [1m[35m (0.3ms)[0m  ROLLBACK
F*  [1m[36m (0.3ms)[0m  [1mBEGIN[0m
Started GET "/companies" for 127.0.0.1 at 2014-02-07 16:52:44 +0100
Processing by CompaniesController#index as HTML
  [1m[35mCompany Load (0.8ms)[0m  SELECT "companies".* FROM "companies"
  [1m[36mUser Load (0.9ms)[0m  [1mSELECT "users".* FROM "users" WHERE "users"."remember_token" = 'da39a3ee5e6b4b0d3255bfef95601890afd80709' LIMIT 1[0m
Completed 200 OK in 89ms (Views: 73.1ms | ActiveRecord: 1.7ms)
  [1m[35m (0.3ms)[0m  ROLLBACK
.  [1m[36m (0.3ms)[0m  [1mBEGIN[0m
Started GET "/signin" for 127.0.0.1 at 2014-02-07 16:52:44 +0100
Processing by SessionsController#new as HTML
  [1m[35mUser Load (0.9ms)[0m  SELECT "users".* FROM "users" WHERE "users"."remember_token" = 'da39a3ee5e6b4b0d3255bfef95601890afd80709' LIMIT 1
Completed 200 OK in 6ms (Views: 4.4ms | ActiveRecord: 0.9ms)
  [1m[36m (0.4ms)[0m  [1mROLLBACK[0m
.  [1m[35m (0.2ms)[0m  BEGIN
  [1m[36m (0.4ms)[0m  [1mROLLBACK[0m
.  [1m[35m (0.2ms)[0m  BEGIN
Started GET "/contacts" for 127.0.0.1 at 2014-02-07 16:52:44 +0100
Processing by ContactsController#index as HTML
Completed 500 Internal Server Error in 2ms
  [1m[36m (0.3ms)[0m  [1mROLLBACK[0m
F  [1m[35m (0.2ms)[0m  BEGIN
  Rendered contacts/_show.html.erb (1.5ms)
  [1m[36m (0.3ms)[0m  [1mROLLBACK[0m
F  [1m[35m (0.4ms)[0m  BEGIN
  Rendered companies/_form.html.erb (2.3ms)
  [1m[36m (0.4ms)[0m  [1mROLLBACK[0m
F  [1m[35m (0.2ms)[0m  BEGIN
  [1m[36m (0.4ms)[0m  [1mROLLBACK[0m
.  [1m[35m (0.3ms)[0m  BEGIN
  [1m[36m (0.3ms)[0m  [1mSAVEPOINT active_record_1[0m
  [1m[35mSQL (1.5ms)[0m  INSERT INTO "research_institutes" ("created_at", "name", "updated_at") VALUES ($1, $2, $3) RETURNING "id"  [["created_at", Fri, 07 Feb 2014 15:52:44 UTC +00:00], ["name", "Example institute"], ["updated_at", Fri, 07 Feb 2014 15:52:44 UTC +00:00]]
  [1m[36m (0.2ms)[0m  [1mRELEASE SAVEPOINT active_record_1[0m
Processing by ResearchInstitutesController#index as HTML
Completed 200 OK in 2ms (Views: 1.2ms | ActiveRecord: 0.0ms)
  [1m[35mResearchInstitute Load (0.8ms)[0m  SELECT "research_institutes".* FROM "research_institutes"
  [1m[36m (0.3ms)[0m  [1mROLLBACK[0m
.  [1m[35m (0.3ms)[0m  BEGIN
Processing by ResearchInstitutesController#new as HTML
Completed 200 OK in 9ms (Views: 1.3ms | ActiveRecord: 4.4ms)
  [1m[36m (0.4ms)[0m  [1mROLLBACK[0m
.  [1m[35m (0.3ms)[0m  BEGIN
  [1m[36m (0.3ms)[0m  [1mSAVEPOINT active_record_1[0m
  [1m[35mSQL (0.8ms)[0m  INSERT INTO "research_institutes" ("created_at", "name", "updated_at") VALUES ($1, $2, $3) RETURNING "id"  [["created_at", Fri, 07 Feb 2014 15:52:44 UTC +00:00], ["name", "Example institute"], ["updated_at", Fri, 07 Feb 2014 15:52:44 UTC +00:00]]
  [1m[36m (0.3ms)[0m  [1mRELEASE SAVEPOINT active_record_1[0m
  [1m[35m (0.6ms)[0m  SELECT COUNT(*) FROM "research_institutes"
Processing by ResearchInstitutesController#destroy as HTML
  Parameters: {"id"=>"332"}
  [1m[36mResearchInstitute Load (1.2ms)[0m  [1mSELECT "research_institutes".* FROM "research_institutes" WHERE "research_institutes"."id" = $1 LIMIT 1[0m  [["id", "332"]]
  [1m[35m (0.3ms)[0m  SAVEPOINT active_record_1
  [1m[36m (0.9ms)[0m  [1mDELETE FROM "research_institutes_users" WHERE "research_institutes_users"."research_institute_id" = 332[0m
  [1m[35mSQL (0.8ms)[0m  DELETE FROM "research_institutes" WHERE "research_institutes"."id" = $1  [["id", 332]]
  [1m[36m (0.2ms)[0m  [1mRELEASE SAVEPOINT active_record_1[0m
Redirected to http://test.host/research_institutes
Completed 302 Found in 13ms (ActiveRecord: 3.3ms)
  [1m[35m (0.5ms)[0m  SELECT COUNT(*) FROM "research_institutes"
  [1m[36m (0.3ms)[0m  [1mROLLBACK[0m
.  [1m[35m (0.3ms)[0m  BEGIN
  [1m[36m (0.4ms)[0m  [1mSAVEPOINT active_record_1[0m
  [1m[35mSQL (1.1ms)[0m  INSERT INTO "research_institutes" ("created_at", "name", "updated_at") VALUES ($1, $2, $3) RETURNING "id"  [["created_at", Fri, 07 Feb 2014 15:52:44 UTC +00:00], ["name", "Example institute"], ["updated_at", Fri, 07 Feb 2014 15:52:44 UTC +00:00]]
  [1m[36m (0.3ms)[0m  [1mRELEASE SAVEPOINT active_record_1[0m
Processing by ResearchInstitutesController#destroy as HTML
  Parameters: {"id"=>"333"}
  [1m[35mResearchInstitute Load (0.9ms)[0m  SELECT "research_institutes".* FROM "research_institutes" WHERE "research_institutes"."id" = $1 LIMIT 1  [["id", "333"]]
  [1m[36m (0.3ms)[0m  [1mSAVEPOINT active_record_1[0m
  [1m[35m (0.6ms)[0m  DELETE FROM "research_institutes_users" WHERE "research_institutes_users"."research_institute_id" = 333
  [1m[36mSQL (0.6ms)[0m  [1mDELETE FROM "research_institutes" WHERE "research_institutes"."id" = $1[0m  [["id", 333]]
  [1m[35m (0.3ms)[0m  RELEASE SAVEPOINT active_record_1
Redirected to http://test.host/research_institutes
Completed 302 Found in 8ms (ActiveRecord: 2.7ms)
  [1m[36m (0.4ms)[0m  [1mROLLBACK[0m
.  [1m[35m (0.4ms)[0m  BEGIN
  [1m[36m (0.4ms)[0m  [1mSAVEPOINT active_record_1[0m
  [1m[35mSQL (1.1ms)[0m  INSERT INTO "research_institutes" ("created_at", "name", "updated_at") VALUES ($1, $2, $3) RETURNING "id"  [["created_at", Fri, 07 Feb 2014 15:52:44 UTC +00:00], ["name", "Example institute"], ["updated_at", Fri, 07 Feb 2014 15:52:44 UTC +00:00]]
  [1m[36m (0.3ms)[0m  [1mRELEASE SAVEPOINT active_record_1[0m
Processing by ResearchInstitutesController#show as HTML
  Parameters: {"id"=>"334"}
  [1m[35mResearchInstitute Load (0.9ms)[0m  SELECT "research_institutes".* FROM "research_institutes" WHERE "research_institutes"."id" = $1 LIMIT 1  [["id", "334"]]
Completed 200 OK in 7ms (Views: 3.2ms | ActiveRecord: 0.9ms)
  [1m[36m (0.4ms)[0m  [1mROLLBACK[0m
.  [1m[35m (0.4ms)[0m  BEGIN
  [1m[36m (0.7ms)[0m  [1mSELECT COUNT(*) FROM "research_institutes"[0m
Processing by ResearchInstitutesController#create as HTML
  Parameters: {"research_institute"=>{"name"=>"Example institute"}}
Completed 500 Internal Server Error in 6ms
  [1m[35m (0.4ms)[0m  ROLLBACK
F  [1m[36m (0.3ms)[0m  [1mBEGIN[0m
Processing by ResearchInstitutesController#create as HTML
  Parameters: {"research_institute"=>{"name"=>"Example institute"}}
Completed 500 Internal Server Error in 2ms
  [1m[35m (0.3ms)[0m  ROLLBACK
F  [1m[36m (0.2ms)[0m  [1mBEGIN[0m
Processing by ResearchInstitutesController#create as HTML
  Parameters: {"research_institute"=>{"name"=>"Example institute"}}
Completed 500 Internal Server Error in 1ms
  [1m[35m (0.3ms)[0m  ROLLBACK
F  [1m[36m (0.1ms)[0m  [1mBEGIN[0m
Processing by ResearchInstitutesController#create as HTML
  Parameters: {"research_institute"=>{"name"=>"invalid value"}}
Completed 500 Internal Server Error in 1ms
  [1m[35m (0.3ms)[0m  ROLLBACK
F  [1m[36m (0.2ms)[0m  [1mBEGIN[0m
Processing by ResearchInstitutesController#create as HTML
  Parameters: {"research_institute"=>{"name"=>"invalid value"}}
Completed 500 Internal Server Error in 1ms
  [1m[35m (0.3ms)[0m  ROLLBACK
F  [1m[36m (0.1ms)[0m  [1mBEGIN[0m
  [1m[35m (0.2ms)[0m  SAVEPOINT active_record_1
  [1m[36mSQL (0.7ms)[0m  [1mINSERT INTO "research_institutes" ("created_at", "name", "updated_at") VALUES ($1, $2, $3) RETURNING "id"[0m  [["created_at", Fri, 07 Feb 2014 15:52:44 UTC +00:00], ["name", "Example institute"], ["updated_at", Fri, 07 Feb 2014 15:52:44 UTC +00:00]]
  [1m[35m (0.2ms)[0m  RELEASE SAVEPOINT active_record_1
Processing by ResearchInstitutesController#edit as HTML
  Parameters: {"id"=>"335"}
  [1m[36mResearchInstitute Load (0.6ms)[0m  [1mSELECT "research_institutes".* FROM "research_institutes" WHERE "research_institutes"."id" = $1 LIMIT 1[0m  [["id", "335"]]
Completed 200 OK in 2ms (Views: 1.0ms | ActiveRecord: 0.6ms)
  [1m[35m (0.3ms)[0m  ROLLBACK
.  [1m[36m (0.2ms)[0m  [1mBEGIN[0m
  [1m[35m (0.4ms)[0m  SAVEPOINT active_record_1
  [1m[36mSQL (1.2ms)[0m  [1mINSERT INTO "research_institutes" ("created_at", "name", "updated_at") VALUES ($1, $2, $3) RETURNING "id"[0m  [["created_at", Fri, 07 Feb 2014 15:52:44 UTC +00:00], ["name", "Example institute"], ["updated_at", Fri, 07 Feb 2014 15:52:44 UTC +00:00]]
  [1m[35m (0.4ms)[0m  RELEASE SAVEPOINT active_record_1
Processing by ResearchInstitutesController#update as HTML
  Parameters: {"research_institute"=>{"name"=>""}, "id"=>"336"}
  [1m[36mResearchInstitute Load (0.7ms)[0m  [1mSELECT "research_institutes".* FROM "research_institutes" WHERE "research_institutes"."id" = $1 LIMIT 1[0m  [["id", "336"]]
Completed 200 OK in 3ms (Views: 0.6ms | ActiveRecord: 0.7ms)
  [1m[35m (0.4ms)[0m  ROLLBACK
.  [1m[36m (0.4ms)[0m  [1mBEGIN[0m
  [1m[35m (0.4ms)[0m  SAVEPOINT active_record_1
  [1m[36mSQL (0.7ms)[0m  [1mINSERT INTO "research_institutes" ("created_at", "name", "updated_at") VALUES ($1, $2, $3) RETURNING "id"[0m  [["created_at", Fri, 07 Feb 2014 15:52:44 UTC +00:00], ["name", "Example institute"], ["updated_at", Fri, 07 Feb 2014 15:52:44 UTC +00:00]]
  [1m[35m (0.4ms)[0m  RELEASE SAVEPOINT active_record_1
Processing by ResearchInstitutesController#update as HTML
  Parameters: {"research_institute"=>{"name"=>"Example institute"}, "id"=>"337"}
  [1m[36mResearchInstitute Load (0.7ms)[0m  [1mSELECT "research_institutes".* FROM "research_institutes" WHERE "research_institutes"."id" = $1 LIMIT 1[0m  [["id", "337"]]
  [1m[35m (0.4ms)[0m  SAVEPOINT active_record_1
  [1m[36m (0.3ms)[0m  [1mRELEASE SAVEPOINT active_record_1[0m
Redirected to http://test.host/research_institutes/337
Completed 302 Found in 4ms (ActiveRecord: 1.3ms)
  [1m[35m (0.3ms)[0m  ROLLBACK
.  [1m[36m (0.3ms)[0m  [1mBEGIN[0m
  [1m[35m (0.3ms)[0m  SAVEPOINT active_record_1
  [1m[36mSQL (0.7ms)[0m  [1mINSERT INTO "research_institutes" ("created_at", "name", "updated_at") VALUES ($1, $2, $3) RETURNING "id"[0m  [["created_at", Fri, 07 Feb 2014 15:52:44 UTC +00:00], ["name", "Example institute"], ["updated_at", Fri, 07 Feb 2014 15:52:44 UTC +00:00]]
  [1m[35m (0.3ms)[0m  RELEASE SAVEPOINT active_record_1
Processing by ResearchInstitutesController#update as HTML
  Parameters: {"research_institute"=>{"name"=>"Example institute"}, "id"=>"338"}
  [1m[36mResearchInstitute Load (0.5ms)[0m  [1mSELECT "research_institutes".* FROM "research_institutes" WHERE "research_institutes"."id" = $1 LIMIT 1[0m  [["id", "338"]]
  [1m[35m (0.3ms)[0m  SAVEPOINT active_record_1
  [1m[36m (0.3ms)[0m  [1mRELEASE SAVEPOINT active_record_1[0m
Redirected to http://test.host/research_institutes/338
Completed 302 Found in 3ms (ActiveRecord: 1.1ms)
  [1m[35m (0.3ms)[0m  ROLLBACK
.  [1m[36m (0.4ms)[0m  [1mBEGIN[0m
  [1m[35m (0.3ms)[0m  SAVEPOINT active_record_1
  [1m[36mSQL (0.7ms)[0m  [1mINSERT INTO "research_institutes" ("created_at", "name", "updated_at") VALUES ($1, $2, $3) RETURNING "id"[0m  [["created_at", Fri, 07 Feb 2014 15:52:44 UTC +00:00], ["name", "Example institute"], ["updated_at", Fri, 07 Feb 2014 15:52:44 UTC +00:00]]
  [1m[35m (0.3ms)[0m  RELEASE SAVEPOINT active_record_1
Processing by ResearchInstitutesController#update as HTML
  Parameters: {"research_institute"=>{"name"=>"invalid value"}, "id"=>"339"}
  [1m[36mResearchInstitute Load (0.5ms)[0m  [1mSELECT "research_institutes".* FROM "research_institutes" WHERE "research_institutes"."id" = $1 LIMIT 1[0m  [["id", "339"]]
  [1m[35m (0.3ms)[0m  SAVEPOINT active_record_1
  [1m[36m (0.3ms)[0m  [1mROLLBACK TO SAVEPOINT active_record_1[0m
Completed 200 OK in 4ms (Views: 0.9ms | ActiveRecord: 1.1ms)
  [1m[35m (0.4ms)[0m  ROLLBACK
.  [1m[36m (0.3ms)[0m  [1mBEGIN[0m
  [1m[35m (0.3ms)[0m  SAVEPOINT active_record_1
  [1m[36mSQL (0.7ms)[0m  [1mINSERT INTO "research_institutes" ("created_at", "name", "updated_at") VALUES ($1, $2, $3) RETURNING "id"[0m  [["created_at", Fri, 07 Feb 2014 15:52:44 UTC +00:00], ["name", "Example institute"], ["updated_at", Fri, 07 Feb 2014 15:52:44 UTC +00:00]]
  [1m[35m (0.3ms)[0m  RELEASE SAVEPOINT active_record_1
Processing by ResearchInstitutesController#update as HTML
  Parameters: {"research_institute"=>{"name"=>"invalid value"}, "id"=>"340"}
  [1m[36mResearchInstitute Load (0.5ms)[0m  [1mSELECT "research_institutes".* FROM "research_institutes" WHERE "research_institutes"."id" = $1 LIMIT 1[0m  [["id", "340"]]
  [1m[35m (0.3ms)[0m  SAVEPOINT active_record_1
  [1m[36m (0.4ms)[0m  [1mROLLBACK TO SAVEPOINT active_record_1[0m
Completed 200 OK in 4ms (Views: 0.9ms | ActiveRecord: 1.2ms)
  [1m[35m (0.4ms)[0m  ROLLBACK
.  [1m[36m (0.3ms)[0m  [1mBEGIN[0m
  Rendered contacts/_form.html.erb (1.8ms)
  [1m[35m (0.3ms)[0m  ROLLBACK
F  [1m[36m (0.2ms)[0m  [1mBEGIN[0m
  Rendered discussions/_form.html.erb (1.6ms)
  [1m[35m (0.4ms)[0m  ROLLBACK
F*  [1m[36m (0.4ms)[0m  [1mBEGIN[0m
  [1m[35m (0.3ms)[0m  ROLLBACK
.  [1m[36m (0.3ms)[0m  [1mBEGIN[0m
  [1m[35m (0.3ms)[0m  ROLLBACK
.  [1m[36m (0.2ms)[0m  [1mBEGIN[0m
  [1m[35m (0.2ms)[0m  ROLLBACK
.  [1m[36m (0.2ms)[0m  [1mBEGIN[0m
  [1m[35m (0.1ms)[0m  ROLLBACK
.  [1m[36m (0.1ms)[0m  [1mBEGIN[0m
  [1m[35m (0.2ms)[0m  ROLLBACK
.  [1m[36m (0.3ms)[0m  [1mBEGIN[0m
  [1m[35m (0.4ms)[0m  ROLLBACK
.  [1m[36m (0.3ms)[0m  [1mBEGIN[0m
  [1m[35m (0.3ms)[0m  ROLLBACK
.  [1m[36m (0.4ms)[0m  [1mBEGIN[0m
  [1m[35m (0.2ms)[0m  ROLLBACK
.  [1m[36m (0.2ms)[0m  [1mBEGIN[0m
  [1m[35m (0.2ms)[0m  ROLLBACK
.  [1m[36m (0.2ms)[0m  [1mBEGIN[0m
  [1m[35m (0.2ms)[0m  ROLLBACK
.  [1m[36m (0.2ms)[0m  [1mBEGIN[0m
  [1m[35m (0.2ms)[0m  ROLLBACK
.  [1m[36m (0.2ms)[0m  [1mBEGIN[0m
  [1m[35m (0.2ms)[0m  ROLLBACK
.  [1m[36m (0.2ms)[0m  [1mBEGIN[0m
  [1m[35m (0.2ms)[0m  ROLLBACK
.  [1m[36m (0.2ms)[0m  [1mBEGIN[0m
  [1m[35m (0.2ms)[0m  ROLLBACK
.  [1m[36m (0.1ms)[0m  [1mBEGIN[0m
  [1m[35m (0.2ms)[0m  ROLLBACK
.  [1m[36m (0.2ms)[0m  [1mBEGIN[0m
  [1m[35m (0.2ms)[0m  ROLLBACK
.  [1m[36m (0.1ms)[0m  [1mBEGIN[0m
  [1m[35m (0.5ms)[0m  ROLLBACK
.  [1m[36m (0.4ms)[0m  [1mBEGIN[0m
  [1m[35m (0.2ms)[0m  ROLLBACK
.  [1m[36m (0.1ms)[0m  [1mBEGIN[0m
  [1m[35m (0.3ms)[0m  ROLLBACK
.  [1m[36m (0.3ms)[0m  [1mBEGIN[0m
  [1m[35m (0.3ms)[0m  ROLLBACK
.  [1m[36m (0.2ms)[0m  [1mBEGIN[0m
  [1m[35m (0.2ms)[0m  ROLLBACK
.*  [1m[36m (0.2ms)[0m  [1mBEGIN[0m
  Rendered contacts/_show.html.erb (1.4ms)
  [1m[35m (0.3ms)[0m  ROLLBACK
F*  [1m[36m (0.2ms)[0m  [1mBEGIN[0m
  [1m[35m (0.2ms)[0m  SAVEPOINT active_record_1
  [1m[36mUser Exists (0.8ms)[0m  [1mSELECT 1 AS one FROM "users" WHERE LOWER("users"."email") = LOWER('user_70@example.com') LIMIT 1[0m
  [1m[35mSQL (0.7ms)[0m  INSERT INTO "users" ("created_at", "email", "firstname", "lastname", "password_digest", "remember_token", "role_id", "updated_at") VALUES ($1, $2, $3, $4, $5, $6, $7, $8) RETURNING "id"  [["created_at", Fri, 07 Feb 2014 15:52:44 UTC +00:00], ["email", "user_70@example.com"], ["firstname", "User 70"], ["lastname", "the 70 of his kind"], ["password_digest", "$2a$04$8nCr1P2bXG3KHwUWrbPbYOgZtYt/m6b6LWllmUCc2kYJdSzqQPCfW"], ["remember_token", "08ceb227cddc4ac4ea949f2c46e54ea090c1e74c"], ["role_id", 169], ["updated_at", Fri, 07 Feb 2014 15:52:44 UTC +00:00]]
  [1m[36m (0.2ms)[0m  [1mRELEASE SAVEPOINT active_record_1[0m
  [1m[35m (0.2ms)[0m  SAVEPOINT active_record_1
  [1m[36mSQL (1.1ms)[0m  [1mUPDATE "users" SET "remember_token" = $1, "updated_at" = $2 WHERE "users"."id" = 3114[0m  [["remember_token", "c9694f0c184f9167c3918e3546ce84c1d06340cb"], ["updated_at", Fri, 07 Feb 2014 15:52:44 UTC +00:00]]
  [1m[35m (0.2ms)[0m  RELEASE SAVEPOINT active_record_1
  [1m[36m (0.2ms)[0m  [1mSAVEPOINT active_record_1[0m
  [1m[35mSQL (0.6ms)[0m  INSERT INTO "questions" ("created_at", "topic", "updated_at") VALUES ($1, $2, $3) RETURNING "id"  [["created_at", Fri, 07 Feb 2014 15:52:44 UTC +00:00], ["topic", "Test Topic"], ["updated_at", Fri, 07 Feb 2014 15:52:44 UTC +00:00]]
  [1m[36m (0.2ms)[0m  [1mRELEASE SAVEPOINT active_record_1[0m
  [1m[35m (0.1ms)[0m  SAVEPOINT active_record_1
  [1m[36mSQL (0.5ms)[0m  [1mINSERT INTO "companies" ("created_at", "name", "updated_at") VALUES ($1, $2, $3) RETURNING "id"[0m  [["created_at", Fri, 07 Feb 2014 15:52:44 UTC +00:00], ["name", "test"], ["updated_at", Fri, 07 Feb 2014 15:52:44 UTC +00:00]]
  [1m[35m (0.3ms)[0m  RELEASE SAVEPOINT active_record_1
  [1m[36m (0.3ms)[0m  [1mSAVEPOINT active_record_1[0m
  [1m[35mSQL (1.0ms)[0m  INSERT INTO "discussions" ("company_id", "created_at", "current_question_id", "due_date", "moderator_id", "topic", "updated_at") VALUES ($1, $2, $3, $4, $5, $6, $7) RETURNING "id"  [["company_id", 1499], ["created_at", Fri, 07 Feb 2014 15:52:44 UTC +00:00], ["current_question_id", 1878], ["due_date", Mon, 03 Feb 2020 00:00:00 UTC +00:00], ["moderator_id", 3114], ["topic", "Test Topic"], ["updated_at", Fri, 07 Feb 2014 15:52:44 UTC +00:00]]
  [1m[36m (0.3ms)[0m  [1mRELEASE SAVEPOINT active_record_1[0m
  [1m[35m (0.7ms)[0m  SELECT COUNT(*) FROM "questions"
Processing by QuestionsController#create as HTML
  Parameters: {"question"=>{"topic"=>"Test Topic", "user_id"=>"3114", "discussion_id"=>"1105"}}
  [1m[36mUser Load (1.1ms)[0m  [1mSELECT "users".* FROM "users" WHERE "users"."remember_token" = 'c9694f0c184f9167c3918e3546ce84c1d06340cb' LIMIT 1[0m
Unpermitted parameters: user_id
  [1m[35mDiscussion Load (0.7ms)[0m  SELECT "discussions".* FROM "discussions" WHERE "discussions"."id" = $1 ORDER BY "discussions"."id" ASC LIMIT 1  [["id", 1105]]
  [1m[36m (0.3ms)[0m  [1mSAVEPOINT active_record_1[0m
  [1m[35mSQL (0.6ms)[0m  INSERT INTO "questions" ("created_at", "discussion_id", "topic", "updated_at") VALUES ($1, $2, $3, $4) RETURNING "id"  [["created_at", Fri, 07 Feb 2014 15:52:44 UTC +00:00], ["discussion_id", 1105], ["topic", "Test Topic"], ["updated_at", Fri, 07 Feb 2014 15:52:44 UTC +00:00]]
  [1m[36m (0.2ms)[0m  [1mRELEASE SAVEPOINT active_record_1[0m
  [1m[35m (0.2ms)[0m  SAVEPOINT active_record_1
  [1m[36m (0.2ms)[0m  [1mROLLBACK TO SAVEPOINT active_record_1[0m
Redirected to http://test.host/questions/1879
Completed 302 Found in 139ms (ActiveRecord: 3.3ms)
  [1m[35m (0.9ms)[0m  SELECT COUNT(*) FROM "questions"
  [1m[36m (0.5ms)[0m  [1mROLLBACK[0m
.  [1m[35m (0.4ms)[0m  BEGIN
  [1m[36m (0.4ms)[0m  [1mSAVEPOINT active_record_1[0m
  [1m[35mUser Exists (0.8ms)[0m  SELECT 1 AS one FROM "users" WHERE LOWER("users"."email") = LOWER('user_71@example.com') LIMIT 1
  [1m[36mSQL (1.2ms)[0m  [1mINSERT INTO "users" ("created_at", "email", "firstname", "lastname", "password_digest", "remember_token", "role_id", "updated_at") VALUES ($1, $2, $3, $4, $5, $6, $7, $8) RETURNING "id"[0m  [["created_at", Fri, 07 Feb 2014 15:52:45 UTC +00:00], ["email", "user_71@example.com"], ["firstname", "User 71"], ["lastname", "the 71 of his kind"], ["password_digest", "$2a$04$P7VYkxm3yXAr0V62XpLfE.h71hbnNhg.zKEXIBV8gEhCVxvRrnGou"], ["remember_token", "e686f6a6951447980706d6efb7aa3706a7f125ed"], ["role_id", 169], ["updated_at", Fri, 07 Feb 2014 15:52:45 UTC +00:00]]
  [1m[35m (0.4ms)[0m  RELEASE SAVEPOINT active_record_1
  [1m[36m (0.3ms)[0m  [1mSAVEPOINT active_record_1[0m
  [1m[35mSQL (1.4ms)[0m  UPDATE "users" SET "remember_token" = $1, "updated_at" = $2 WHERE "users"."id" = 3115  [["remember_token", "3c7c443320352ac95f780c0d9b54f83fad714c6e"], ["updated_at", Fri, 07 Feb 2014 15:52:45 UTC +00:00]]
  [1m[36m (0.3ms)[0m  [1mRELEASE SAVEPOINT active_record_1[0m
  [1m[35m (0.3ms)[0m  SAVEPOINT active_record_1
  [1m[36mSQL (1.0ms)[0m  [1mINSERT INTO "questions" ("created_at", "topic", "updated_at") VALUES ($1, $2, $3) RETURNING "id"[0m  [["created_at", Fri, 07 Feb 2014 15:52:45 UTC +00:00], ["topic", "Test Topic"], ["updated_at", Fri, 07 Feb 2014 15:52:45 UTC +00:00]]
  [1m[35m (0.3ms)[0m  RELEASE SAVEPOINT active_record_1
  [1m[36m (0.3ms)[0m  [1mSAVEPOINT active_record_1[0m
  [1m[35mSQL (0.8ms)[0m  INSERT INTO "companies" ("created_at", "name", "updated_at") VALUES ($1, $2, $3) RETURNING "id"  [["created_at", Fri, 07 Feb 2014 15:52:45 UTC +00:00], ["name", "test"], ["updated_at", Fri, 07 Feb 2014 15:52:45 UTC +00:00]]
  [1m[36m (0.3ms)[0m  [1mRELEASE SAVEPOINT active_record_1[0m
  [1m[35m (0.3ms)[0m  SAVEPOINT active_record_1
  [1m[36mSQL (0.9ms)[0m  [1mINSERT INTO "discussions" ("company_id", "created_at", "current_question_id", "due_date", "moderator_id", "topic", "updated_at") VALUES ($1, $2, $3, $4, $5, $6, $7) RETURNING "id"[0m  [["company_id", 1500], ["created_at", Fri, 07 Feb 2014 15:52:45 UTC +00:00], ["current_question_id", 1880], ["due_date", Mon, 03 Feb 2020 00:00:00 UTC +00:00], ["moderator_id", 3115], ["topic", "Test Topic"], ["updated_at", Fri, 07 Feb 2014 15:52:45 UTC +00:00]]
  [1m[35m (0.3ms)[0m  RELEASE SAVEPOINT active_record_1
Processing by QuestionsController#create as HTML
  Parameters: {"question"=>{"topic"=>"Test Topic", "user_id"=>"3115", "discussion_id"=>"1106"}}
  [1m[36mUser Load (0.8ms)[0m  [1mSELECT "users".* FROM "users" WHERE "users"."remember_token" = '3c7c443320352ac95f780c0d9b54f83fad714c6e' LIMIT 1[0m
Unpermitted parameters: user_id
  [1m[35mDiscussion Load (0.6ms)[0m  SELECT "discussions".* FROM "discussions" WHERE "discussions"."id" = $1 ORDER BY "discussions"."id" ASC LIMIT 1  [["id", 1106]]
  [1m[36m (0.2ms)[0m  [1mSAVEPOINT active_record_1[0m
  [1m[35mSQL (0.7ms)[0m  INSERT INTO "questions" ("created_at", "discussion_id", "topic", "updated_at") VALUES ($1, $2, $3, $4) RETURNING "id"  [["created_at", Fri, 07 Feb 2014 15:52:45 UTC +00:00], ["discussion_id", 1106], ["topic", "Test Topic"], ["updated_at", Fri, 07 Feb 2014 15:52:45 UTC +00:00]]
  [1m[36m (0.2ms)[0m  [1mRELEASE SAVEPOINT active_record_1[0m
  [1m[35m (0.2ms)[0m  SAVEPOINT active_record_1
  [1m[36m (0.2ms)[0m  [1mROLLBACK TO SAVEPOINT active_record_1[0m
Redirected to http://test.host/questions/1881
Completed 302 Found in 133ms (ActiveRecord: 3.0ms)
  [1m[35m (0.7ms)[0m  ROLLBACK
.  [1m[36m (0.4ms)[0m  [1mBEGIN[0m
  [1m[35m (0.4ms)[0m  ROLLBACK
F****  [1m[36m (0.4ms)[0m  [1mBEGIN[0m
Started GET "/votes" for 127.0.0.1 at 2014-02-07 16:52:45 +0100
Processing by VotesController#index as HTML
  [1m[35mVote Load (1.0ms)[0m  SELECT "votes".* FROM "votes"
  [1m[36mUser Load (0.7ms)[0m  [1mSELECT "users".* FROM "users" WHERE "users"."remember_token" = 'da39a3ee5e6b4b0d3255bfef95601890afd80709' LIMIT 1[0m
Completed 200 OK in 6ms (Views: 3.4ms | ActiveRecord: 1.7ms)
  [1m[35m (0.3ms)[0m  ROLLBACK
.  [1m[36m (0.3ms)[0m  [1mBEGIN[0m
  [1m[35m (0.4ms)[0m  SAVEPOINT active_record_1
  [1m[36mSQL (1.7ms)[0m  [1mINSERT INTO "contacts" ("created_at", "email", "postalcode", "street", "telephone", "town", "updated_at") VALUES ($1, $2, $3, $4, $5, $6, $7) RETURNING "id"[0m  [["created_at", Fri, 07 Feb 2014 15:52:45 UTC +00:00], ["email", "aa@aa.de"], ["postalcode", "33739"], ["street", "examplestr. 5"], ["telephone", "051092999"], ["town", "Bielefeld"], ["updated_at", Fri, 07 Feb 2014 15:52:45 UTC +00:00]]
  [1m[35m (0.3ms)[0m  RELEASE SAVEPOINT active_record_1
Processing by ContactsController#index as HTML
Completed 200 OK in 1ms (Views: 0.6ms | ActiveRecord: 0.0ms)
  [1m[36mContact Load (0.9ms)[0m  [1mSELECT "contacts".* FROM "contacts"[0m
  [1m[35m (0.3ms)[0m  ROLLBACK
.  [1m[36m (0.2ms)[0m  [1mBEGIN[0m
Processing by ContactsController#new as HTML
Completed 500 Internal Server Error in 2ms
  [1m[35m (0.3ms)[0m  ROLLBACK
F  [1m[36m (0.2ms)[0m  [1mBEGIN[0m
  [1m[35m (0.2ms)[0m  SAVEPOINT active_record_1
  [1m[36mSQL (0.9ms)[0m  [1mINSERT INTO "contacts" ("created_at", "email", "postalcode", "street", "telephone", "town", "updated_at") VALUES ($1, $2, $3, $4, $5, $6, $7) RETURNING "id"[0m  [["created_at", Fri, 07 Feb 2014 15:52:45 UTC +00:00], ["email", "aa@aa.de"], ["postalcode", "33739"], ["street", "examplestr. 5"], ["telephone", "051092999"], ["town", "Bielefeld"], ["updated_at", Fri, 07 Feb 2014 15:52:45 UTC +00:00]]
  [1m[35m (0.2ms)[0m  RELEASE SAVEPOINT active_record_1
  [1m[36m (0.2ms)[0m  [1mROLLBACK[0m
F  [1m[35m (0.1ms)[0m  BEGIN
  [1m[36m (0.2ms)[0m  [1mSAVEPOINT active_record_1[0m
  [1m[35mSQL (0.7ms)[0m  INSERT INTO "contacts" ("created_at", "email", "postalcode", "street", "telephone", "town", "updated_at") VALUES ($1, $2, $3, $4, $5, $6, $7) RETURNING "id"  [["created_at", Fri, 07 Feb 2014 15:52:45 UTC +00:00], ["email", "aa@aa.de"], ["postalcode", "33739"], ["street", "examplestr. 5"], ["telephone", "051092999"], ["town", "Bielefeld"], ["updated_at", Fri, 07 Feb 2014 15:52:45 UTC +00:00]]
  [1m[36m (0.2ms)[0m  [1mRELEASE SAVEPOINT active_record_1[0m
Processing by ContactsController#destroy as HTML
  Parameters: {"id"=>"706"}
  [1m[35mContact Load (1.1ms)[0m  SELECT "contacts".* FROM "contacts" WHERE "contacts"."id" = $1 LIMIT 1  [["id", "706"]]
  [1m[36m (0.2ms)[0m  [1mSAVEPOINT active_record_1[0m
  [1m[35mSQL (0.8ms)[0m  DELETE FROM "contacts" WHERE "contacts"."id" = $1  [["id", 706]]
  [1m[36m (0.2ms)[0m  [1mRELEASE SAVEPOINT active_record_1[0m
Redirected to http://test.host/contacts
Completed 302 Found in 4ms (ActiveRecord: 2.3ms)
  [1m[35m (0.3ms)[0m  ROLLBACK
.  [1m[36m (0.2ms)[0m  [1mBEGIN[0m
  [1m[35m (0.2ms)[0m  SAVEPOINT active_record_1
  [1m[36mSQL (0.8ms)[0m  [1mINSERT INTO "contacts" ("created_at", "email", "postalcode", "street", "telephone", "town", "updated_at") VALUES ($1, $2, $3, $4, $5, $6, $7) RETURNING "id"[0m  [["created_at", Fri, 07 Feb 2014 15:52:45 UTC +00:00], ["email", "aa@aa.de"], ["postalcode", "33739"], ["street", "examplestr. 5"], ["telephone", "051092999"], ["town", "Bielefeld"], ["updated_at", Fri, 07 Feb 2014 15:52:45 UTC +00:00]]
  [1m[35m (0.2ms)[0m  RELEASE SAVEPOINT active_record_1
Processing by ContactsController#show as HTML
  Parameters: {"id"=>"707"}
  [1m[36mContact Load (0.7ms)[0m  [1mSELECT "contacts".* FROM "contacts" WHERE "contacts"."id" = $1 LIMIT 1[0m  [["id", "707"]]
Completed 200 OK in 3ms (Views: 1.3ms | ActiveRecord: 0.7ms)
  [1m[35m (0.3ms)[0m  ROLLBACK
.  [1m[36m (0.2ms)[0m  [1mBEGIN[0m
  [1m[35m (0.2ms)[0m  ROLLBACK
F  [1m[36m (0.2ms)[0m  [1mBEGIN[0m
Processing by ContactsController#create as HTML
  Parameters: {"contact"=>{"street"=>"examplestr. 5", "postalcode"=>"33739", "town"=>"Bielefeld", "email"=>"aa@aa.de", "telephone"=>"051092999"}}
  [1m[35m (0.2ms)[0m  SAVEPOINT active_record_1
  [1m[36mSQL (0.9ms)[0m  [1mINSERT INTO "contacts" ("created_at", "email", "postalcode", "street", "telephone", "town", "updated_at") VALUES ($1, $2, $3, $4, $5, $6, $7) RETURNING "id"[0m  [["created_at", Fri, 07 Feb 2014 15:52:45 UTC +00:00], ["email", "aa@aa.de"], ["postalcode", "33739"], ["street", "examplestr. 5"], ["telephone", "051092999"], ["town", "Bielefeld"], ["updated_at", Fri, 07 Feb 2014 15:52:45 UTC +00:00]]
  [1m[35m (0.3ms)[0m  RELEASE SAVEPOINT active_record_1
Redirected to http://test.host/contacts/708
Completed 302 Found in 5ms (ActiveRecord: 1.4ms)
  [1m[36mContact Load (0.7ms)[0m  [1mSELECT "contacts".* FROM "contacts" ORDER BY "contacts"."id" DESC LIMIT 1[0m
  [1m[35m (0.3ms)[0m  ROLLBACK
.  [1m[36m (0.2ms)[0m  [1mBEGIN[0m
Processing by ContactsController#create as HTML
  Parameters: {"contact"=>{"street"=>"examplestr. 5", "postalcode"=>"33739", "town"=>"Bielefeld", "email"=>"aa@aa.de", "telephone"=>"051092999"}}
  [1m[35m (0.3ms)[0m  SAVEPOINT active_record_1
  [1m[36mSQL (0.8ms)[0m  [1mINSERT INTO "contacts" ("created_at", "email", "postalcode", "street", "telephone", "town", "updated_at") VALUES ($1, $2, $3, $4, $5, $6, $7) RETURNING "id"[0m  [["created_at", Fri, 07 Feb 2014 15:52:45 UTC +00:00], ["email", "aa@aa.de"], ["postalcode", "33739"], ["street", "examplestr. 5"], ["telephone", "051092999"], ["town", "Bielefeld"], ["updated_at", Fri, 07 Feb 2014 15:52:45 UTC +00:00]]
  [1m[35m (0.3ms)[0m  RELEASE SAVEPOINT active_record_1
Redirected to http://test.host/contacts/709
Completed 302 Found in 4ms (ActiveRecord: 1.4ms)
  [1m[36m (0.3ms)[0m  [1mROLLBACK[0m
.  [1m[35m (0.1ms)[0m  BEGIN
  [1m[36m (0.2ms)[0m  [1mROLLBACK[0m
F  [1m[35m (0.2ms)[0m  BEGIN
  [1m[36m (0.3ms)[0m  [1mROLLBACK[0m
F  [1m[35m (0.2ms)[0m  BEGIN
  [1m[36m (0.2ms)[0m  [1mSAVEPOINT active_record_1[0m
  [1m[35mSQL (0.7ms)[0m  INSERT INTO "contacts" ("created_at", "email", "postalcode", "street", "telephone", "town", "updated_at") VALUES ($1, $2, $3, $4, $5, $6, $7) RETURNING "id"  [["created_at", Fri, 07 Feb 2014 15:52:45 UTC +00:00], ["email", "aa@aa.de"], ["postalcode", "33739"], ["street", "examplestr. 5"], ["telephone", "051092999"], ["town", "Bielefeld"], ["updated_at", Fri, 07 Feb 2014 15:52:45 UTC +00:00]]
  [1m[36m (0.3ms)[0m  [1mRELEASE SAVEPOINT active_record_1[0m
Processing by ContactsController#edit as HTML
  Parameters: {"id"=>"710"}
  [1m[35mContact Load (0.7ms)[0m  SELECT "contacts".* FROM "contacts" WHERE "contacts"."id" = $1 LIMIT 1  [["id", "710"]]
Completed 200 OK in 3ms (Views: 1.4ms | ActiveRecord: 0.7ms)
  [1m[36m (0.3ms)[0m  [1mROLLBACK[0m
.  [1m[35m (0.2ms)[0m  BEGIN
  [1m[36m (0.3ms)[0m  [1mSAVEPOINT active_record_1[0m
  [1m[35mSQL (0.7ms)[0m  INSERT INTO "contacts" ("created_at", "email", "postalcode", "street", "telephone", "town", "updated_at") VALUES ($1, $2, $3, $4, $5, $6, $7) RETURNING "id"  [["created_at", Fri, 07 Feb 2014 15:52:45 UTC +00:00], ["email", "aa@aa.de"], ["postalcode", "33739"], ["street", "examplestr. 5"], ["telephone", "051092999"], ["town", "Bielefeld"], ["updated_at", Fri, 07 Feb 2014 15:52:45 UTC +00:00]]
  [1m[36m (0.3ms)[0m  [1mRELEASE SAVEPOINT active_record_1[0m
  [1m[35m (0.3ms)[0m  ROLLBACK
F  [1m[36m (0.2ms)[0m  [1mBEGIN[0m
  [1m[35m (0.3ms)[0m  SAVEPOINT active_record_1
  [1m[36mSQL (0.7ms)[0m  [1mINSERT INTO "contacts" ("created_at", "email", "postalcode", "street", "telephone", "town", "updated_at") VALUES ($1, $2, $3, $4, $5, $6, $7) RETURNING "id"[0m  [["created_at", Fri, 07 Feb 2014 15:52:45 UTC +00:00], ["email", "aa@aa.de"], ["postalcode", "33739"], ["street", "examplestr. 5"], ["telephone", "051092999"], ["town", "Bielefeld"], ["updated_at", Fri, 07 Feb 2014 15:52:45 UTC +00:00]]
  [1m[35m (0.3ms)[0m  RELEASE SAVEPOINT active_record_1
Processing by ContactsController#update as HTML
  Parameters: {"contact"=>{"street"=>"examplestr. 5", "postalcode"=>"33739", "town"=>"Bielefeld", "email"=>"aa@aa.de", "telephone"=>"051092999"}, "id"=>"712"}
  [1m[36mContact Load (0.7ms)[0m  [1mSELECT "contacts".* FROM "contacts" WHERE "contacts"."id" = $1 LIMIT 1[0m  [["id", "712"]]
  [1m[35m (0.3ms)[0m  SAVEPOINT active_record_1
  [1m[36m (0.3ms)[0m  [1mRELEASE SAVEPOINT active_record_1[0m
Redirected to http://test.host/contacts/712
Completed 302 Found in 5ms (ActiveRecord: 1.3ms)
  [1m[35m (0.3ms)[0m  ROLLBACK
.  [1m[36m (0.2ms)[0m  [1mBEGIN[0m
  [1m[35m (0.3ms)[0m  SAVEPOINT active_record_1
  [1m[36mSQL (0.7ms)[0m  [1mINSERT INTO "contacts" ("created_at", "email", "postalcode", "street", "telephone", "town", "updated_at") VALUES ($1, $2, $3, $4, $5, $6, $7) RETURNING "id"[0m  [["created_at", Fri, 07 Feb 2014 15:52:45 UTC +00:00], ["email", "aa@aa.de"], ["postalcode", "33739"], ["street", "examplestr. 5"], ["telephone", "051092999"], ["town", "Bielefeld"], ["updated_at", Fri, 07 Feb 2014 15:52:45 UTC +00:00]]
  [1m[35m (0.3ms)[0m  RELEASE SAVEPOINT active_record_1
Processing by ContactsController#update as HTML
  Parameters: {"contact"=>{"street"=>"examplestr. 5", "postalcode"=>"33739", "town"=>"Bielefeld", "email"=>"aa@aa.de", "telephone"=>"051092999"}, "id"=>"713"}
  [1m[36mContact Load (0.7ms)[0m  [1mSELECT "contacts".* FROM "contacts" WHERE "contacts"."id" = $1 LIMIT 1[0m  [["id", "713"]]
  [1m[35m (0.3ms)[0m  SAVEPOINT active_record_1
  [1m[36m (0.2ms)[0m  [1mRELEASE SAVEPOINT active_record_1[0m
Redirected to http://test.host/contacts/713
Completed 302 Found in 4ms (ActiveRecord: 1.2ms)
  [1m[35m (0.3ms)[0m  ROLLBACK
.  [1m[36m (0.2ms)[0m  [1mBEGIN[0m
  [1m[35m (0.3ms)[0m  SAVEPOINT active_record_1
  [1m[36mSQL (0.8ms)[0m  [1mINSERT INTO "contacts" ("created_at", "email", "postalcode", "street", "telephone", "town", "updated_at") VALUES ($1, $2, $3, $4, $5, $6, $7) RETURNING "id"[0m  [["created_at", Fri, 07 Feb 2014 15:52:45 UTC +00:00], ["email", "aa@aa.de"], ["postalcode", "33739"], ["street", "examplestr. 5"], ["telephone", "051092999"], ["town", "Bielefeld"], ["updated_at", Fri, 07 Feb 2014 15:52:45 UTC +00:00]]
  [1m[35m (0.3ms)[0m  RELEASE SAVEPOINT active_record_1
  [1m[36m (0.3ms)[0m  [1mROLLBACK[0m
F  [1m[35m (0.2ms)[0m  BEGIN
  [1m[36m (0.3ms)[0m  [1mSAVEPOINT active_record_1[0m
  [1m[35mSQL (0.7ms)[0m  INSERT INTO "contacts" ("created_at", "email", "postalcode", "street", "telephone", "town", "updated_at") VALUES ($1, $2, $3, $4, $5, $6, $7) RETURNING "id"  [["created_at", Fri, 07 Feb 2014 15:52:45 UTC +00:00], ["email", "aa@aa.de"], ["postalcode", "33739"], ["street", "examplestr. 5"], ["telephone", "051092999"], ["town", "Bielefeld"], ["updated_at", Fri, 07 Feb 2014 15:52:45 UTC +00:00]]
  [1m[36m (0.3ms)[0m  [1mRELEASE SAVEPOINT active_record_1[0m
  [1m[35m (0.3ms)[0m  ROLLBACK
F  [1m[36m (0.1ms)[0m  [1mBEGIN[0m
Started GET "/signup" for 127.0.0.1 at 2014-02-07 16:52:45 +0100
Processing by UsersController#new as HTML
  Rendered shared/_error_messages.html.erb (0.6ms)
  Rendered users/_fields.html.erb (2.1ms)
  Rendered users/_form.html.erb (6.6ms)
  [1m[35mUser Load (0.8ms)[0m  SELECT "users".* FROM "users" WHERE "users"."remember_token" = 'da39a3ee5e6b4b0d3255bfef95601890afd80709' LIMIT 1
Completed 200 OK in 13ms (Views: 11.4ms | ActiveRecord: 0.8ms)
  [1m[36m (0.8ms)[0m  [1mSELECT COUNT(*) FROM "users"[0m
  [1m[35m (0.3ms)[0m  ROLLBACK
F  [1m[36m (0.2ms)[0m  [1mBEGIN[0m
Started GET "/signup" for 127.0.0.1 at 2014-02-07 16:52:45 +0100
Processing by UsersController#new as HTML
  Rendered shared/_error_messages.html.erb (0.1ms)
  Rendered users/_fields.html.erb (1.0ms)
  Rendered users/_form.html.erb (2.5ms)
  [1m[35mUser Load (0.8ms)[0m  SELECT "users".* FROM "users" WHERE "users"."remember_token" = 'da39a3ee5e6b4b0d3255bfef95601890afd80709' LIMIT 1
Completed 200 OK in 6ms (Views: 4.6ms | ActiveRecord: 0.8ms)
  [1m[36m (0.3ms)[0m  [1mROLLBACK[0m
F*  [1m[35m (0.2ms)[0m  BEGIN
  [1m[36m (0.1ms)[0m  [1mSAVEPOINT active_record_1[0m
  [1m[35mUser Exists (0.8ms)[0m  SELECT 1 AS one FROM "users" WHERE LOWER("users"."email") = LOWER('user_72@example.com') LIMIT 1
  [1m[36mSQL (0.8ms)[0m  [1mINSERT INTO "users" ("created_at", "email", "firstname", "lastname", "password_digest", "remember_token", "role_id", "updated_at") VALUES ($1, $2, $3, $4, $5, $6, $7, $8) RETURNING "id"[0m  [["created_at", Fri, 07 Feb 2014 15:52:45 UTC +00:00], ["email", "user_72@example.com"], ["firstname", "User 72"], ["lastname", "the 72 of his kind"], ["password_digest", "$2a$04$J4VQ98H0bLxCcLk3ZEzJUecH3tnRsm4y7.CIBlDV87RrQm/E75Sge"], ["remember_token", "1a9c30d88c3ca6400d632fba2d48f19ad013b809"], ["role_id", 169], ["updated_at", Fri, 07 Feb 2014 15:52:45 UTC +00:00]]
  [1m[35m (0.3ms)[0m  RELEASE SAVEPOINT active_record_1
  [1m[36mRole Load (0.8ms)[0m  [1mSELECT "roles".* FROM "roles" WHERE "roles"."name" = 'user' ORDER BY "roles"."id" ASC LIMIT 1[0m
  [1m[35m (0.3ms)[0m  SAVEPOINT active_record_1
  [1m[36mUser Exists (0.7ms)[0m  [1mSELECT 1 AS one FROM "users" WHERE (LOWER("users"."email") = LOWER('user_72@example.com') AND "users"."id" != 3116) LIMIT 1[0m
  [1m[35m (0.4ms)[0m  RELEASE SAVEPOINT active_record_1
  [1m[36mRole Load (0.8ms)[0m  [1mSELECT "roles".* FROM "roles" WHERE "roles"."name" = 'user' ORDER BY "roles"."id" ASC LIMIT 1[0m
  [1m[35m (0.4ms)[0m  ROLLBACK
.  [1m[36m (0.4ms)[0m  [1mBEGIN[0m
  [1m[35m (0.4ms)[0m  SAVEPOINT active_record_1
  [1m[36mUser Exists (0.7ms)[0m  [1mSELECT 1 AS one FROM "users" WHERE LOWER("users"."email") = LOWER('user_73@example.com') LIMIT 1[0m
  [1m[35mSQL (0.9ms)[0m  INSERT INTO "users" ("created_at", "email", "firstname", "lastname", "password_digest", "remember_token", "role_id", "updated_at") VALUES ($1, $2, $3, $4, $5, $6, $7, $8) RETURNING "id"  [["created_at", Fri, 07 Feb 2014 15:52:45 UTC +00:00], ["email", "user_73@example.com"], ["firstname", "User 73"], ["lastname", "the 73 of his kind"], ["password_digest", "$2a$04$usp.NM06oJM3bfQK5K2hWuH7TbxjGAhwl4GkmmAbS4/Sny10h0hda"], ["remember_token", "52d4de99a77acf1720e6666e700d8f42855d4441"], ["role_id", 169], ["updated_at", Fri, 07 Feb 2014 15:52:45 UTC +00:00]]
  [1m[36m (0.1ms)[0m  [1mRELEASE SAVEPOINT active_record_1[0m
  [1m[35mRole Load (0.3ms)[0m  SELECT "roles".* FROM "roles" WHERE "roles"."name" = 'admin' ORDER BY "roles"."id" ASC LIMIT 1
  [1m[36m (0.1ms)[0m  [1mSAVEPOINT active_record_1[0m
  [1m[35mUser Exists (0.2ms)[0m  SELECT 1 AS one FROM "users" WHERE (LOWER("users"."email") = LOWER('user_73@example.com') AND "users"."id" != 3117) LIMIT 1
  [1m[36mSQL (0.3ms)[0m  [1mUPDATE "users" SET "role_id" = $1, "updated_at" = $2 WHERE "users"."id" = 3117[0m  [["role_id", 172], ["updated_at", Fri, 07 Feb 2014 15:52:45 UTC +00:00]]
  [1m[35m (0.1ms)[0m  RELEASE SAVEPOINT active_record_1
  [1m[36mRole Load (0.2ms)[0m  [1mSELECT "roles".* FROM "roles" WHERE "roles"."name" = 'admin' ORDER BY "roles"."id" ASC LIMIT 1[0m
  [1m[35m (0.1ms)[0m  ROLLBACK
.  [1m[36m (0.1ms)[0m  [1mBEGIN[0m
  [1m[35m (0.1ms)[0m  SAVEPOINT active_record_1
  [1m[36mUser Exists (0.3ms)[0m  [1mSELECT 1 AS one FROM "users" WHERE LOWER("users"."email") = LOWER('user_74@example.com') LIMIT 1[0m
  [1m[35mSQL (0.3ms)[0m  INSERT INTO "users" ("created_at", "email", "firstname", "lastname", "password_digest", "remember_token", "role_id", "updated_at") VALUES ($1, $2, $3, $4, $5, $6, $7, $8) RETURNING "id"  [["created_at", Fri, 07 Feb 2014 15:52:45 UTC +00:00], ["email", "user_74@example.com"], ["firstname", "User 74"], ["lastname", "the 74 of his kind"], ["password_digest", "$2a$04$GsXaUx1xioEq2JvoNIe.MORKI2RhhYMYk.n7hmbO8JwjlEXyNtOgK"], ["remember_token", "f2e64662c9e529339eaf89af0501be5c8a82d0ae"], ["role_id", 169], ["updated_at", Fri, 07 Feb 2014 15:52:45 UTC +00:00]]
  [1m[36m (0.1ms)[0m  [1mRELEASE SAVEPOINT active_record_1[0m
  [1m[35mRole Load (0.2ms)[0m  SELECT "roles".* FROM "roles" WHERE "roles"."name" = 'staff' ORDER BY "roles"."id" ASC LIMIT 1
  [1m[36m (0.1ms)[0m  [1mSAVEPOINT active_record_1[0m
  [1m[35mUser Exists (0.2ms)[0m  SELECT 1 AS one FROM "users" WHERE (LOWER("users"."email") = LOWER('user_74@example.com') AND "users"."id" != 3118) LIMIT 1
  [1m[36mSQL (0.3ms)[0m  [1mUPDATE "users" SET "role_id" = $1, "updated_at" = $2 WHERE "users"."id" = 3118[0m  [["role_id", 170], ["updated_at", Fri, 07 Feb 2014 15:52:45 UTC +00:00]]
  [1m[35m (0.1ms)[0m  RELEASE SAVEPOINT active_record_1
  [1m[36mRole Load (0.2ms)[0m  [1mSELECT "roles".* FROM "roles" WHERE "roles"."name" = 'staff' ORDER BY "roles"."id" ASC LIMIT 1[0m
  [1m[35m (0.1ms)[0m  ROLLBACK
.  [1m[36m (0.1ms)[0m  [1mBEGIN[0m
  [1m[35m (0.1ms)[0m  SAVEPOINT active_record_1
  [1m[36mUser Exists (0.3ms)[0m  [1mSELECT 1 AS one FROM "users" WHERE LOWER("users"."email") = LOWER('user_75@example.com') LIMIT 1[0m
  [1m[35mSQL (0.3ms)[0m  INSERT INTO "users" ("created_at", "email", "firstname", "lastname", "password_digest", "remember_token", "role_id", "updated_at") VALUES ($1, $2, $3, $4, $5, $6, $7, $8) RETURNING "id"  [["created_at", Fri, 07 Feb 2014 15:52:45 UTC +00:00], ["email", "user_75@example.com"], ["firstname", "User 75"], ["lastname", "the 75 of his kind"], ["password_digest", "$2a$04$bVTJl6z4MfWBXjQp0QviP.Yep2ebeBRMVNgFaWvIHrnLRZxFnxNg2"], ["remember_token", "e0dda8587d0ef6a77d0d0889faca74a2de3d01c9"], ["role_id", 169], ["updated_at", Fri, 07 Feb 2014 15:52:45 UTC +00:00]]
  [1m[36m (0.2ms)[0m  [1mRELEASE SAVEPOINT active_record_1[0m
  [1m[35mRole Load (0.7ms)[0m  SELECT "roles".* FROM "roles" WHERE "roles"."name" = 'admin' ORDER BY "roles"."id" ASC LIMIT 1
  [1m[36m (0.2ms)[0m  [1mROLLBACK[0m
.  [1m[35m (0.2ms)[0m  BEGIN
  [1m[36m (0.2ms)[0m  [1mSAVEPOINT active_record_1[0m
  [1m[35mUser Exists (0.7ms)[0m  SELECT 1 AS one FROM "users" WHERE LOWER("users"."email") = LOWER('user_76@example.com') LIMIT 1
  [1m[36mSQL (0.7ms)[0m  [1mINSERT INTO "users" ("created_at", "email", "firstname", "lastname", "password_digest", "remember_token", "role_id", "updated_at") VALUES ($1, $2, $3, $4, $5, $6, $7, $8) RETURNING "id"[0m  [["created_at", Fri, 07 Feb 2014 15:52:45 UTC +00:00], ["email", "user_76@example.com"], ["firstname", "User 76"], ["lastname", "the 76 of his kind"], ["password_digest", "$2a$04$kvz9wZN71IFi46so3qZS0u/y3yPbCnGYFLM0ZrrxhcgAxWkc0Edki"], ["remember_token", "616b2c804d5bf7fc4765c72a4149da4317441f9f"], ["role_id", 169], ["updated_at", Fri, 07 Feb 2014 15:52:45 UTC +00:00]]
  [1m[35m (0.2ms)[0m  RELEASE SAVEPOINT active_record_1
  [1m[36mRole Load (0.6ms)[0m  [1mSELECT "roles".* FROM "roles" WHERE "roles"."name" = 'staff' ORDER BY "roles"."id" ASC LIMIT 1[0m
  [1m[35m (0.2ms)[0m  SAVEPOINT active_record_1
  [1m[36mUser Exists (0.6ms)[0m  [1mSELECT 1 AS one FROM "users" WHERE (LOWER("users"."email") = LOWER('user_76@example.com') AND "users"."id" != 3120) LIMIT 1[0m
  [1m[35mSQL (0.9ms)[0m  UPDATE "users" SET "role_id" = $1, "updated_at" = $2 WHERE "users"."id" = 3120  [["role_id", 170], ["updated_at", Fri, 07 Feb 2014 15:52:45 UTC +00:00]]
  [1m[36m (0.2ms)[0m  [1mRELEASE SAVEPOINT active_record_1[0m
  [1m[35mRole Load (0.6ms)[0m  SELECT "roles".* FROM "roles" WHERE "roles"."name" = 'user' ORDER BY "roles"."id" ASC LIMIT 1
  [1m[36m (0.3ms)[0m  [1mROLLBACK[0m
.  [1m[35m (0.2ms)[0m  BEGIN
  [1m[36m (0.3ms)[0m  [1mSAVEPOINT active_record_1[0m
  [1m[35mUser Exists (0.7ms)[0m  SELECT 1 AS one FROM "users" WHERE LOWER("users"."email") = LOWER('user_77@example.com') LIMIT 1
  [1m[36mSQL (0.7ms)[0m  [1mINSERT INTO "users" ("created_at", "email", "firstname", "lastname", "password_digest", "remember_token", "role_id", "updated_at") VALUES ($1, $2, $3, $4, $5, $6, $7, $8) RETURNING "id"[0m  [["created_at", Fri, 07 Feb 2014 15:52:45 UTC +00:00], ["email", "user_77@example.com"], ["firstname", "User 77"], ["lastname", "the 77 of his kind"], ["password_digest", "$2a$04$TulZoZwa2a0kEiFLrt/j2.iTMsEL6xXPy7DhCHbVYwoanJ6ch6WkC"], ["remember_token", "dd22b5b5f772d68cc48649db8f5ecb898a048283"], ["role_id", 169], ["updated_at", Fri, 07 Feb 2014 15:52:45 UTC +00:00]]
  [1m[35m (0.3ms)[0m  RELEASE SAVEPOINT active_record_1
  [1m[36mRole Load (0.7ms)[0m  [1mSELECT "roles".* FROM "roles" WHERE "roles"."name" = 'staff' ORDER BY "roles"."id" ASC LIMIT 1[0m
  [1m[35m (0.3ms)[0m  ROLLBACK
.  [1m[36m (0.1ms)[0m  [1mBEGIN[0m
  [1m[35m (0.3ms)[0m  ROLLBACK
.*  [1m[36m (0.2ms)[0m  [1mBEGIN[0m
  [1m[35m (0.2ms)[0m  ROLLBACK
.  [1m[36m (0.2ms)[0m  [1mBEGIN[0m
  [1m[35m (0.2ms)[0m  ROLLBACK
.  [1m[36m (0.2ms)[0m  [1mBEGIN[0m
  [1m[35m (0.2ms)[0m  ROLLBACK
.  [1m[36m (0.1ms)[0m  [1mBEGIN[0m
  [1m[35m (0.2ms)[0m  ROLLBACK
.  [1m[36m (0.2ms)[0m  [1mBEGIN[0m
  [1m[35m (0.2ms)[0m  ROLLBACK
.  [1m[36m (0.2ms)[0m  [1mBEGIN[0m
  [1m[35m (0.2ms)[0m  ROLLBACK
.  [1m[36m (0.1ms)[0m  [1mBEGIN[0m
  [1m[35m (0.2ms)[0m  ROLLBACK
.*  [1m[36m (0.1ms)[0m  [1mBEGIN[0m
  Rendered companies/_form.html.erb (1.9ms)
  [1m[35m (0.3ms)[0m  ROLLBACK
F  [1m[36m (0.2ms)[0m  [1mBEGIN[0m
  [1m[35m (0.2ms)[0m  SAVEPOINT active_record_1
  [1m[36mUser Exists (0.7ms)[0m  [1mSELECT 1 AS one FROM "users" WHERE LOWER("users"."email") = LOWER('user_78@example.com') LIMIT 1[0m
  [1m[35mSQL (0.6ms)[0m  INSERT INTO "users" ("created_at", "email", "firstname", "lastname", "password_digest", "remember_token", "role_id", "updated_at") VALUES ($1, $2, $3, $4, $5, $6, $7, $8) RETURNING "id"  [["created_at", Fri, 07 Feb 2014 15:52:45 UTC +00:00], ["email", "user_78@example.com"], ["firstname", "User 78"], ["lastname", "the 78 of his kind"], ["password_digest", "$2a$04$3wklMQGYZXMR3dazHQ7I.u/x8YjJPjfz4OxLWmLHrUDjRj3S1WrxW"], ["remember_token", "9bb4e1528204c0f34ed89196104403242439fb26"], ["role_id", 169], ["updated_at", Fri, 07 Feb 2014 15:52:45 UTC +00:00]]
  [1m[36m (0.2ms)[0m  [1mRELEASE SAVEPOINT active_record_1[0m
  [1m[35m (0.2ms)[0m  SAVEPOINT active_record_1
  [1m[36mSQL (1.0ms)[0m  [1mUPDATE "users" SET "remember_token" = $1, "updated_at" = $2 WHERE "users"."id" = 3122[0m  [["remember_token", "e279133cd9152051de90115afc09ffd387dae458"], ["updated_at", Fri, 07 Feb 2014 15:52:45 UTC +00:00]]
  [1m[35m (0.2ms)[0m  RELEASE SAVEPOINT active_record_1
AAAAAAAAAAAAAAAAAAAAAAAAAAAAAAAAAAAAAAAAAAAAAAAAAAAAAAAAAAAAAAAAAAAAAAAAAAAA
  [1m[36m (0.1ms)[0m  [1mSAVEPOINT active_record_1[0m
  [1m[35mSQL (0.6ms)[0m  INSERT INTO "questions" ("created_at", "topic", "updated_at") VALUES ($1, $2, $3) RETURNING "id"  [["created_at", Fri, 07 Feb 2014 15:52:45 UTC +00:00], ["topic", "Test Topic"], ["updated_at", Fri, 07 Feb 2014 15:52:45 UTC +00:00]]
  [1m[36m (0.2ms)[0m  [1mRELEASE SAVEPOINT active_record_1[0m
  [1m[35m (0.2ms)[0m  SAVEPOINT active_record_1
  [1m[36mUser Exists (0.6ms)[0m  [1mSELECT 1 AS one FROM "users" WHERE LOWER("users"."email") = LOWER('user_79@example.com') LIMIT 1[0m
  [1m[35mSQL (0.6ms)[0m  INSERT INTO "users" ("created_at", "email", "firstname", "lastname", "password_digest", "remember_token", "role_id", "updated_at") VALUES ($1, $2, $3, $4, $5, $6, $7, $8) RETURNING "id"  [["created_at", Fri, 07 Feb 2014 15:52:45 UTC +00:00], ["email", "user_79@example.com"], ["firstname", "User 79"], ["lastname", "the 79 of his kind"], ["password_digest", "$2a$04$qet42RQHJU.Nx0PwHqzELO8snTkHQjjWBB7VopelG17YzgMkQFIYW"], ["remember_token", "f7cb09be6d179b10234ab46cf5939710955e4e0c"], ["role_id", 169], ["updated_at", Fri, 07 Feb 2014 15:52:45 UTC +00:00]]
  [1m[36m (0.2ms)[0m  [1mRELEASE SAVEPOINT active_record_1[0m
  [1m[35m (0.2ms)[0m  SAVEPOINT active_record_1
  [1m[36mSQL (0.5ms)[0m  [1mINSERT INTO "questions" ("created_at", "topic", "updated_at") VALUES ($1, $2, $3) RETURNING "id"[0m  [["created_at", Fri, 07 Feb 2014 15:52:45 UTC +00:00], ["topic", "Test Topic"], ["updated_at", Fri, 07 Feb 2014 15:52:45 UTC +00:00]]
  [1m[35m (0.2ms)[0m  RELEASE SAVEPOINT active_record_1
  [1m[36m (0.2ms)[0m  [1mSAVEPOINT active_record_1[0m
  [1m[35mSQL (0.6ms)[0m  INSERT INTO "companies" ("created_at", "name", "updated_at") VALUES ($1, $2, $3) RETURNING "id"  [["created_at", Fri, 07 Feb 2014 15:52:45 UTC +00:00], ["name", "test"], ["updated_at", Fri, 07 Feb 2014 15:52:45 UTC +00:00]]
  [1m[36m (0.2ms)[0m  [1mRELEASE SAVEPOINT active_record_1[0m
  [1m[35m (0.2ms)[0m  SAVEPOINT active_record_1
  [1m[36mSQL (0.6ms)[0m  [1mINSERT INTO "discussions" ("company_id", "created_at", "current_question_id", "due_date", "moderator_id", "topic", "updated_at") VALUES ($1, $2, $3, $4, $5, $6, $7) RETURNING "id"[0m  [["company_id", 1501], ["created_at", Fri, 07 Feb 2014 15:52:45 UTC +00:00], ["current_question_id", 1883], ["due_date", Mon, 03 Feb 2020 00:00:00 UTC +00:00], ["moderator_id", 3123], ["topic", "Test Topic"], ["updated_at", Fri, 07 Feb 2014 15:52:45 UTC +00:00]]
  [1m[35m (0.2ms)[0m  RELEASE SAVEPOINT active_record_1
  [1m[36m (0.2ms)[0m  [1mSAVEPOINT active_record_1[0m
  [1m[35mUser Exists (0.7ms)[0m  SELECT 1 AS one FROM "users" WHERE LOWER("users"."email") = LOWER('user_80@example.com') LIMIT 1
  [1m[36mSQL (0.6ms)[0m  [1mINSERT INTO "users" ("created_at", "email", "firstname", "lastname", "password_digest", "remember_token", "role_id", "updated_at") VALUES ($1, $2, $3, $4, $5, $6, $7, $8) RETURNING "id"[0m  [["created_at", Fri, 07 Feb 2014 15:52:45 UTC +00:00], ["email", "user_80@example.com"], ["firstname", "User 80"], ["lastname", "the 80 of his kind"], ["password_digest", "$2a$04$JAtOc.SaiLERU8odLEKxGeo3SGssO5dIpM.RnUypH218u2gCO8RDy"], ["remember_token", "6ee518dcaddf9ccfd17e559232ab59aec2c56d96"], ["role_id", 169], ["updated_at", Fri, 07 Feb 2014 15:52:45 UTC +00:00]]
  [1m[35m (0.2ms)[0m  RELEASE SAVEPOINT active_record_1
  [1m[36m (0.2ms)[0m  [1mSAVEPOINT active_record_1[0m
  [1m[35m (0.3ms)[0m  ROLLBACK TO SAVEPOINT active_record_1
  [1m[36m (0.3ms)[0m  [1mROLLBACK[0m
F  [1m[35m (0.1ms)[0m  BEGIN
  [1m[36m (0.2ms)[0m  [1mSAVEPOINT active_record_1[0m
  [1m[35mUser Exists (0.7ms)[0m  SELECT 1 AS one FROM "users" WHERE LOWER("users"."email") = LOWER('user_81@example.com') LIMIT 1
  [1m[36mSQL (0.7ms)[0m  [1mINSERT INTO "users" ("created_at", "email", "firstname", "lastname", "password_digest", "remember_token", "role_id", "updated_at") VALUES ($1, $2, $3, $4, $5, $6, $7, $8) RETURNING "id"[0m  [["created_at", Fri, 07 Feb 2014 15:52:45 UTC +00:00], ["email", "user_81@example.com"], ["firstname", "User 81"], ["lastname", "the 81 of his kind"], ["password_digest", "$2a$04$345KWzFYtksAxr6ZBcuNTupAunOnvB8pKO8dfxmYoKxCoAu1OKk/e"], ["remember_token", "40721eb080c268db0001bad452f70a5b72b0e79b"], ["role_id", 169], ["updated_at", Fri, 07 Feb 2014 15:52:45 UTC +00:00]]
  [1m[35m (0.3ms)[0m  RELEASE SAVEPOINT active_record_1
  [1m[36m (0.2ms)[0m  [1mSAVEPOINT active_record_1[0m
  [1m[35mSQL (1.1ms)[0m  UPDATE "users" SET "remember_token" = $1, "updated_at" = $2 WHERE "users"."id" = 3125  [["remember_token", "717e0d70a658e88a6c5a980163db6bc902929309"], ["updated_at", Fri, 07 Feb 2014 15:52:45 UTC +00:00]]
  [1m[36m (0.2ms)[0m  [1mRELEASE SAVEPOINT active_record_1[0m
  [1m[35m (0.2ms)[0m  SAVEPOINT active_record_1
  [1m[36m (0.3ms)[0m  [1mROLLBACK TO SAVEPOINT active_record_1[0m
  [1m[35m (0.3ms)[0m  ROLLBACK
F  [1m[36m (0.2ms)[0m  [1mBEGIN[0m
  [1m[35m (0.2ms)[0m  SAVEPOINT active_record_1
  [1m[36mUser Exists (0.7ms)[0m  [1mSELECT 1 AS one FROM "users" WHERE LOWER("users"."email") = LOWER('user_82@example.com') LIMIT 1[0m
  [1m[35mSQL (0.7ms)[0m  INSERT INTO "users" ("created_at", "email", "firstname", "lastname", "password_digest", "remember_token", "role_id", "updated_at") VALUES ($1, $2, $3, $4, $5, $6, $7, $8) RETURNING "id"  [["created_at", Fri, 07 Feb 2014 15:52:45 UTC +00:00], ["email", "user_82@example.com"], ["firstname", "User 82"], ["lastname", "the 82 of his kind"], ["password_digest", "$2a$04$tgUOlezEpAaMBbeyguC6UedvK6mBWV3tI/3MizxJHrPlcYXmyv.uG"], ["remember_token", "346a04f66d97475999c521fc8f44d7d4382a6692"], ["role_id", 169], ["updated_at", Fri, 07 Feb 2014 15:52:45 UTC +00:00]]
  [1m[36m (0.3ms)[0m  [1mRELEASE SAVEPOINT active_record_1[0m
  [1m[35m (0.2ms)[0m  SAVEPOINT active_record_1
  [1m[36mSQL (1.0ms)[0m  [1mUPDATE "users" SET "remember_token" = $1, "updated_at" = $2 WHERE "users"."id" = 3126[0m  [["remember_token", "a4b6af17123a09c41cfd492ef4e280ad9851562a"], ["updated_at", Fri, 07 Feb 2014 15:52:45 UTC +00:00]]
  [1m[35m (0.2ms)[0m  RELEASE SAVEPOINT active_record_1
  [1m[36m (0.2ms)[0m  [1mSAVEPOINT active_record_1[0m
  [1m[35m (0.3ms)[0m  ROLLBACK TO SAVEPOINT active_record_1
  [1m[36m (0.3ms)[0m  [1mROLLBACK[0m
F  [1m[35m (0.2ms)[0m  BEGIN
  [1m[36m (0.2ms)[0m  [1mSAVEPOINT active_record_1[0m
  [1m[35mUser Exists (0.7ms)[0m  SELECT 1 AS one FROM "users" WHERE LOWER("users"."email") = LOWER('user_83@example.com') LIMIT 1
  [1m[36mSQL (0.7ms)[0m  [1mINSERT INTO "users" ("created_at", "email", "firstname", "lastname", "password_digest", "remember_token", "role_id", "updated_at") VALUES ($1, $2, $3, $4, $5, $6, $7, $8) RETURNING "id"[0m  [["created_at", Fri, 07 Feb 2014 15:52:45 UTC +00:00], ["email", "user_83@example.com"], ["firstname", "User 83"], ["lastname", "the 83 of his kind"], ["password_digest", "$2a$04$z1yGmBDnrURSyXGQ6IBq3ey/x0shbl7dBWyUN1hlt7SHfea9YYRcG"], ["remember_token", "1fafe571362803eade42e638bb594ce3eff57d40"], ["role_id", 169], ["updated_at", Fri, 07 Feb 2014 15:52:45 UTC +00:00]]
  [1m[35m (0.3ms)[0m  RELEASE SAVEPOINT active_record_1
  [1m[36m (0.2ms)[0m  [1mSAVEPOINT active_record_1[0m
  [1m[35mSQL (1.0ms)[0m  UPDATE "users" SET "remember_token" = $1, "updated_at" = $2 WHERE "users"."id" = 3127  [["remember_token", "91df26b2f33ae0db9d4e1b3c40df64871c2d6651"], ["updated_at", Fri, 07 Feb 2014 15:52:45 UTC +00:00]]
  [1m[36m (0.3ms)[0m  [1mRELEASE SAVEPOINT active_record_1[0m
Processing by DiscussionsController#new as HTML
  Parameters: {"topic"=>"Test Topic", "due_date"=>"2020-02-03T00:00:00+00:00"}
  [1m[35mUser Load (0.4ms)[0m  SELECT "users".* FROM "users" WHERE "users"."remember_token" = '91df26b2f33ae0db9d4e1b3c40df64871c2d6651' LIMIT 1
  [1m[36mResearchInstitute Load (2.0ms)[0m  [1mSELECT "research_institutes".* FROM "research_institutes" INNER JOIN "research_institutes_users" ON "research_institutes"."id" = "research_institutes_users"."research_institute_id" WHERE "research_institutes_users"."user_id" = $1 ORDER BY "research_institutes"."id" ASC LIMIT 1[0m  [["user_id", 3127]]
Completed 500 Internal Server Error in 16ms
  [1m[35m (0.4ms)[0m  ROLLBACK
F  [1m[36m (0.1ms)[0m  [1mBEGIN[0m
  [1m[35m (0.2ms)[0m  SAVEPOINT active_record_1
  [1m[36mUser Exists (0.7ms)[0m  [1mSELECT 1 AS one FROM "users" WHERE LOWER("users"."email") = LOWER('user_84@example.com') LIMIT 1[0m
  [1m[35mSQL (0.7ms)[0m  INSERT INTO "users" ("created_at", "email", "firstname", "lastname", "password_digest", "remember_token", "role_id", "updated_at") VALUES ($1, $2, $3, $4, $5, $6, $7, $8) RETURNING "id"  [["created_at", Fri, 07 Feb 2014 15:52:45 UTC +00:00], ["email", "user_84@example.com"], ["firstname", "User 84"], ["lastname", "the 84 of his kind"], ["password_digest", "$2a$04$IeYzWyXF2LLKb6KOgJvOred3fZlfBKiWBeGwVGiRWh.5HGgkRFWTC"], ["remember_token", "e8ad7e7dd9db413f0d0a32afaa35d6f2a79e4bf7"], ["role_id", 169], ["updated_at", Fri, 07 Feb 2014 15:52:45 UTC +00:00]]
  [1m[36m (0.3ms)[0m  [1mRELEASE SAVEPOINT active_record_1[0m
  [1m[35m (0.3ms)[0m  SAVEPOINT active_record_1
  [1m[36mSQL (1.1ms)[0m  [1mUPDATE "users" SET "remember_token" = $1, "updated_at" = $2 WHERE "users"."id" = 3128[0m  [["remember_token", "62ecd4054496a23d05066e27904a27b8f14167f7"], ["updated_at", Fri, 07 Feb 2014 15:52:45 UTC +00:00]]
  [1m[35m (0.3ms)[0m  RELEASE SAVEPOINT active_record_1
  [1m[36m (0.3ms)[0m  [1mSAVEPOINT active_record_1[0m
  [1m[35m (0.2ms)[0m  ROLLBACK TO SAVEPOINT active_record_1
  [1m[36m (0.3ms)[0m  [1mROLLBACK[0m
F  [1m[35m (0.3ms)[0m  BEGIN
  [1m[36m (0.4ms)[0m  [1mSAVEPOINT active_record_1[0m
  [1m[35mUser Exists (0.9ms)[0m  SELECT 1 AS one FROM "users" WHERE LOWER("users"."email") = LOWER('user_85@example.com') LIMIT 1
  [1m[36mSQL (0.8ms)[0m  [1mINSERT INTO "users" ("created_at", "email", "firstname", "lastname", "password_digest", "remember_token", "role_id", "updated_at") VALUES ($1, $2, $3, $4, $5, $6, $7, $8) RETURNING "id"[0m  [["created_at", Fri, 07 Feb 2014 15:52:45 UTC +00:00], ["email", "user_85@example.com"], ["firstname", "User 85"], ["lastname", "the 85 of his kind"], ["password_digest", "$2a$04$Wi5R6P4XZDU2MVCg/kTZGeiFnftKSzhi6GS/eoipkmKsftiJ.xt3a"], ["remember_token", "605c782de840b181cb1ef2a7dfe1fa6de8b95e86"], ["role_id", 169], ["updated_at", Fri, 07 Feb 2014 15:52:45 UTC +00:00]]
  [1m[35m (0.3ms)[0m  RELEASE SAVEPOINT active_record_1
  [1m[36m (0.3ms)[0m  [1mSAVEPOINT active_record_1[0m
  [1m[35mSQL (1.1ms)[0m  UPDATE "users" SET "remember_token" = $1, "updated_at" = $2 WHERE "users"."id" = 3129  [["remember_token", "bb474eff27539e8c57baff304bbe0e595cb4ea40"], ["updated_at", Fri, 07 Feb 2014 15:52:45 UTC +00:00]]
  [1m[36m (0.2ms)[0m  [1mRELEASE SAVEPOINT active_record_1[0m
  [1m[35m (0.3ms)[0m  SAVEPOINT active_record_1
  [1m[36m (0.3ms)[0m  [1mROLLBACK TO SAVEPOINT active_record_1[0m
  [1m[35m (0.3ms)[0m  ROLLBACK
F  [1m[36m (0.1ms)[0m  [1mBEGIN[0m
  [1m[35m (0.2ms)[0m  SAVEPOINT active_record_1
  [1m[36mUser Exists (0.7ms)[0m  [1mSELECT 1 AS one FROM "users" WHERE LOWER("users"."email") = LOWER('user_86@example.com') LIMIT 1[0m
  [1m[35mSQL (0.7ms)[0m  INSERT INTO "users" ("created_at", "email", "firstname", "lastname", "password_digest", "remember_token", "role_id", "updated_at") VALUES ($1, $2, $3, $4, $5, $6, $7, $8) RETURNING "id"  [["created_at", Fri, 07 Feb 2014 15:52:45 UTC +00:00], ["email", "user_86@example.com"], ["firstname", "User 86"], ["lastname", "the 86 of his kind"], ["password_digest", "$2a$04$kgKP885sKh8ZiwCZYZlo5uRH16Ek8unrSGBmrOo5BrryHtMlvJhji"], ["remember_token", "9e4f1e46038353f1fc4bc3f9f4ec413e515809e2"], ["role_id", 169], ["updated_at", Fri, 07 Feb 2014 15:52:45 UTC +00:00]]
  [1m[36m (0.2ms)[0m  [1mRELEASE SAVEPOINT active_record_1[0m
  [1m[35m (0.2ms)[0m  SAVEPOINT active_record_1
  [1m[36mSQL (1.0ms)[0m  [1mUPDATE "users" SET "remember_token" = $1, "updated_at" = $2 WHERE "users"."id" = 3130[0m  [["remember_token", "80d32c19b3297e0f55de4c38856139e7fdffc60a"], ["updated_at", Fri, 07 Feb 2014 15:52:45 UTC +00:00]]
  [1m[35m (0.2ms)[0m  RELEASE SAVEPOINT active_record_1
  [1m[36m (0.5ms)[0m  [1mSELECT COUNT(*) FROM "discussions"[0m
Processing by DiscussionsController#create as HTML
  Parameters: {"discussion"=>{"topic"=>"Test Topic", "due_date"=>"2020-02-03T00:00:00+00:00"}}
  [1m[35mUser Load (0.8ms)[0m  SELECT "users".* FROM "users" WHERE "users"."remember_token" = '80d32c19b3297e0f55de4c38856139e7fdffc60a' LIMIT 1
  [1m[36m (0.3ms)[0m  [1mSAVEPOINT active_record_1[0m
  [1m[35mUser Exists (0.7ms)[0m  SELECT 1 AS one FROM "users" WHERE (LOWER("users"."email") = LOWER('user_86@example.com') AND "users"."id" != 3130) LIMIT 1
  [1m[36mSQL (0.6ms)[0m  [1mINSERT INTO "questions" ("created_at", "topic", "updated_at") VALUES ($1, $2, $3) RETURNING "id"[0m  [["created_at", Fri, 07 Feb 2014 15:52:45 UTC +00:00], ["topic", "Herzlich Willkommen"], ["updated_at", Fri, 07 Feb 2014 15:52:45 UTC +00:00]]
  [1m[35m (0.2ms)[0m  RELEASE SAVEPOINT active_record_1
  [1m[36m (0.2ms)[0m  [1mSAVEPOINT active_record_1[0m
  [1m[35mUser Exists (0.4ms)[0m  SELECT 1 AS one FROM "users" WHERE (LOWER("users"."email") = LOWER('user_86@example.com') AND "users"."id" != 3130) LIMIT 1
  [1m[36m (0.3ms)[0m  [1mROLLBACK TO SAVEPOINT active_record_1[0m
Completed 200 OK in 18ms (Views: 1.5ms | ActiveRecord: 3.6ms)
  [1m[35m (0.6ms)[0m  SELECT COUNT(*) FROM "discussions"
  [1m[36m (0.3ms)[0m  [1mROLLBACK[0m
F  [1m[35m (0.2ms)[0m  BEGIN
  [1m[36m (0.2ms)[0m  [1mSAVEPOINT active_record_1[0m
  [1m[35mUser Exists (0.7ms)[0m  SELECT 1 AS one FROM "users" WHERE LOWER("users"."email") = LOWER('user_87@example.com') LIMIT 1
  [1m[36mSQL (0.7ms)[0m  [1mINSERT INTO "users" ("created_at", "email", "firstname", "lastname", "password_digest", "remember_token", "role_id", "updated_at") VALUES ($1, $2, $3, $4, $5, $6, $7, $8) RETURNING "id"[0m  [["created_at", Fri, 07 Feb 2014 15:52:45 UTC +00:00], ["email", "user_87@example.com"], ["firstname", "User 87"], ["lastname", "the 87 of his kind"], ["password_digest", "$2a$04$RAFy1AnqndRWUGXXmfIu2OeN4mKjWhalUoxuTBRrNqDNnCMC6XOZu"], ["remember_token", "16983090ef950d00576553b95f6f84603d0ff583"], ["role_id", 169], ["updated_at", Fri, 07 Feb 2014 15:52:45 UTC +00:00]]
  [1m[35m (0.2ms)[0m  RELEASE SAVEPOINT active_record_1
  [1m[36m (0.2ms)[0m  [1mSAVEPOINT active_record_1[0m
  [1m[35mSQL (1.0ms)[0m  UPDATE "users" SET "remember_token" = $1, "updated_at" = $2 WHERE "users"."id" = 3131  [["remember_token", "273a72bacb9e99bba3af82715dc4d5897898b979"], ["updated_at", Fri, 07 Feb 2014 15:52:45 UTC +00:00]]
  [1m[36m (0.2ms)[0m  [1mRELEASE SAVEPOINT active_record_1[0m
Processing by DiscussionsController#create as HTML
  Parameters: {"discussion"=>{"topic"=>"Test Topic", "due_date"=>"2020-02-03T00:00:00+00:00"}}
  [1m[35mUser Load (0.8ms)[0m  SELECT "users".* FROM "users" WHERE "users"."remember_token" = '273a72bacb9e99bba3af82715dc4d5897898b979' LIMIT 1
  [1m[36m (0.3ms)[0m  [1mSAVEPOINT active_record_1[0m
  [1m[35mUser Exists (0.7ms)[0m  SELECT 1 AS one FROM "users" WHERE (LOWER("users"."email") = LOWER('user_87@example.com') AND "users"."id" != 3131) LIMIT 1
  [1m[36mSQL (0.6ms)[0m  [1mINSERT INTO "questions" ("created_at", "topic", "updated_at") VALUES ($1, $2, $3) RETURNING "id"[0m  [["created_at", Fri, 07 Feb 2014 15:52:45 UTC +00:00], ["topic", "Herzlich Willkommen"], ["updated_at", Fri, 07 Feb 2014 15:52:45 UTC +00:00]]
  [1m[35m (0.3ms)[0m  RELEASE SAVEPOINT active_record_1
  [1m[36m (0.2ms)[0m  [1mSAVEPOINT active_record_1[0m
  [1m[35mUser Exists (0.7ms)[0m  SELECT 1 AS one FROM "users" WHERE (LOWER("users"."email") = LOWER('user_87@example.com') AND "users"."id" != 3131) LIMIT 1
  [1m[36m (0.3ms)[0m  [1mROLLBACK TO SAVEPOINT active_record_1[0m
Completed 200 OK in 17ms (Views: 0.9ms | ActiveRecord: 3.8ms)
  [1m[35mDiscussion Load (0.7ms)[0m  SELECT "discussions".* FROM "discussions" ORDER BY "discussions"."id" DESC LIMIT 1
  [1m[36m (0.3ms)[0m  [1mROLLBACK[0m
F  [1m[35m (0.2ms)[0m  BEGIN
  [1m[36m (0.3ms)[0m  [1mSAVEPOINT active_record_1[0m
  [1m[35mUser Exists (0.7ms)[0m  SELECT 1 AS one FROM "users" WHERE LOWER("users"."email") = LOWER('user_88@example.com') LIMIT 1
  [1m[36mSQL (0.7ms)[0m  [1mINSERT INTO "users" ("created_at", "email", "firstname", "lastname", "password_digest", "remember_token", "role_id", "updated_at") VALUES ($1, $2, $3, $4, $5, $6, $7, $8) RETURNING "id"[0m  [["created_at", Fri, 07 Feb 2014 15:52:45 UTC +00:00], ["email", "user_88@example.com"], ["firstname", "User 88"], ["lastname", "the 88 of his kind"], ["password_digest", "$2a$04$r/BnNwpQDR08zgRnblhUSuH2oueiD19479ysuxFFeQrIBnn.iEN5W"], ["remember_token", "c2d8481c1d18ce7f6b20d3a9d83304a42babd050"], ["role_id", 169], ["updated_at", Fri, 07 Feb 2014 15:52:45 UTC +00:00]]
  [1m[35m (0.3ms)[0m  RELEASE SAVEPOINT active_record_1
  [1m[36m (0.2ms)[0m  [1mSAVEPOINT active_record_1[0m
  [1m[35mSQL (1.1ms)[0m  UPDATE "users" SET "remember_token" = $1, "updated_at" = $2 WHERE "users"."id" = 3132  [["remember_token", "5c1cd0c061ed922641865cdfef2cfe5b08057791"], ["updated_at", Fri, 07 Feb 2014 15:52:45 UTC +00:00]]
  [1m[36m (0.2ms)[0m  [1mRELEASE SAVEPOINT active_record_1[0m
Processing by DiscussionsController#create as HTML
  Parameters: {"discussion"=>{"topic"=>"Test Topic", "due_date"=>"2020-02-03T00:00:00+00:00"}}
  [1m[35mUser Load (0.7ms)[0m  SELECT "users".* FROM "users" WHERE "users"."remember_token" = '5c1cd0c061ed922641865cdfef2cfe5b08057791' LIMIT 1
  [1m[36m (0.3ms)[0m  [1mSAVEPOINT active_record_1[0m
  [1m[35mUser Exists (0.7ms)[0m  SELECT 1 AS one FROM "users" WHERE (LOWER("users"."email") = LOWER('user_88@example.com') AND "users"."id" != 3132) LIMIT 1
  [1m[36mSQL (0.6ms)[0m  [1mINSERT INTO "questions" ("created_at", "topic", "updated_at") VALUES ($1, $2, $3) RETURNING "id"[0m  [["created_at", Fri, 07 Feb 2014 15:52:45 UTC +00:00], ["topic", "Herzlich Willkommen"], ["updated_at", Fri, 07 Feb 2014 15:52:45 UTC +00:00]]
  [1m[35m (0.3ms)[0m  RELEASE SAVEPOINT active_record_1
  [1m[36m (0.2ms)[0m  [1mSAVEPOINT active_record_1[0m
  [1m[35mUser Exists (0.7ms)[0m  SELECT 1 AS one FROM "users" WHERE (LOWER("users"."email") = LOWER('user_88@example.com') AND "users"."id" != 3132) LIMIT 1
  [1m[36m (0.3ms)[0m  [1mROLLBACK TO SAVEPOINT active_record_1[0m
Completed 200 OK in 19ms (Views: 1.0ms | ActiveRecord: 3.7ms)
  [1m[35m (0.3ms)[0m  ROLLBACK
F  [1m[36m (0.2ms)[0m  [1mBEGIN[0m
  [1m[35m (0.2ms)[0m  SAVEPOINT active_record_1
  [1m[36mUser Exists (0.7ms)[0m  [1mSELECT 1 AS one FROM "users" WHERE LOWER("users"."email") = LOWER('user_89@example.com') LIMIT 1[0m
  [1m[35mSQL (0.8ms)[0m  INSERT INTO "users" ("created_at", "email", "firstname", "lastname", "password_digest", "remember_token", "role_id", "updated_at") VALUES ($1, $2, $3, $4, $5, $6, $7, $8) RETURNING "id"  [["created_at", Fri, 07 Feb 2014 15:52:45 UTC +00:00], ["email", "user_89@example.com"], ["firstname", "User 89"], ["lastname", "the 89 of his kind"], ["password_digest", "$2a$04$FtJfKr5c6V/JarYfRFI12OyCO/xIBjL4O/lM.lpfnZcCu5QhNk4qC"], ["remember_token", "fe11125c268170fa4026b29e75b28909e58f25d4"], ["role_id", 169], ["updated_at", Fri, 07 Feb 2014 15:52:45 UTC +00:00]]
  [1m[36m (0.3ms)[0m  [1mRELEASE SAVEPOINT active_record_1[0m
  [1m[35m (0.2ms)[0m  SAVEPOINT active_record_1
  [1m[36mSQL (1.1ms)[0m  [1mUPDATE "users" SET "remember_token" = $1, "updated_at" = $2 WHERE "users"."id" = 3133[0m  [["remember_token", "add003cf441691bedd5f04b8d855d3acf42b5514"], ["updated_at", Fri, 07 Feb 2014 15:52:45 UTC +00:00]]
  [1m[35m (0.2ms)[0m  RELEASE SAVEPOINT active_record_1
Processing by DiscussionsController#create as HTML
  Parameters: {"discussion"=>{"topic"=>"invalid value"}}
  [1m[36mUser Load (0.7ms)[0m  [1mSELECT "users".* FROM "users" WHERE "users"."remember_token" = 'add003cf441691bedd5f04b8d855d3acf42b5514' LIMIT 1[0m
  [1m[35m (0.3ms)[0m  SAVEPOINT active_record_1
  [1m[36mSQL (0.7ms)[0m  [1mINSERT INTO "questions" ("created_at", "topic", "updated_at") VALUES ($1, $2, $3) RETURNING "id"[0m  [["created_at", Fri, 07 Feb 2014 15:52:45 UTC +00:00], ["topic", "Herzlich Willkommen"], ["updated_at", Fri, 07 Feb 2014 15:52:45 UTC +00:00]]
  [1m[35m (0.3ms)[0m  RELEASE SAVEPOINT active_record_1
Completed 200 OK in 8ms (Views: 1.1ms | ActiveRecord: 1.9ms)
  [1m[36m (0.3ms)[0m  [1mROLLBACK[0m
.  [1m[35m (0.2ms)[0m  BEGIN
  [1m[36m (0.3ms)[0m  [1mSAVEPOINT active_record_1[0m
  [1m[35mUser Exists (0.7ms)[0m  SELECT 1 AS one FROM "users" WHERE LOWER("users"."email") = LOWER('user_90@example.com') LIMIT 1
  [1m[36mSQL (0.8ms)[0m  [1mINSERT INTO "users" ("created_at", "email", "firstname", "lastname", "password_digest", "remember_token", "role_id", "updated_at") VALUES ($1, $2, $3, $4, $5, $6, $7, $8) RETURNING "id"[0m  [["created_at", Fri, 07 Feb 2014 15:52:45 UTC +00:00], ["email", "user_90@example.com"], ["firstname", "User 90"], ["lastname", "the 90 of his kind"], ["password_digest", "$2a$04$FOPygJK2Gu34fz0SCdcpCeQFB.fz.rnL7xAwscMth1ddcOsz7Plc."], ["remember_token", "152701ece576ab311283132fc943f8adb579ae33"], ["role_id", 169], ["updated_at", Fri, 07 Feb 2014 15:52:45 UTC +00:00]]
  [1m[35m (0.2ms)[0m  RELEASE SAVEPOINT active_record_1
  [1m[36m (0.2ms)[0m  [1mSAVEPOINT active_record_1[0m
  [1m[35mSQL (1.1ms)[0m  UPDATE "users" SET "remember_token" = $1, "updated_at" = $2 WHERE "users"."id" = 3134  [["remember_token", "ef4d5a5c484a054b0eea76230fa3f10399475a70"], ["updated_at", Fri, 07 Feb 2014 15:52:45 UTC +00:00]]
  [1m[36m (0.3ms)[0m  [1mRELEASE SAVEPOINT active_record_1[0m
Processing by DiscussionsController#create as HTML
  Parameters: {"discussion"=>{"topic"=>"invalid value"}}
  [1m[35mUser Load (0.8ms)[0m  SELECT "users".* FROM "users" WHERE "users"."remember_token" = 'ef4d5a5c484a054b0eea76230fa3f10399475a70' LIMIT 1
  [1m[36m (0.3ms)[0m  [1mSAVEPOINT active_record_1[0m
  [1m[35mSQL (0.7ms)[0m  INSERT INTO "questions" ("created_at", "topic", "updated_at") VALUES ($1, $2, $3) RETURNING "id"  [["created_at", Fri, 07 Feb 2014 15:52:45 UTC +00:00], ["topic", "Herzlich Willkommen"], ["updated_at", Fri, 07 Feb 2014 15:52:45 UTC +00:00]]
  [1m[36m (0.3ms)[0m  [1mRELEASE SAVEPOINT active_record_1[0m
Completed 200 OK in 9ms (Views: 1.1ms | ActiveRecord: 2.0ms)
  [1m[35m (0.3ms)[0m  ROLLBACK
.  [1m[36m (0.2ms)[0m  [1mBEGIN[0m
  [1m[35m (0.3ms)[0m  SAVEPOINT active_record_1
  [1m[36mUser Exists (0.7ms)[0m  [1mSELECT 1 AS one FROM "users" WHERE LOWER("users"."email") = LOWER('user_91@example.com') LIMIT 1[0m
  [1m[35mSQL (0.8ms)[0m  INSERT INTO "users" ("created_at", "email", "firstname", "lastname", "password_digest", "remember_token", "role_id", "updated_at") VALUES ($1, $2, $3, $4, $5, $6, $7, $8) RETURNING "id"  [["created_at", Fri, 07 Feb 2014 15:52:45 UTC +00:00], ["email", "user_91@example.com"], ["firstname", "User 91"], ["lastname", "the 91 of his kind"], ["password_digest", "$2a$04$iSfSlULwiTA1E7yRDkrnZ.KASGDDo09.zdEfnxkdaH61ihcFEojcG"], ["remember_token", "e55ebef1a6033590f3c609f8ee739d512d0f89ed"], ["role_id", 169], ["updated_at", Fri, 07 Feb 2014 15:52:45 UTC +00:00]]
  [1m[36m (0.3ms)[0m  [1mRELEASE SAVEPOINT active_record_1[0m
  [1m[35m (0.2ms)[0m  SAVEPOINT active_record_1
  [1m[36mSQL (1.1ms)[0m  [1mUPDATE "users" SET "remember_token" = $1, "updated_at" = $2 WHERE "users"."id" = 3135[0m  [["remember_token", "1f6d811a8c49aa224714efdde6f3ebcaa6fa7766"], ["updated_at", Fri, 07 Feb 2014 15:52:45 UTC +00:00]]
  [1m[35m (0.3ms)[0m  RELEASE SAVEPOINT active_record_1
  [1m[36m (0.2ms)[0m  [1mSAVEPOINT active_record_1[0m
  [1m[35m (0.3ms)[0m  ROLLBACK TO SAVEPOINT active_record_1
  [1m[36m (0.3ms)[0m  [1mROLLBACK[0m
F  [1m[35m (0.3ms)[0m  BEGIN
  [1m[36m (0.3ms)[0m  [1mSAVEPOINT active_record_1[0m
  [1m[35mUser Exists (0.7ms)[0m  SELECT 1 AS one FROM "users" WHERE LOWER("users"."email") = LOWER('user_92@example.com') LIMIT 1
  [1m[36mSQL (0.8ms)[0m  [1mINSERT INTO "users" ("created_at", "email", "firstname", "lastname", "password_digest", "remember_token", "role_id", "updated_at") VALUES ($1, $2, $3, $4, $5, $6, $7, $8) RETURNING "id"[0m  [["created_at", Fri, 07 Feb 2014 15:52:45 UTC +00:00], ["email", "user_92@example.com"], ["firstname", "User 92"], ["lastname", "the 92 of his kind"], ["password_digest", "$2a$04$HtEVdJ4Dz8y2sXkn.pbAxu.goqzEFcJCow.U7nPTfr.qgNY6ccNsC"], ["remember_token", "649ea74db5802cce2832fa86aee60cd95dbc5898"], ["role_id", 169], ["updated_at", Fri, 07 Feb 2014 15:52:45 UTC +00:00]]
  [1m[35m (0.3ms)[0m  RELEASE SAVEPOINT active_record_1
  [1m[36m (0.3ms)[0m  [1mSAVEPOINT active_record_1[0m
  [1m[35mSQL (1.1ms)[0m  UPDATE "users" SET "remember_token" = $1, "updated_at" = $2 WHERE "users"."id" = 3136  [["remember_token", "b1fee699f984fdc01a68e59f7113716b85e6fc90"], ["updated_at", Fri, 07 Feb 2014 15:52:45 UTC +00:00]]
  [1m[36m (0.3ms)[0m  [1mRELEASE SAVEPOINT active_record_1[0m
  [1m[35m (0.2ms)[0m  SAVEPOINT active_record_1
  [1m[36m (0.3ms)[0m  [1mROLLBACK TO SAVEPOINT active_record_1[0m
  [1m[35m (0.3ms)[0m  ROLLBACK
F  [1m[36m (0.3ms)[0m  [1mBEGIN[0m
  [1m[35m (0.3ms)[0m  SAVEPOINT active_record_1
  [1m[36mUser Exists (0.7ms)[0m  [1mSELECT 1 AS one FROM "users" WHERE LOWER("users"."email") = LOWER('user_93@example.com') LIMIT 1[0m
  [1m[35mSQL (0.8ms)[0m  INSERT INTO "users" ("created_at", "email", "firstname", "lastname", "password_digest", "remember_token", "role_id", "updated_at") VALUES ($1, $2, $3, $4, $5, $6, $7, $8) RETURNING "id"  [["created_at", Fri, 07 Feb 2014 15:52:45 UTC +00:00], ["email", "user_93@example.com"], ["firstname", "User 93"], ["lastname", "the 93 of his kind"], ["password_digest", "$2a$04$JHJzGrfZi3b12TLvD6aR8.m4/r/NqVZUTLn3dBgXtmTv9ScnaRu0y"], ["remember_token", "9613d8b5fb40d3736a14444e681572b7d4435c74"], ["role_id", 169], ["updated_at", Fri, 07 Feb 2014 15:52:45 UTC +00:00]]
  [1m[36m (0.3ms)[0m  [1mRELEASE SAVEPOINT active_record_1[0m
  [1m[35m (0.2ms)[0m  SAVEPOINT active_record_1
  [1m[36mSQL (1.1ms)[0m  [1mUPDATE "users" SET "remember_token" = $1, "updated_at" = $2 WHERE "users"."id" = 3137[0m  [["remember_token", "93b414d86c92693cec34a690b9844be22e52f3ac"], ["updated_at", Fri, 07 Feb 2014 15:52:45 UTC +00:00]]
  [1m[35m (0.3ms)[0m  RELEASE SAVEPOINT active_record_1
  [1m[36m (0.2ms)[0m  [1mSAVEPOINT active_record_1[0m
  [1m[35m (0.3ms)[0m  ROLLBACK TO SAVEPOINT active_record_1
  [1m[36m (0.3ms)[0m  [1mROLLBACK[0m
F  [1m[35m (0.2ms)[0m  BEGIN
  [1m[36m (0.2ms)[0m  [1mSAVEPOINT active_record_1[0m
  [1m[35mUser Exists (0.7ms)[0m  SELECT 1 AS one FROM "users" WHERE LOWER("users"."email") = LOWER('user_94@example.com') LIMIT 1
  [1m[36mSQL (0.8ms)[0m  [1mINSERT INTO "users" ("created_at", "email", "firstname", "lastname", "password_digest", "remember_token", "role_id", "updated_at") VALUES ($1, $2, $3, $4, $5, $6, $7, $8) RETURNING "id"[0m  [["created_at", Fri, 07 Feb 2014 15:52:46 UTC +00:00], ["email", "user_94@example.com"], ["firstname", "User 94"], ["lastname", "the 94 of his kind"], ["password_digest", "$2a$04$QHxX.ynJH44Fd6vLAg/heOmnQafZ6ofmGaUWJRYK9JLbhLvlZPi8W"], ["remember_token", "c9634cbd20808f6e33929ff513783a2ac142db9a"], ["role_id", 169], ["updated_at", Fri, 07 Feb 2014 15:52:46 UTC +00:00]]
  [1m[35m (0.3ms)[0m  RELEASE SAVEPOINT active_record_1
  [1m[36m (0.2ms)[0m  [1mSAVEPOINT active_record_1[0m
  [1m[35mSQL (1.1ms)[0m  UPDATE "users" SET "remember_token" = $1, "updated_at" = $2 WHERE "users"."id" = 3138  [["remember_token", "6dbf47bfb25cdf1096578b7900ceaa34ef830bc1"], ["updated_at", Fri, 07 Feb 2014 15:52:46 UTC +00:00]]
  [1m[36m (0.3ms)[0m  [1mRELEASE SAVEPOINT active_record_1[0m
  [1m[35m (0.2ms)[0m  SAVEPOINT active_record_1
  [1m[36m (0.3ms)[0m  [1mROLLBACK TO SAVEPOINT active_record_1[0m
  [1m[35m (0.3ms)[0m  ROLLBACK
F  [1m[36m (0.2ms)[0m  [1mBEGIN[0m
  [1m[35m (0.3ms)[0m  SAVEPOINT active_record_1
  [1m[36mUser Exists (0.7ms)[0m  [1mSELECT 1 AS one FROM "users" WHERE LOWER("users"."email") = LOWER('user_95@example.com') LIMIT 1[0m
  [1m[35mSQL (0.8ms)[0m  INSERT INTO "users" ("created_at", "email", "firstname", "lastname", "password_digest", "remember_token", "role_id", "updated_at") VALUES ($1, $2, $3, $4, $5, $6, $7, $8) RETURNING "id"  [["created_at", Fri, 07 Feb 2014 15:52:46 UTC +00:00], ["email", "user_95@example.com"], ["firstname", "User 95"], ["lastname", "the 95 of his kind"], ["password_digest", "$2a$04$Ue/65zQt8WVFmGJSWmKW/.BptZ1SCfmdYIDu9kV5lSAvYtDcuR8ua"], ["remember_token", "417fe04734e6ff47193b857f5000e42b7c7194aa"], ["role_id", 169], ["updated_at", Fri, 07 Feb 2014 15:52:46 UTC +00:00]]
  [1m[36m (0.3ms)[0m  [1mRELEASE SAVEPOINT active_record_1[0m
  [1m[35m (0.2ms)[0m  SAVEPOINT active_record_1
  [1m[36mSQL (1.1ms)[0m  [1mUPDATE "users" SET "remember_token" = $1, "updated_at" = $2 WHERE "users"."id" = 3139[0m  [["remember_token", "9d8a22c147cb74f9c915ede6693cc921f70f3fe3"], ["updated_at", Fri, 07 Feb 2014 15:52:46 UTC +00:00]]
  [1m[35m (0.3ms)[0m  RELEASE SAVEPOINT active_record_1
  [1m[36m (0.2ms)[0m  [1mSAVEPOINT active_record_1[0m
  [1m[35m (0.3ms)[0m  ROLLBACK TO SAVEPOINT active_record_1
  [1m[36m (0.4ms)[0m  [1mROLLBACK[0m
F  [1m[35m (0.2ms)[0m  BEGIN
Processing by DiscussionsController#index as HTML
  [1m[36mUser Load (0.7ms)[0m  [1mSELECT "users".* FROM "users" WHERE "users"."remember_token" = 'da39a3ee5e6b4b0d3255bfef95601890afd80709' LIMIT 1[0m
Redirected to http://test.host/signin
Filter chain halted as :check_rights rendered or redirected
Completed 302 Found in 2ms (ActiveRecord: 0.7ms)
  [1m[35m (0.2ms)[0m  ROLLBACK
.  [1m[36m (0.2ms)[0m  [1mBEGIN[0m
  [1m[35m (0.2ms)[0m  SAVEPOINT active_record_1
  [1m[36mUser Exists (0.7ms)[0m  [1mSELECT 1 AS one FROM "users" WHERE LOWER("users"."email") = LOWER('user_96@example.com') LIMIT 1[0m
  [1m[35mSQL (0.7ms)[0m  INSERT INTO "users" ("created_at", "email", "firstname", "lastname", "password_digest", "remember_token", "role_id", "updated_at") VALUES ($1, $2, $3, $4, $5, $6, $7, $8) RETURNING "id"  [["created_at", Fri, 07 Feb 2014 15:52:46 UTC +00:00], ["email", "user_96@example.com"], ["firstname", "User 96"], ["lastname", "the 96 of his kind"], ["password_digest", "$2a$04$3uGMryzWD7Snu58PIzaee.hTBNB6Ny0UU2QxK.mloGDF/oA0uXYCy"], ["remember_token", "a872579d84585fea71edc3a9a8d4cb730bc4ac7d"], ["role_id", 169], ["updated_at", Fri, 07 Feb 2014 15:52:46 UTC +00:00]]
  [1m[36m (0.2ms)[0m  [1mRELEASE SAVEPOINT active_record_1[0m
  [1m[35m (0.2ms)[0m  SAVEPOINT active_record_1
  [1m[36mSQL (0.5ms)[0m  [1mINSERT INTO "questions" ("created_at", "topic", "updated_at") VALUES ($1, $2, $3) RETURNING "id"[0m  [["created_at", Fri, 07 Feb 2014 15:52:46 UTC +00:00], ["topic", "Test Topic"], ["updated_at", Fri, 07 Feb 2014 15:52:46 UTC +00:00]]
  [1m[35m (0.2ms)[0m  RELEASE SAVEPOINT active_record_1
  [1m[36m (0.2ms)[0m  [1mSAVEPOINT active_record_1[0m
  [1m[35mSQL (0.5ms)[0m  INSERT INTO "companies" ("created_at", "name", "updated_at") VALUES ($1, $2, $3) RETURNING "id"  [["created_at", Fri, 07 Feb 2014 15:52:46 UTC +00:00], ["name", "test"], ["updated_at", Fri, 07 Feb 2014 15:52:46 UTC +00:00]]
  [1m[36m (0.2ms)[0m  [1mRELEASE SAVEPOINT active_record_1[0m
  [1m[35m (0.2ms)[0m  SAVEPOINT active_record_1
  [1m[36mSQL (0.5ms)[0m  [1mINSERT INTO "discussions" ("company_id", "created_at", "current_question_id", "due_date", "moderator_id", "topic", "updated_at") VALUES ($1, $2, $3, $4, $5, $6, $7) RETURNING "id"[0m  [["company_id", 1502], ["created_at", Fri, 07 Feb 2014 15:52:46 UTC +00:00], ["current_question_id", 1889], ["due_date", Mon, 03 Feb 2020 00:00:00 UTC +00:00], ["moderator_id", 3140], ["topic", "Test Topic"], ["updated_at", Fri, 07 Feb 2014 15:52:46 UTC +00:00]]
  [1m[35m (0.2ms)[0m  RELEASE SAVEPOINT active_record_1
Processing by DiscussionsController#edit as HTML
  Parameters: {"id"=>"1108"}
  [1m[36mDiscussion Load (1.1ms)[0m  [1mSELECT "discussions".* FROM "discussions" WHERE "discussions"."id" = $1 LIMIT 1[0m  [["id", "1108"]]
  [1m[35mUser Load (0.6ms)[0m  SELECT "users".* FROM "users" WHERE "users"."remember_token" = 'da39a3ee5e6b4b0d3255bfef95601890afd80709' LIMIT 1
Redirected to http://test.host/signin
Filter chain halted as :check_rights rendered or redirected
Completed 302 Found in 3ms (ActiveRecord: 1.7ms)
  [1m[36m (0.3ms)[0m  [1mROLLBACK[0m
.  [1m[35m (0.2ms)[0m  BEGIN
  [1m[36m (0.3ms)[0m  [1mSAVEPOINT active_record_1[0m
  [1m[35mUser Exists (0.7ms)[0m  SELECT 1 AS one FROM "users" WHERE LOWER("users"."email") = LOWER('user_97@example.com') LIMIT 1
  [1m[36mSQL (0.7ms)[0m  [1mINSERT INTO "users" ("created_at", "email", "firstname", "lastname", "password_digest", "remember_token", "role_id", "updated_at") VALUES ($1, $2, $3, $4, $5, $6, $7, $8) RETURNING "id"[0m  [["created_at", Fri, 07 Feb 2014 15:52:46 UTC +00:00], ["email", "user_97@example.com"], ["firstname", "User 97"], ["lastname", "the 97 of his kind"], ["password_digest", "$2a$04$NA6x5SUVWbFH5OJqpOEuTucg1xYcdMu2Owi1iIA7JRMTvghXPfXXW"], ["remember_token", "7aeb95be9116a9f97263b20d12903449f7c549eb"], ["role_id", 169], ["updated_at", Fri, 07 Feb 2014 15:52:46 UTC +00:00]]
  [1m[35m (0.2ms)[0m  RELEASE SAVEPOINT active_record_1
  [1m[36m (0.2ms)[0m  [1mSAVEPOINT active_record_1[0m
  [1m[35mSQL (0.5ms)[0m  INSERT INTO "questions" ("created_at", "topic", "updated_at") VALUES ($1, $2, $3) RETURNING "id"  [["created_at", Fri, 07 Feb 2014 15:52:46 UTC +00:00], ["topic", "Test Topic"], ["updated_at", Fri, 07 Feb 2014 15:52:46 UTC +00:00]]
  [1m[36m (0.3ms)[0m  [1mRELEASE SAVEPOINT active_record_1[0m
  [1m[35m (0.2ms)[0m  SAVEPOINT active_record_1
  [1m[36mSQL (0.5ms)[0m  [1mINSERT INTO "companies" ("created_at", "name", "updated_at") VALUES ($1, $2, $3) RETURNING "id"[0m  [["created_at", Fri, 07 Feb 2014 15:52:46 UTC +00:00], ["name", "test"], ["updated_at", Fri, 07 Feb 2014 15:52:46 UTC +00:00]]
  [1m[35m (0.2ms)[0m  RELEASE SAVEPOINT active_record_1
  [1m[36m (0.2ms)[0m  [1mSAVEPOINT active_record_1[0m
  [1m[35mSQL (0.5ms)[0m  INSERT INTO "discussions" ("company_id", "created_at", "current_question_id", "due_date", "moderator_id", "topic", "updated_at") VALUES ($1, $2, $3, $4, $5, $6, $7) RETURNING "id"  [["company_id", 1503], ["created_at", Fri, 07 Feb 2014 15:52:46 UTC +00:00], ["current_question_id", 1890], ["due_date", Mon, 03 Feb 2020 00:00:00 UTC +00:00], ["moderator_id", 3141], ["topic", "Test Topic"], ["updated_at", Fri, 07 Feb 2014 15:52:46 UTC +00:00]]
  [1m[36m (0.2ms)[0m  [1mRELEASE SAVEPOINT active_record_1[0m
Processing by DiscussionsController#show as HTML
  Parameters: {"id"=>"1109"}
  [1m[35mDiscussion Load (0.7ms)[0m  SELECT "discussions".* FROM "discussions" WHERE "discussions"."id" = $1 LIMIT 1  [["id", "1109"]]
  [1m[36mUser Load (0.6ms)[0m  [1mSELECT "users".* FROM "users" WHERE "users"."remember_token" = 'da39a3ee5e6b4b0d3255bfef95601890afd80709' LIMIT 1[0m
Redirected to http://test.host/signin
Filter chain halted as :check_rights rendered or redirected
Completed 302 Found in 3ms (ActiveRecord: 1.3ms)
  [1m[35m (0.3ms)[0m  ROLLBACK
.  [1m[36m (0.2ms)[0m  [1mBEGIN[0m
Processing by DiscussionsController#new as HTML
  [1m[35mUser Load (0.7ms)[0m  SELECT "users".* FROM "users" WHERE "users"."remember_token" = 'da39a3ee5e6b4b0d3255bfef95601890afd80709' LIMIT 1
Redirected to http://test.host/signin
Filter chain halted as :check_rights rendered or redirected
Completed 302 Found in 2ms (ActiveRecord: 0.7ms)
  [1m[36m (0.3ms)[0m  [1mROLLBACK[0m
.  [1m[35m (0.2ms)[0m  BEGIN
  [1m[36m (0.3ms)[0m  [1mSAVEPOINT active_record_1[0m
  [1m[35mUser Exists (0.7ms)[0m  SELECT 1 AS one FROM "users" WHERE LOWER("users"."email") = LOWER('user_98@example.com') LIMIT 1
  [1m[36mSQL (0.8ms)[0m  [1mINSERT INTO "users" ("created_at", "email", "firstname", "lastname", "password_digest", "remember_token", "role_id", "updated_at") VALUES ($1, $2, $3, $4, $5, $6, $7, $8) RETURNING "id"[0m  [["created_at", Fri, 07 Feb 2014 15:52:46 UTC +00:00], ["email", "user_98@example.com"], ["firstname", "User 98"], ["lastname", "the 98 of his kind"], ["password_digest", "$2a$04$uulhrjNsMNRwryK8.Z7Que6sn/DA1TQmeB8daUwf6C94ZPl/ClnLm"], ["remember_token", "5b3b10ab8baf3b31e583ab34d153faea635a81e8"], ["role_id", 169], ["updated_at", Fri, 07 Feb 2014 15:52:46 UTC +00:00]]
  [1m[35m (0.3ms)[0m  RELEASE SAVEPOINT active_record_1
  [1m[36m (0.2ms)[0m  [1mSAVEPOINT active_record_1[0m
  [1m[35mSQL (0.5ms)[0m  INSERT INTO "questions" ("created_at", "topic", "updated_at") VALUES ($1, $2, $3) RETURNING "id"  [["created_at", Fri, 07 Feb 2014 15:52:46 UTC +00:00], ["topic", "Test Topic"], ["updated_at", Fri, 07 Feb 2014 15:52:46 UTC +00:00]]
  [1m[36m (0.3ms)[0m  [1mRELEASE SAVEPOINT active_record_1[0m
  [1m[35m (0.2ms)[0m  SAVEPOINT active_record_1
  [1m[36mSQL (0.5ms)[0m  [1mINSERT INTO "companies" ("created_at", "name", "updated_at") VALUES ($1, $2, $3) RETURNING "id"[0m  [["created_at", Fri, 07 Feb 2014 15:52:46 UTC +00:00], ["name", "test"], ["updated_at", Fri, 07 Feb 2014 15:52:46 UTC +00:00]]
  [1m[35m (0.3ms)[0m  RELEASE SAVEPOINT active_record_1
  [1m[36m (0.2ms)[0m  [1mSAVEPOINT active_record_1[0m
  [1m[35mSQL (0.6ms)[0m  INSERT INTO "discussions" ("company_id", "created_at", "current_question_id", "due_date", "moderator_id", "topic", "updated_at") VALUES ($1, $2, $3, $4, $5, $6, $7) RETURNING "id"  [["company_id", 1504], ["created_at", Fri, 07 Feb 2014 15:52:46 UTC +00:00], ["current_question_id", 1891], ["due_date", Mon, 03 Feb 2020 00:00:00 UTC +00:00], ["moderator_id", 3142], ["topic", "Test Topic"], ["updated_at", Fri, 07 Feb 2014 15:52:46 UTC +00:00]]
  [1m[36m (0.3ms)[0m  [1mRELEASE SAVEPOINT active_record_1[0m
Processing by DiscussionsController#update as HTML
  Parameters: {"discussion"=>{"topic"=>""}, "id"=>"1110"}
  [1m[35mDiscussion Load (0.7ms)[0m  SELECT "discussions".* FROM "discussions" WHERE "discussions"."id" = $1 LIMIT 1  [["id", "1110"]]
  [1m[36mUser Load (0.7ms)[0m  [1mSELECT "users".* FROM "users" WHERE "users"."remember_token" = 'da39a3ee5e6b4b0d3255bfef95601890afd80709' LIMIT 1[0m
Redirected to http://test.host/signin
Filter chain halted as :check_rights rendered or redirected
Completed 302 Found in 3ms (ActiveRecord: 1.4ms)
  [1m[35m (0.3ms)[0m  ROLLBACK
.  [1m[36m (0.2ms)[0m  [1mBEGIN[0m
Processing by DiscussionsController#create as HTML
  Parameters: {"discussion"=>{"topic"=>"Test Topic", "due_date"=>"2020-02-03T00:00:00+00:00"}}
  [1m[35mUser Load (0.8ms)[0m  SELECT "users".* FROM "users" WHERE "users"."remember_token" = 'da39a3ee5e6b4b0d3255bfef95601890afd80709' LIMIT 1
Redirected to http://test.host/signin
Filter chain halted as :check_rights rendered or redirected
Completed 302 Found in 2ms (ActiveRecord: 0.8ms)
  [1m[36m (0.3ms)[0m  [1mROLLBACK[0m
.  [1m[35m (0.3ms)[0m  BEGIN
  [1m[36mUser Load (1.1ms)[0m  [1mSELECT "users".* FROM "users" WHERE "users"."remember_token" = 'da39a3ee5e6b4b0d3255bfef95601890afd80709' LIMIT 1[0m
  [1m[35m (0.3ms)[0m  ROLLBACK
F  [1m[36m (0.2ms)[0m  [1mBEGIN[0m
  Rendered research_institutes/_form.html.erb (2.2ms)
  [1m[35m (0.3ms)[0m  ROLLBACK
F*  [1m[36m (0.2ms)[0m  [1mBEGIN[0m
  [1m[35m (0.2ms)[0m  SAVEPOINT active_record_1
  [1m[36mSQL (0.6ms)[0m  [1mINSERT INTO "questions" ("created_at", "topic", "updated_at") VALUES ($1, $2, $3) RETURNING "id"[0m  [["created_at", Fri, 07 Feb 2014 15:52:46 UTC +00:00], ["topic", "Test Topic"], ["updated_at", Fri, 07 Feb 2014 15:52:46 UTC +00:00]]
  [1m[35m (0.2ms)[0m  RELEASE SAVEPOINT active_record_1
  [1m[36mSQL (0.5ms)[0m  [1mDELETE FROM "questions" WHERE "questions"."id" = 1892[0m
  [1m[35m (0.2ms)[0m  ROLLBACK
.  [1m[36m (0.2ms)[0m  [1mBEGIN[0m
  [1m[35m (0.2ms)[0m  SAVEPOINT active_record_1
  [1m[36mSQL (0.5ms)[0m  [1mINSERT INTO "questions" ("created_at", "topic", "updated_at") VALUES ($1, $2, $3) RETURNING "id"[0m  [["created_at", Fri, 07 Feb 2014 15:52:46 UTC +00:00], ["topic", "Test Topic"], ["updated_at", Fri, 07 Feb 2014 15:52:46 UTC +00:00]]
  [1m[35m (0.2ms)[0m  RELEASE SAVEPOINT active_record_1
  [1m[36mSQL (0.5ms)[0m  [1mDELETE FROM "questions" WHERE "questions"."id" = 1893[0m
  [1m[35m (0.2ms)[0m  ROLLBACK
.  [1m[36m (0.3ms)[0m  [1mBEGIN[0m
  Rendered research_institutes/_form.html.erb (1.7ms)
  [1m[35m (0.3ms)[0m  ROLLBACK
F  [1m[36m (0.2ms)[0m  [1mBEGIN[0m
  [1m[35m (0.3ms)[0m  SAVEPOINT active_record_1
  [1m[36mUser Exists (0.7ms)[0m  [1mSELECT 1 AS one FROM "users" WHERE LOWER("users"."email") = LOWER('user_99@example.com') LIMIT 1[0m
  [1m[35mSQL (0.7ms)[0m  INSERT INTO "users" ("created_at", "email", "firstname", "lastname", "password_digest", "remember_token", "role_id", "updated_at") VALUES ($1, $2, $3, $4, $5, $6, $7, $8) RETURNING "id"  [["created_at", Fri, 07 Feb 2014 15:52:46 UTC +00:00], ["email", "user_99@example.com"], ["firstname", "User 99"], ["lastname", "the 99 of his kind"], ["password_digest", "$2a$04$vPobQO1lv91cXMoUzaFZ0OeMx/0fAphFC6OP0rftE7Co2cZzbkYMi"], ["remember_token", "7a35875ba28cac0fbac7ae3c7c7ffe4f3278caf4"], ["role_id", 169], ["updated_at", Fri, 07 Feb 2014 15:52:46 UTC +00:00]]
  [1m[36m (0.3ms)[0m  [1mRELEASE SAVEPOINT active_record_1[0m
  [1m[35m (0.3ms)[0m  SAVEPOINT active_record_1
  [1m[36mSQL (0.7ms)[0m  [1mINSERT INTO "questions" ("created_at", "topic", "updated_at") VALUES ($1, $2, $3) RETURNING "id"[0m  [["created_at", Fri, 07 Feb 2014 15:52:46 UTC +00:00], ["topic", "Test Topic"], ["updated_at", Fri, 07 Feb 2014 15:52:46 UTC +00:00]]
  [1m[35m (0.3ms)[0m  RELEASE SAVEPOINT active_record_1
  [1m[36m (0.3ms)[0m  [1mSAVEPOINT active_record_1[0m
  [1m[35mSQL (0.6ms)[0m  INSERT INTO "companies" ("created_at", "name", "updated_at") VALUES ($1, $2, $3) RETURNING "id"  [["created_at", Fri, 07 Feb 2014 15:52:46 UTC +00:00], ["name", "test"], ["updated_at", Fri, 07 Feb 2014 15:52:46 UTC +00:00]]
  [1m[36m (0.4ms)[0m  [1mRELEASE SAVEPOINT active_record_1[0m
  [1m[35m (0.3ms)[0m  SAVEPOINT active_record_1
  [1m[36mSQL (0.7ms)[0m  [1mINSERT INTO "discussions" ("company_id", "created_at", "current_question_id", "due_date", "moderator_id", "topic", "updated_at") VALUES ($1, $2, $3, $4, $5, $6, $7) RETURNING "id"[0m  [["company_id", 1505], ["created_at", Fri, 07 Feb 2014 15:52:46 UTC +00:00], ["current_question_id", 1894], ["due_date", Mon, 03 Feb 2020 00:00:00 UTC +00:00], ["moderator_id", 3143], ["topic", "Test Topic"], ["updated_at", Fri, 07 Feb 2014 15:52:46 UTC +00:00]]
  [1m[35m (0.3ms)[0m  RELEASE SAVEPOINT active_record_1
  [1m[36m (0.3ms)[0m  [1mROLLBACK[0m
.  [1m[35m (0.3ms)[0m  BEGIN
  [1m[36m (0.3ms)[0m  [1mSAVEPOINT active_record_1[0m
  [1m[35mUser Exists (0.7ms)[0m  SELECT 1 AS one FROM "users" WHERE LOWER("users"."email") = LOWER('user_100@example.com') LIMIT 1
  [1m[36mSQL (0.7ms)[0m  [1mINSERT INTO "users" ("created_at", "email", "firstname", "lastname", "password_digest", "remember_token", "role_id", "updated_at") VALUES ($1, $2, $3, $4, $5, $6, $7, $8) RETURNING "id"[0m  [["created_at", Fri, 07 Feb 2014 15:52:46 UTC +00:00], ["email", "user_100@example.com"], ["firstname", "User 100"], ["lastname", "the 100 of his kind"], ["password_digest", "$2a$04$cNzGUd64EgChBwkIFEFOpuvINaS6biJ4bQfBUzGMLK/emtrXtoAnK"], ["remember_token", "36743b4132ce65a992bd0855a5e9c651f9e83c59"], ["role_id", 169], ["updated_at", Fri, 07 Feb 2014 15:52:46 UTC +00:00]]
  [1m[35m (0.3ms)[0m  RELEASE SAVEPOINT active_record_1
  [1m[36m (0.2ms)[0m  [1mSAVEPOINT active_record_1[0m
  [1m[35mSQL (0.5ms)[0m  INSERT INTO "questions" ("created_at", "topic", "updated_at") VALUES ($1, $2, $3) RETURNING "id"  [["created_at", Fri, 07 Feb 2014 15:52:46 UTC +00:00], ["topic", "Test Topic"], ["updated_at", Fri, 07 Feb 2014 15:52:46 UTC +00:00]]
  [1m[36m (0.3ms)[0m  [1mRELEASE SAVEPOINT active_record_1[0m
  [1m[35m (0.2ms)[0m  SAVEPOINT active_record_1
  [1m[36mSQL (0.5ms)[0m  [1mINSERT INTO "companies" ("created_at", "name", "updated_at") VALUES ($1, $2, $3) RETURNING "id"[0m  [["created_at", Fri, 07 Feb 2014 15:52:46 UTC +00:00], ["name", "test"], ["updated_at", Fri, 07 Feb 2014 15:52:46 UTC +00:00]]
  [1m[35m (0.2ms)[0m  RELEASE SAVEPOINT active_record_1
  [1m[36m (0.2ms)[0m  [1mSAVEPOINT active_record_1[0m
  [1m[35mSQL (0.5ms)[0m  INSERT INTO "discussions" ("company_id", "created_at", "current_question_id", "due_date", "moderator_id", "topic", "updated_at") VALUES ($1, $2, $3, $4, $5, $6, $7) RETURNING "id"  [["company_id", 1506], ["created_at", Fri, 07 Feb 2014 15:52:46 UTC +00:00], ["current_question_id", 1895], ["due_date", Mon, 03 Feb 2020 00:00:00 UTC +00:00], ["moderator_id", 3144], ["topic", "Test Topic"], ["updated_at", Fri, 07 Feb 2014 15:52:46 UTC +00:00]]
  [1m[36m (0.3ms)[0m  [1mRELEASE SAVEPOINT active_record_1[0m
  [1m[35m (0.3ms)[0m  ROLLBACK
.  [1m[36m (0.2ms)[0m  [1mBEGIN[0m
  [1m[35m (0.2ms)[0m  SAVEPOINT active_record_1
  [1m[36mUser Exists (0.7ms)[0m  [1mSELECT 1 AS one FROM "users" WHERE LOWER("users"."email") = LOWER('user_101@example.com') LIMIT 1[0m
  [1m[35mSQL (0.7ms)[0m  INSERT INTO "users" ("created_at", "email", "firstname", "lastname", "password_digest", "remember_token", "role_id", "updated_at") VALUES ($1, $2, $3, $4, $5, $6, $7, $8) RETURNING "id"  [["created_at", Fri, 07 Feb 2014 15:52:46 UTC +00:00], ["email", "user_101@example.com"], ["firstname", "User 101"], ["lastname", "the 101 of his kind"], ["password_digest", "$2a$04$jf83TtPPVJlYyP2R6R2jiuS.GME5sd05DJN135UCFPNdJM3Tk.CnW"], ["remember_token", "539f8b428354d301dd50ae97dabca2ae163ab8b3"], ["role_id", 169], ["updated_at", Fri, 07 Feb 2014 15:52:46 UTC +00:00]]
  [1m[36m (0.3ms)[0m  [1mRELEASE SAVEPOINT active_record_1[0m
  [1m[35m (0.2ms)[0m  SAVEPOINT active_record_1
  [1m[36mSQL (0.5ms)[0m  [1mINSERT INTO "questions" ("created_at", "topic", "updated_at") VALUES ($1, $2, $3) RETURNING "id"[0m  [["created_at", Fri, 07 Feb 2014 15:52:46 UTC +00:00], ["topic", "Test Topic"], ["updated_at", Fri, 07 Feb 2014 15:52:46 UTC +00:00]]
  [1m[35m (0.2ms)[0m  RELEASE SAVEPOINT active_record_1
  [1m[36m (0.2ms)[0m  [1mSAVEPOINT active_record_1[0m
  [1m[35mSQL (0.5ms)[0m  INSERT INTO "companies" ("created_at", "name", "updated_at") VALUES ($1, $2, $3) RETURNING "id"  [["created_at", Fri, 07 Feb 2014 15:52:46 UTC +00:00], ["name", "test"], ["updated_at", Fri, 07 Feb 2014 15:52:46 UTC +00:00]]
  [1m[36m (0.2ms)[0m  [1mRELEASE SAVEPOINT active_record_1[0m
  [1m[35m (0.2ms)[0m  SAVEPOINT active_record_1
  [1m[36mSQL (0.6ms)[0m  [1mINSERT INTO "discussions" ("company_id", "created_at", "current_question_id", "due_date", "moderator_id", "topic", "updated_at") VALUES ($1, $2, $3, $4, $5, $6, $7) RETURNING "id"[0m  [["company_id", 1507], ["created_at", Fri, 07 Feb 2014 15:52:46 UTC +00:00], ["current_question_id", 1896], ["due_date", Mon, 03 Feb 2020 00:00:00 UTC +00:00], ["moderator_id", 3145], ["topic", "Test Topic"], ["updated_at", Fri, 07 Feb 2014 15:52:46 UTC +00:00]]
  [1m[35m (0.2ms)[0m  RELEASE SAVEPOINT active_record_1
  [1m[36m (0.3ms)[0m  [1mROLLBACK[0m
.  [1m[35m (0.2ms)[0m  BEGIN
  [1m[36mSQL (0.5ms)[0m  [1mDELETE FROM "users"[0m
  [1m[35m (0.4ms)[0m  ROLLBACK
.  [1m[36m (0.4ms)[0m  [1mBEGIN[0m
  [1m[35mSQL (0.4ms)[0m  DELETE FROM "users"
  [1m[36m (0.3ms)[0m  [1mROLLBACK[0m
.  [1m[35m (0.1ms)[0m  BEGIN
  [1m[36mSQL (0.4ms)[0m  [1mDELETE FROM "users"[0m
  [1m[35m (0.3ms)[0m  ROLLBACK
.  [1m[36m (0.1ms)[0m  [1mBEGIN[0m
  [1m[35mSQL (0.5ms)[0m  DELETE FROM "users"
  [1m[36m (0.4ms)[0m  [1mROLLBACK[0m
.  [1m[35m (0.4ms)[0m  BEGIN
  [1m[36mSQL (0.5ms)[0m  [1mDELETE FROM "users"[0m
  [1m[35m (0.4ms)[0m  ROLLBACK
.  [1m[36m (0.2ms)[0m  [1mBEGIN[0m
  [1m[35mSQL (0.4ms)[0m  DELETE FROM "users"
  [1m[36m (0.2ms)[0m  [1mROLLBACK[0m
.  [1m[35m (0.3ms)[0m  BEGIN
  [1m[36mSQL (0.4ms)[0m  [1mDELETE FROM "users"[0m
  [1m[35m (0.3ms)[0m  ROLLBACK
.  [1m[36m (0.4ms)[0m  [1mBEGIN[0m
  [1m[35mUser Exists (0.8ms)[0m  SELECT 1 AS one FROM "users" WHERE LOWER("users"."email") = LOWER('user_109@example.com') LIMIT 1
  [1m[36mSQL (0.4ms)[0m  [1mDELETE FROM "users"[0m
  [1m[35m (0.3ms)[0m  ROLLBACK
.  [1m[36m (0.3ms)[0m  [1mBEGIN[0m
  [1m[35mSQL (0.3ms)[0m  DELETE FROM "users"
  [1m[36m (0.3ms)[0m  [1mROLLBACK[0m
.  [1m[35m (0.3ms)[0m  BEGIN
  [1m[36mSQL (0.5ms)[0m  [1mDELETE FROM "users"[0m
  [1m[35m (0.3ms)[0m  ROLLBACK
.  [1m[36m (0.4ms)[0m  [1mBEGIN[0m
  [1m[35mUser Exists (0.8ms)[0m  SELECT 1 AS one FROM "users" WHERE LOWER("users"."email") = LOWER('user_112@example.com') LIMIT 1
  [1m[36mSQL (0.5ms)[0m  [1mDELETE FROM "users"[0m
  [1m[35m (0.3ms)[0m  ROLLBACK
.  [1m[36m (0.3ms)[0m  [1mBEGIN[0m
  [1m[35mUser Exists (0.8ms)[0m  SELECT 1 AS one FROM "users" WHERE LOWER("users"."email") = LOWER(' ') LIMIT 1
  [1m[36mSQL (0.3ms)[0m  [1mDELETE FROM "users"[0m
  [1m[35m (0.3ms)[0m  ROLLBACK
.  [1m[36m (0.3ms)[0m  [1mBEGIN[0m
  [1m[35m (0.3ms)[0m  SAVEPOINT active_record_1
  [1m[36mUser Exists (0.7ms)[0m  [1mSELECT 1 AS one FROM "users" WHERE LOWER("users"."email") = LOWER('user_114@example.com') LIMIT 1[0m
  [1m[35mSQL (0.8ms)[0m  INSERT INTO "users" ("created_at", "email", "firstname", "lastname", "password_digest", "remember_token", "role_id", "updated_at") VALUES ($1, $2, $3, $4, $5, $6, $7, $8) RETURNING "id"  [["created_at", Fri, 07 Feb 2014 15:52:46 UTC +00:00], ["email", "user_114@example.com"], ["firstname", "User 114"], ["lastname", "the 114 of his kind"], ["password_digest", "$2a$04$34.81SmPv7IIUyw91ne56.lkaFjWoF4DzqdiNfqWceDFLybCix8Zu"], ["remember_token", "dc7bea5976136e8119d1f559b6d7a2d50ce20138"], ["role_id", 169], ["updated_at", Fri, 07 Feb 2014 15:52:46 UTC +00:00]]
  [1m[36m (0.3ms)[0m  [1mRELEASE SAVEPOINT active_record_1[0m
  [1m[35mUser Load (0.8ms)[0m  SELECT "users".* FROM "users" WHERE "users"."email" = 'user_114@example.com' LIMIT 1
  [1m[36mSQL (0.5ms)[0m  [1mDELETE FROM "users"[0m
  [1m[35m (0.3ms)[0m  ROLLBACK
.  [1m[36m (0.3ms)[0m  [1mBEGIN[0m
  [1m[35m (0.3ms)[0m  SAVEPOINT active_record_1
  [1m[36mUser Exists (0.7ms)[0m  [1mSELECT 1 AS one FROM "users" WHERE LOWER("users"."email") = LOWER('user_115@example.com') LIMIT 1[0m
  [1m[35mSQL (0.8ms)[0m  INSERT INTO "users" ("created_at", "email", "firstname", "lastname", "password_digest", "remember_token", "role_id", "updated_at") VALUES ($1, $2, $3, $4, $5, $6, $7, $8) RETURNING "id"  [["created_at", Fri, 07 Feb 2014 15:52:46 UTC +00:00], ["email", "user_115@example.com"], ["firstname", "User 115"], ["lastname", "the 115 of his kind"], ["password_digest", "$2a$04$PPeenTo3RrqEGZNifpeYa.1C2.HWSfk9wUiRPeNgqZ/0rdLZv5/7q"], ["remember_token", "47db6fce1110c324e56a47f896a14609a369b4ea"], ["role_id", 169], ["updated_at", Fri, 07 Feb 2014 15:52:46 UTC +00:00]]
  [1m[36m (0.2ms)[0m  [1mRELEASE SAVEPOINT active_record_1[0m
  [1m[35mUser Load (0.7ms)[0m  SELECT "users".* FROM "users" WHERE "users"."email" = 'user_115@example.com' LIMIT 1
  [1m[36mSQL (0.5ms)[0m  [1mDELETE FROM "users"[0m
  [1m[35m (0.3ms)[0m  ROLLBACK
.  [1m[36m (0.3ms)[0m  [1mBEGIN[0m
  [1m[35m (0.3ms)[0m  SAVEPOINT active_record_1
  [1m[36mUser Exists (0.7ms)[0m  [1mSELECT 1 AS one FROM "users" WHERE LOWER("users"."email") = LOWER('user_116@example.com') LIMIT 1[0m
  [1m[35mSQL (0.8ms)[0m  INSERT INTO "users" ("created_at", "email", "firstname", "lastname", "password_digest", "remember_token", "role_id", "updated_at") VALUES ($1, $2, $3, $4, $5, $6, $7, $8) RETURNING "id"  [["created_at", Fri, 07 Feb 2014 15:52:46 UTC +00:00], ["email", "user_116@example.com"], ["firstname", "User 116"], ["lastname", "the 116 of his kind"], ["password_digest", "$2a$04$HAzQL7DhGGT2UuqvSgWXhuHr.Z99.NZk3pebbfdd4Nsgs89jyWIp2"], ["remember_token", "8990756b2494df95d1c9f2e82172dce7eb5027c6"], ["role_id", 169], ["updated_at", Fri, 07 Feb 2014 15:52:46 UTC +00:00]]
  [1m[36m (0.3ms)[0m  [1mRELEASE SAVEPOINT active_record_1[0m
  [1m[35mUser Load (0.6ms)[0m  SELECT "users".* FROM "users" WHERE "users"."email" = 'user_116@example.com' LIMIT 1
  [1m[36mSQL (0.4ms)[0m  [1mDELETE FROM "users"[0m
  [1m[35m (0.2ms)[0m  ROLLBACK
.  [1m[36m (0.4ms)[0m  [1mBEGIN[0m
  [1m[35mUser Exists (1.0ms)[0m  SELECT 1 AS one FROM "users" WHERE LOWER("users"."email") = LOWER('user_117@example.com') LIMIT 1
  [1m[36mSQL (0.4ms)[0m  [1mDELETE FROM "users"[0m
  [1m[35m (0.3ms)[0m  ROLLBACK
.  [1m[36m (0.2ms)[0m  [1mBEGIN[0m
  [1m[35mUser Exists (0.7ms)[0m  SELECT 1 AS one FROM "users" WHERE LOWER("users"."email") = LOWER('user@foo.COM') LIMIT 1
  [1m[36mUser Exists (0.6ms)[0m  [1mSELECT 1 AS one FROM "users" WHERE LOWER("users"."email") = LOWER('A_US-ER@f.b.org') LIMIT 1[0m
  [1m[35mUser Exists (0.9ms)[0m  SELECT 1 AS one FROM "users" WHERE LOWER("users"."email") = LOWER('frst.lst@foo.jp') LIMIT 1
  [1m[36mUser Exists (0.7ms)[0m  [1mSELECT 1 AS one FROM "users" WHERE LOWER("users"."email") = LOWER('a+b@baz.cn') LIMIT 1[0m
  [1m[35mSQL (0.5ms)[0m  DELETE FROM "users"
  [1m[36m (0.3ms)[0m  [1mROLLBACK[0m
.  [1m[35m (0.2ms)[0m  BEGIN
  [1m[36mUser Exists (0.8ms)[0m  [1mSELECT 1 AS one FROM "users" WHERE LOWER("users"."email") = LOWER('aaaaaaaaaaaaaaaaaaaaaaaaaaaaaaaaaaaaaaaaaaaaa@a.com') LIMIT 1[0m
  [1m[35mSQL (0.4ms)[0m  DELETE FROM "users"
  [1m[36m (0.3ms)[0m  [1mROLLBACK[0m
.  [1m[35m (0.2ms)[0m  BEGIN
  [1m[36m (0.3ms)[0m  [1mSAVEPOINT active_record_1[0m
  [1m[35mUser Exists (0.7ms)[0m  SELECT 1 AS one FROM "users" WHERE LOWER("users"."email") = LOWER('user_120@example.com') LIMIT 1
  [1m[36mSQL (0.8ms)[0m  [1mINSERT INTO "users" ("created_at", "email", "firstname", "lastname", "password_digest", "remember_token", "role_id", "updated_at") VALUES ($1, $2, $3, $4, $5, $6, $7, $8) RETURNING "id"[0m  [["created_at", Fri, 07 Feb 2014 15:52:46 UTC +00:00], ["email", "user_120@example.com"], ["firstname", "User 120"], ["lastname", "the 120 of his kind"], ["password_digest", "$2a$04$35CbJU5HacElJgyQ5v62B.1CqEA4zj5cZ4OQz51UpVqj5twErOAVy"], ["remember_token", "dcac12dbc57ecec0c139e6cddab9b09c9ad17204"], ["role_id", 169], ["updated_at", Fri, 07 Feb 2014 15:52:46 UTC +00:00]]
  [1m[35m (0.3ms)[0m  RELEASE SAVEPOINT active_record_1
  [1m[36mSQL (0.4ms)[0m  [1mDELETE FROM "users"[0m
  [1m[35m (0.3ms)[0m  ROLLBACK
.  [1m[36m (0.2ms)[0m  [1mBEGIN[0m
  [1m[35m (0.2ms)[0m  SAVEPOINT active_record_1
  [1m[36mUser Exists (0.7ms)[0m  [1mSELECT 1 AS one FROM "users" WHERE LOWER("users"."email") = LOWER('user_121@example.com') LIMIT 1[0m
  [1m[35mSQL (0.8ms)[0m  INSERT INTO "users" ("created_at", "email", "firstname", "lastname", "password_digest", "remember_token", "role_id", "updated_at") VALUES ($1, $2, $3, $4, $5, $6, $7, $8) RETURNING "id"  [["created_at", Fri, 07 Feb 2014 15:52:46 UTC +00:00], ["email", "user_121@example.com"], ["firstname", "User 121"], ["lastname", "the 121 of his kind"], ["password_digest", "$2a$04$tHT/3FHx7JjrM1ESHTfXLOA7UmrwoNWBausSl22vXOxxbUndVq8wa"], ["remember_token", "c50cb3bc720f0649a5814dd937f5388d7c0d39c5"], ["role_id", 169], ["updated_at", Fri, 07 Feb 2014 15:52:46 UTC +00:00]]
  [1m[36m (0.3ms)[0m  [1mRELEASE SAVEPOINT active_record_1[0m
  [1m[35mUser Exists (0.6ms)[0m  SELECT 1 AS one FROM "users" WHERE LOWER("users"."email") = LOWER('user_121@example.com') LIMIT 1
  [1m[36mSQL (0.4ms)[0m  [1mDELETE FROM "users"[0m
  [1m[35m (0.3ms)[0m  ROLLBACK
.  [1m[36m (0.2ms)[0m  [1mBEGIN[0m
  [1m[35mUser Exists (0.7ms)[0m  SELECT 1 AS one FROM "users" WHERE LOWER("users"."email") = LOWER('user_122@example.com') LIMIT 1
  [1m[36mSQL (0.4ms)[0m  [1mDELETE FROM "users"[0m
  [1m[35m (0.2ms)[0m  ROLLBACK
.  [1m[36m (0.2ms)[0m  [1mBEGIN[0m
  [1m[35mUser Exists (0.7ms)[0m  SELECT 1 AS one FROM "users" WHERE LOWER("users"."email") = LOWER('user@foo,com') LIMIT 1
  [1m[36mUser Exists (0.5ms)[0m  [1mSELECT 1 AS one FROM "users" WHERE LOWER("users"."email") = LOWER('user_at_foo.org') LIMIT 1[0m
  [1m[35mUser Exists (0.5ms)[0m  SELECT 1 AS one FROM "users" WHERE LOWER("users"."email") = LOWER('example.user@foo.') LIMIT 1
  [1m[36mUser Exists (0.5ms)[0m  [1mSELECT 1 AS one FROM "users" WHERE LOWER("users"."email") = LOWER('foo@bar_baz.com') LIMIT 1[0m
  [1m[35mUser Exists (0.5ms)[0m  SELECT 1 AS one FROM "users" WHERE LOWER("users"."email") = LOWER('foo@bar+baz.com') LIMIT 1
  [1m[36mSQL (0.4ms)[0m  [1mDELETE FROM "users"[0m
  [1m[35m (0.2ms)[0m  ROLLBACK
.  [1m[36m (0.1ms)[0m  [1mBEGIN[0m
  [1m[35mUser Exists (0.6ms)[0m  SELECT 1 AS one FROM "users" WHERE LOWER("users"."email") = LOWER('user_124@example.com') LIMIT 1
  [1m[36mSQL (0.4ms)[0m  [1mDELETE FROM "users"[0m
  [1m[35m (0.2ms)[0m  ROLLBACK
.  [1m[36m (0.2ms)[0m  [1mBEGIN[0m
  [1m[35mUser Exists (0.7ms)[0m  SELECT 1 AS one FROM "users" WHERE LOWER("users"."email") = LOWER('user_125@example.com') LIMIT 1
  [1m[36mSQL (0.4ms)[0m  [1mDELETE FROM "users"[0m
  [1m[35m (0.2ms)[0m  ROLLBACK
.  [1m[36m (0.1ms)[0m  [1mBEGIN[0m
  [1m[35mUser Exists (0.7ms)[0m  SELECT 1 AS one FROM "users" WHERE LOWER("users"."email") = LOWER('user_126@example.com') LIMIT 1
  [1m[36mSQL (0.4ms)[0m  [1mDELETE FROM "users"[0m
  [1m[35m (0.3ms)[0m  ROLLBACK
.  [1m[36m (0.2ms)[0m  [1mBEGIN[0m
  [1m[35mUser Exists (0.6ms)[0m  SELECT 1 AS one FROM "users" WHERE LOWER("users"."email") = LOWER('user_127@example.com') LIMIT 1
  [1m[36mSQL (0.4ms)[0m  [1mDELETE FROM "users"[0m
  [1m[35m (0.2ms)[0m  ROLLBACK
.  [1m[36m (0.2ms)[0m  [1mBEGIN[0m
  [1m[35mUser Exists (0.6ms)[0m  SELECT 1 AS one FROM "users" WHERE LOWER("users"."email") = LOWER('user_128@example.com') LIMIT 1
  [1m[36mSQL (0.4ms)[0m  [1mDELETE FROM "users"[0m
  [1m[35m (0.2ms)[0m  ROLLBACK
.  [1m[36m (0.3ms)[0m  [1mBEGIN[0m
  [1m[35m (0.2ms)[0m  ROLLBACK
F  [1m[36m (0.2ms)[0m  [1mBEGIN[0m
  [1m[35m (0.6ms)[0m  SAVEPOINT active_record_1
  [1m[36mSQL (1.0ms)[0m  [1mINSERT INTO "companies" ("created_at", "name", "updated_at") VALUES ($1, $2, $3) RETURNING "id"[0m  [["created_at", Fri, 07 Feb 2014 15:52:46 UTC +00:00], ["name", "test"], ["updated_at", Fri, 07 Feb 2014 15:52:46 UTC +00:00]]
  [1m[35m (0.3ms)[0m  RELEASE SAVEPOINT active_record_1
Processing by CompaniesController#index as HTML
Completed 200 OK in 3ms (Views: 2.5ms | ActiveRecord: 0.0ms)
  [1m[36mCompany Load (0.9ms)[0m  [1mSELECT "companies".* FROM "companies"[0m
  [1m[35m (0.3ms)[0m  ROLLBACK
.  [1m[36m (0.1ms)[0m  [1mBEGIN[0m
Processing by CompaniesController#new as HTML
Completed 200 OK in 3ms (Views: 0.9ms | ActiveRecord: 0.0ms)
  [1m[35m (0.3ms)[0m  ROLLBACK
.  [1m[36m (0.2ms)[0m  [1mBEGIN[0m
  [1m[35m (0.2ms)[0m  SAVEPOINT active_record_1
  [1m[36mSQL (0.6ms)[0m  [1mINSERT INTO "companies" ("created_at", "name", "updated_at") VALUES ($1, $2, $3) RETURNING "id"[0m  [["created_at", Fri, 07 Feb 2014 15:52:46 UTC +00:00], ["name", "test"], ["updated_at", Fri, 07 Feb 2014 15:52:46 UTC +00:00]]
  [1m[35m (0.2ms)[0m  RELEASE SAVEPOINT active_record_1
  [1m[36m (0.5ms)[0m  [1mSELECT COUNT(*) FROM "companies"[0m
Processing by CompaniesController#destroy as HTML
  Parameters: {"id"=>"1509"}
  [1m[35mCompany Load (1.0ms)[0m  SELECT "companies".* FROM "companies" WHERE "companies"."id" = $1 LIMIT 1  [["id", "1509"]]
  [1m[36m (0.2ms)[0m  [1mSAVEPOINT active_record_1[0m
  [1m[35mSQL (0.6ms)[0m  DELETE FROM "companies" WHERE "companies"."id" = $1  [["id", 1509]]
  [1m[36m (0.2ms)[0m  [1mRELEASE SAVEPOINT active_record_1[0m
Redirected to http://test.host/companies
Completed 302 Found in 4ms (ActiveRecord: 2.0ms)
  [1m[35m (0.5ms)[0m  SELECT COUNT(*) FROM "companies"
  [1m[36m (0.2ms)[0m  [1mROLLBACK[0m
.  [1m[35m (0.2ms)[0m  BEGIN
  [1m[36m (0.3ms)[0m  [1mSAVEPOINT active_record_1[0m
  [1m[35mSQL (0.6ms)[0m  INSERT INTO "companies" ("created_at", "name", "updated_at") VALUES ($1, $2, $3) RETURNING "id"  [["created_at", Fri, 07 Feb 2014 15:52:46 UTC +00:00], ["name", "test"], ["updated_at", Fri, 07 Feb 2014 15:52:46 UTC +00:00]]
  [1m[36m (0.2ms)[0m  [1mRELEASE SAVEPOINT active_record_1[0m
Processing by CompaniesController#destroy as HTML
  Parameters: {"id"=>"1510"}
  [1m[35mCompany Load (0.7ms)[0m  SELECT "companies".* FROM "companies" WHERE "companies"."id" = $1 LIMIT 1  [["id", "1510"]]
  [1m[36m (0.2ms)[0m  [1mSAVEPOINT active_record_1[0m
  [1m[35mSQL (0.4ms)[0m  DELETE FROM "companies" WHERE "companies"."id" = $1  [["id", 1510]]
  [1m[36m (0.2ms)[0m  [1mRELEASE SAVEPOINT active_record_1[0m
Redirected to http://test.host/companies
Completed 302 Found in 3ms (ActiveRecord: 1.6ms)
  [1m[35m (0.2ms)[0m  ROLLBACK
.  [1m[36m (0.1ms)[0m  [1mBEGIN[0m
  [1m[35m (0.2ms)[0m  SAVEPOINT active_record_1
  [1m[36mSQL (0.6ms)[0m  [1mINSERT INTO "companies" ("created_at", "name", "updated_at") VALUES ($1, $2, $3) RETURNING "id"[0m  [["created_at", Fri, 07 Feb 2014 15:52:46 UTC +00:00], ["name", "test"], ["updated_at", Fri, 07 Feb 2014 15:52:46 UTC +00:00]]
  [1m[35m (0.2ms)[0m  RELEASE SAVEPOINT active_record_1
Processing by CompaniesController#show as HTML
  Parameters: {"id"=>"1511"}
  [1m[36mCompany Load (0.6ms)[0m  [1mSELECT "companies".* FROM "companies" WHERE "companies"."id" = $1 LIMIT 1[0m  [["id", "1511"]]
Completed 200 OK in 2ms (Views: 1.0ms | ActiveRecord: 0.6ms)
  [1m[35m (0.3ms)[0m  ROLLBACK
.  [1m[36m (0.2ms)[0m  [1mBEGIN[0m
  [1m[35m (0.5ms)[0m  SELECT COUNT(*) FROM "companies"
Processing by CompaniesController#create as HTML
  Parameters: {"company"=>{"name"=>"test"}}
  [1m[36mUser Load (0.7ms)[0m  [1mSELECT "users".* FROM "users" WHERE "users"."remember_token" = 'da39a3ee5e6b4b0d3255bfef95601890afd80709' LIMIT 1[0m
Completed 500 Internal Server Error in 2ms
  [1m[35m (0.3ms)[0m  ROLLBACK
F  [1m[36m (0.2ms)[0m  [1mBEGIN[0m
Processing by CompaniesController#create as HTML
  Parameters: {"company"=>{"name"=>"test"}}
  [1m[35mUser Load (0.7ms)[0m  SELECT "users".* FROM "users" WHERE "users"."remember_token" = 'da39a3ee5e6b4b0d3255bfef95601890afd80709' LIMIT 1
Completed 500 Internal Server Error in 2ms
  [1m[36m (0.3ms)[0m  [1mROLLBACK[0m
F  [1m[35m (0.2ms)[0m  BEGIN
Processing by CompaniesController#create as HTML
  Parameters: {"company"=>{"name"=>"test"}}
  [1m[36mUser Load (0.7ms)[0m  [1mSELECT "users".* FROM "users" WHERE "users"."remember_token" = 'da39a3ee5e6b4b0d3255bfef95601890afd80709' LIMIT 1[0m
Completed 500 Internal Server Error in 2ms
  [1m[35m (0.2ms)[0m  ROLLBACK
F  [1m[36m (0.1ms)[0m  [1mBEGIN[0m
Processing by CompaniesController#create as HTML
  Parameters: {"company"=>{"name"=>"invalid value"}}
  [1m[35mUser Load (0.7ms)[0m  SELECT "users".* FROM "users" WHERE "users"."remember_token" = 'da39a3ee5e6b4b0d3255bfef95601890afd80709' LIMIT 1
Completed 500 Internal Server Error in 2ms
  [1m[36m (0.2ms)[0m  [1mROLLBACK[0m
F  [1m[35m (0.2ms)[0m  BEGIN
Processing by CompaniesController#create as HTML
  Parameters: {"company"=>{"name"=>"invalid value"}}
  [1m[36mUser Load (0.7ms)[0m  [1mSELECT "users".* FROM "users" WHERE "users"."remember_token" = 'da39a3ee5e6b4b0d3255bfef95601890afd80709' LIMIT 1[0m
Completed 500 Internal Server Error in 2ms
  [1m[35m (0.3ms)[0m  ROLLBACK
F  [1m[36m (0.1ms)[0m  [1mBEGIN[0m
  [1m[35m (0.3ms)[0m  SAVEPOINT active_record_1
  [1m[36mSQL (0.6ms)[0m  [1mINSERT INTO "companies" ("created_at", "name", "updated_at") VALUES ($1, $2, $3) RETURNING "id"[0m  [["created_at", Fri, 07 Feb 2014 15:52:46 UTC +00:00], ["name", "test"], ["updated_at", Fri, 07 Feb 2014 15:52:46 UTC +00:00]]
  [1m[35m (0.2ms)[0m  RELEASE SAVEPOINT active_record_1
Processing by CompaniesController#edit as HTML
  Parameters: {"id"=>"1512"}
  [1m[36mCompany Load (0.6ms)[0m  [1mSELECT "companies".* FROM "companies" WHERE "companies"."id" = $1 LIMIT 1[0m  [["id", "1512"]]
Completed 200 OK in 3ms (Views: 1.3ms | ActiveRecord: 0.6ms)
  [1m[35m (0.3ms)[0m  ROLLBACK
.  [1m[36m (0.2ms)[0m  [1mBEGIN[0m
  [1m[35m (0.2ms)[0m  SAVEPOINT active_record_1
  [1m[36mSQL (0.6ms)[0m  [1mINSERT INTO "companies" ("created_at", "name", "updated_at") VALUES ($1, $2, $3) RETURNING "id"[0m  [["created_at", Fri, 07 Feb 2014 15:52:46 UTC +00:00], ["name", "test"], ["updated_at", Fri, 07 Feb 2014 15:52:46 UTC +00:00]]
  [1m[35m (0.4ms)[0m  RELEASE SAVEPOINT active_record_1
Processing by CompaniesController#update as HTML
  Parameters: {"company"=>{"name"=>""}, "id"=>"1513"}
  [1m[36mCompany Load (1.0ms)[0m  [1mSELECT "companies".* FROM "companies" WHERE "companies"."id" = $1 LIMIT 1[0m  [["id", "1513"]]
Completed 200 OK in 8ms (Views: 2.3ms | ActiveRecord: 1.0ms)
  [1m[35m (0.5ms)[0m  ROLLBACK
.  [1m[36m (0.4ms)[0m  [1mBEGIN[0m
  [1m[35m (0.3ms)[0m  SAVEPOINT active_record_1
  [1m[36mSQL (0.7ms)[0m  [1mINSERT INTO "companies" ("created_at", "name", "updated_at") VALUES ($1, $2, $3) RETURNING "id"[0m  [["created_at", Fri, 07 Feb 2014 15:52:46 UTC +00:00], ["name", "test"], ["updated_at", Fri, 07 Feb 2014 15:52:46 UTC +00:00]]
  [1m[35m (0.3ms)[0m  RELEASE SAVEPOINT active_record_1
Processing by CompaniesController#update as HTML
  Parameters: {"company"=>{"name"=>"test"}, "id"=>"1514"}
  [1m[36mCompany Load (0.7ms)[0m  [1mSELECT "companies".* FROM "companies" WHERE "companies"."id" = $1 LIMIT 1[0m  [["id", "1514"]]
  [1m[35m (0.4ms)[0m  SAVEPOINT active_record_1
  [1m[36m (0.4ms)[0m  [1mRELEASE SAVEPOINT active_record_1[0m
Redirected to http://test.host/companies/1514
Completed 302 Found in 4ms (ActiveRecord: 1.5ms)
  [1m[35m (0.3ms)[0m  ROLLBACK
.  [1m[36m (0.3ms)[0m  [1mBEGIN[0m
  [1m[35m (0.3ms)[0m  SAVEPOINT active_record_1
  [1m[36mSQL (0.7ms)[0m  [1mINSERT INTO "companies" ("created_at", "name", "updated_at") VALUES ($1, $2, $3) RETURNING "id"[0m  [["created_at", Fri, 07 Feb 2014 15:52:46 UTC +00:00], ["name", "test"], ["updated_at", Fri, 07 Feb 2014 15:52:46 UTC +00:00]]
  [1m[35m (0.2ms)[0m  RELEASE SAVEPOINT active_record_1
Processing by CompaniesController#update as HTML
  Parameters: {"company"=>{"name"=>"test"}, "id"=>"1515"}
  [1m[36mCompany Load (0.5ms)[0m  [1mSELECT "companies".* FROM "companies" WHERE "companies"."id" = $1 LIMIT 1[0m  [["id", "1515"]]
  [1m[35m (0.2ms)[0m  SAVEPOINT active_record_1
  [1m[36m (0.2ms)[0m  [1mRELEASE SAVEPOINT active_record_1[0m
Redirected to http://test.host/companies/1515
Completed 302 Found in 3ms (ActiveRecord: 0.9ms)
  [1m[35m (0.3ms)[0m  ROLLBACK
.  [1m[36m (0.1ms)[0m  [1mBEGIN[0m
  [1m[35m (0.2ms)[0m  SAVEPOINT active_record_1
  [1m[36mSQL (0.6ms)[0m  [1mINSERT INTO "companies" ("created_at", "name", "updated_at") VALUES ($1, $2, $3) RETURNING "id"[0m  [["created_at", Fri, 07 Feb 2014 15:52:46 UTC +00:00], ["name", "test"], ["updated_at", Fri, 07 Feb 2014 15:52:46 UTC +00:00]]
  [1m[35m (0.2ms)[0m  RELEASE SAVEPOINT active_record_1
Processing by CompaniesController#update as HTML
  Parameters: {"company"=>{"name"=>"invalid value"}, "id"=>"1516"}
  [1m[36mCompany Load (0.5ms)[0m  [1mSELECT "companies".* FROM "companies" WHERE "companies"."id" = $1 LIMIT 1[0m  [["id", "1516"]]
  [1m[35m (0.2ms)[0m  SAVEPOINT active_record_1
  [1m[36m (0.3ms)[0m  [1mROLLBACK TO SAVEPOINT active_record_1[0m
Completed 200 OK in 4ms (Views: 0.7ms | ActiveRecord: 0.9ms)
  [1m[35m (0.4ms)[0m  ROLLBACK
.  [1m[36m (0.3ms)[0m  [1mBEGIN[0m
  [1m[35m (0.3ms)[0m  SAVEPOINT active_record_1
  [1m[36mSQL (0.7ms)[0m  [1mINSERT INTO "companies" ("created_at", "name", "updated_at") VALUES ($1, $2, $3) RETURNING "id"[0m  [["created_at", Fri, 07 Feb 2014 15:52:46 UTC +00:00], ["name", "test"], ["updated_at", Fri, 07 Feb 2014 15:52:46 UTC +00:00]]
  [1m[35m (0.3ms)[0m  RELEASE SAVEPOINT active_record_1
Processing by CompaniesController#update as HTML
  Parameters: {"company"=>{"name"=>"invalid value"}, "id"=>"1517"}
  [1m[36mCompany Load (0.5ms)[0m  [1mSELECT "companies".* FROM "companies" WHERE "companies"."id" = $1 LIMIT 1[0m  [["id", "1517"]]
  [1m[35m (0.2ms)[0m  SAVEPOINT active_record_1
  [1m[36m (0.2ms)[0m  [1mROLLBACK TO SAVEPOINT active_record_1[0m
Completed 200 OK in 4ms (Views: 0.8ms | ActiveRecord: 1.0ms)
  [1m[35m (0.3ms)[0m  ROLLBACK
.  [1m[36m (0.2ms)[0m  [1mBEGIN[0m
Started GET "/research_institutes" for 127.0.0.1 at 2014-02-07 16:52:46 +0100
Processing by ResearchInstitutesController#index as HTML
  [1m[35mResearchInstitute Load (0.6ms)[0m  SELECT "research_institutes".* FROM "research_institutes"
  [1m[36mUser Load (0.6ms)[0m  [1mSELECT "users".* FROM "users" WHERE "users"."remember_token" = 'da39a3ee5e6b4b0d3255bfef95601890afd80709' LIMIT 1[0m
Completed 200 OK in 5ms (Views: 3.6ms | ActiveRecord: 1.3ms)
  [1m[35m (0.2ms)[0m  ROLLBACK
.*  [1m[36m (0.1ms)[0m  [1mBEGIN[0m
  Rendered votes/_form.html.erb (5.4ms)
  [1m[35m (0.4ms)[0m  ROLLBACK
.**  [1m[36m (0.3ms)[0m  [1mBEGIN[0m
  Rendered votes/_form.html.erb (2.3ms)
  [1m[35m (0.3ms)[0m  ROLLBACK
.  [1m[36m (0.3ms)[0m  [1mBEGIN[0m
  [1m[35mRole Load (0.9ms)[0m  SELECT "roles".* FROM "roles" WHERE "roles"."name" = 'user' ORDER BY "roles"."id" ASC LIMIT 1
  [1m[36m (0.2ms)[0m  [1mROLLBACK[0m
F  [1m[35m (0.3ms)[0m  BEGIN
  [1m[36m (0.3ms)[0m  [1mROLLBACK[0m
.  [1m[35m (0.1ms)[0m  BEGIN
  [1m[36m (0.4ms)[0m  [1mROLLBACK[0m
.  [1m[35m (0.4ms)[0m  BEGIN
  [1m[36m (0.4ms)[0m  [1mROLLBACK[0m
.  [1m[35m (0.3ms)[0m  BEGIN
  [1m[36m (0.3ms)[0m  [1mROLLBACK[0m
.  [1m[35m (0.2ms)[0m  BEGIN
  [1m[36m (0.2ms)[0m  [1mROLLBACK[0m
.  [1m[35m (0.2ms)[0m  BEGIN
  [1m[36m (0.2ms)[0m  [1mROLLBACK[0m
.  [1m[35m (0.1ms)[0m  BEGIN
  [1m[36m (0.2ms)[0m  [1mROLLBACK[0m
.  [1m[35m (0.1ms)[0m  BEGIN
  [1m[36m (0.2ms)[0m  [1mSAVEPOINT active_record_1[0m
  [1m[35mUser Exists (0.7ms)[0m  SELECT 1 AS one FROM "users" WHERE LOWER("users"."email") = LOWER('a@a.de') LIMIT 1
  [1m[36mSQL (0.7ms)[0m  [1mINSERT INTO "users" ("created_at", "email", "firstname", "lastname", "password_digest", "remember_token", "role_id", "updated_at") VALUES ($1, $2, $3, $4, $5, $6, $7, $8) RETURNING "id"[0m  [["created_at", Fri, 07 Feb 2014 15:52:46 UTC +00:00], ["email", "a@a.de"], ["firstname", "User 129"], ["lastname", "the 129 of his kind"], ["password_digest", "$2a$04$/usYSf6O6DN7gYalhYsdheNxdmuxBkbbUqBNcwQpkGFnUWKzb18fG"], ["remember_token", "eb0e7c1a94789e5d8cf3532a84e2130ae2081d0a"], ["role_id", 169], ["updated_at", Fri, 07 Feb 2014 15:52:46 UTC +00:00]]
  [1m[35m (0.2ms)[0m  RELEASE SAVEPOINT active_record_1
  [1m[36m (0.2ms)[0m  [1mSAVEPOINT active_record_1[0m
  [1m[35mSQL (0.5ms)[0m  INSERT INTO "questions" ("created_at", "topic", "updated_at") VALUES ($1, $2, $3) RETURNING "id"  [["created_at", Fri, 07 Feb 2014 15:52:46 UTC +00:00], ["topic", "Test Topic"], ["updated_at", Fri, 07 Feb 2014 15:52:46 UTC +00:00]]
  [1m[36m (0.2ms)[0m  [1mRELEASE SAVEPOINT active_record_1[0m
  [1m[35m (0.2ms)[0m  SAVEPOINT active_record_1
  [1m[36mUser Exists (0.7ms)[0m  [1mSELECT 1 AS one FROM "users" WHERE LOWER("users"."email") = LOWER('user_129@example.com') LIMIT 1[0m
  [1m[35mSQL (0.6ms)[0m  INSERT INTO "users" ("created_at", "email", "firstname", "lastname", "password_digest", "remember_token", "role_id", "updated_at") VALUES ($1, $2, $3, $4, $5, $6, $7, $8) RETURNING "id"  [["created_at", Fri, 07 Feb 2014 15:52:46 UTC +00:00], ["email", "user_129@example.com"], ["firstname", "User 130"], ["lastname", "the 130 of his kind"], ["password_digest", "$2a$04$bBPvDf8xRHxIh0kbPPD7k.w0rjCKblYF21M/vZRXluVYA5EvBDGu2"], ["remember_token", "8d5505abcb1f9cc3f656016ee29e2ef15539f2f4"], ["role_id", 169], ["updated_at", Fri, 07 Feb 2014 15:52:46 UTC +00:00]]
  [1m[36m (0.2ms)[0m  [1mRELEASE SAVEPOINT active_record_1[0m
  [1m[35m (0.2ms)[0m  SAVEPOINT active_record_1
  [1m[36mSQL (0.3ms)[0m  [1mINSERT INTO "questions" ("created_at", "topic", "updated_at") VALUES ($1, $2, $3) RETURNING "id"[0m  [["created_at", Fri, 07 Feb 2014 15:52:46 UTC +00:00], ["topic", "Test Topic"], ["updated_at", Fri, 07 Feb 2014 15:52:46 UTC +00:00]]
  [1m[35m (0.2ms)[0m  RELEASE SAVEPOINT active_record_1
  [1m[36m (0.2ms)[0m  [1mSAVEPOINT active_record_1[0m
  [1m[35mSQL (0.5ms)[0m  INSERT INTO "companies" ("created_at", "name", "updated_at") VALUES ($1, $2, $3) RETURNING "id"  [["created_at", Fri, 07 Feb 2014 15:52:46 UTC +00:00], ["name", "test"], ["updated_at", Fri, 07 Feb 2014 15:52:46 UTC +00:00]]
  [1m[36m (0.2ms)[0m  [1mRELEASE SAVEPOINT active_record_1[0m
  [1m[35m (0.2ms)[0m  SAVEPOINT active_record_1
  [1m[36mSQL (0.5ms)[0m  [1mINSERT INTO "discussions" ("company_id", "created_at", "current_question_id", "due_date", "moderator_id", "topic", "updated_at") VALUES ($1, $2, $3, $4, $5, $6, $7) RETURNING "id"[0m  [["company_id", 1518], ["created_at", Fri, 07 Feb 2014 15:52:46 UTC +00:00], ["current_question_id", 1898], ["due_date", Mon, 03 Feb 2020 00:00:00 UTC +00:00], ["moderator_id", 3152], ["topic", "Test Topic"], ["updated_at", Fri, 07 Feb 2014 15:52:46 UTC +00:00]]
  [1m[35m (0.2ms)[0m  RELEASE SAVEPOINT active_record_1
  [1m[36m (0.2ms)[0m  [1mSAVEPOINT active_record_1[0m
  [1m[35mUser Exists (0.6ms)[0m  SELECT 1 AS one FROM "users" WHERE LOWER("users"."email") = LOWER('user_130@example.com') LIMIT 1
  [1m[36mSQL (0.6ms)[0m  [1mINSERT INTO "users" ("created_at", "email", "firstname", "lastname", "password_digest", "remember_token", "role_id", "updated_at") VALUES ($1, $2, $3, $4, $5, $6, $7, $8) RETURNING "id"[0m  [["created_at", Fri, 07 Feb 2014 15:52:46 UTC +00:00], ["email", "user_130@example.com"], ["firstname", "User 131"], ["lastname", "the 131 of his kind"], ["password_digest", "$2a$04$fpNYzHho6lOMyCdV07IXQOVooHsH9oBpfs0672It8XH2hWBrrVdce"], ["remember_token", "5fec9371defc4d9b02aa3d2570647febc4ed2f2b"], ["role_id", 169], ["updated_at", Fri, 07 Feb 2014 15:52:46 UTC +00:00]]
  [1m[35m (0.2ms)[0m  RELEASE SAVEPOINT active_record_1
  [1m[36m (0.2ms)[0m  [1mSAVEPOINT active_record_1[0m
  [1m[35mSQL (0.6ms)[0m  INSERT INTO "arguments" ("argument_type_id", "content", "created_at", "discussion_id", "question_id", "updated_at", "user_id") VALUES ($1, $2, $3, $4, $5, $6, $7) RETURNING "id"  [["argument_type_id", 127], ["content", "das sehe ich ganz anders"], ["created_at", Fri, 07 Feb 2014 15:52:46 UTC +00:00], ["discussion_id", 1114], ["question_id", 1897], ["updated_at", Fri, 07 Feb 2014 15:52:46 UTC +00:00], ["user_id", 3151]]
  [1m[36m (0.2ms)[0m  [1mRELEASE SAVEPOINT active_record_1[0m
  [1m[35m (0.3ms)[0m  ROLLBACK
.  [1m[36m (0.3ms)[0m  [1mBEGIN[0m
  [1m[35m (0.3ms)[0m  SAVEPOINT active_record_1
  [1m[36mUser Exists (0.7ms)[0m  [1mSELECT 1 AS one FROM "users" WHERE LOWER("users"."email") = LOWER('a@a.de') LIMIT 1[0m
  [1m[35mSQL (0.7ms)[0m  INSERT INTO "users" ("created_at", "email", "firstname", "lastname", "password_digest", "remember_token", "role_id", "updated_at") VALUES ($1, $2, $3, $4, $5, $6, $7, $8) RETURNING "id"  [["created_at", Fri, 07 Feb 2014 15:52:46 UTC +00:00], ["email", "a@a.de"], ["firstname", "User 132"], ["lastname", "the 132 of his kind"], ["password_digest", "$2a$04$MutHuJRI7hmDMqZrSVb30.LZ0JDzkjqc9MUTnmDzZbzzvdz3pniwy"], ["remember_token", "256b0fa74d4b9b6853874953a81f0daa70bdf4c2"], ["role_id", 169], ["updated_at", Fri, 07 Feb 2014 15:52:46 UTC +00:00]]
  [1m[36m (0.3ms)[0m  [1mRELEASE SAVEPOINT active_record_1[0m
  [1m[35m (0.2ms)[0m  SAVEPOINT active_record_1
  [1m[36mSQL (0.6ms)[0m  [1mINSERT INTO "questions" ("created_at", "topic", "updated_at") VALUES ($1, $2, $3) RETURNING "id"[0m  [["created_at", Fri, 07 Feb 2014 15:52:47 UTC +00:00], ["topic", "Test Topic"], ["updated_at", Fri, 07 Feb 2014 15:52:47 UTC +00:00]]
  [1m[35m (0.3ms)[0m  RELEASE SAVEPOINT active_record_1
  [1m[36m (0.2ms)[0m  [1mSAVEPOINT active_record_1[0m
  [1m[35mUser Exists (0.6ms)[0m  SELECT 1 AS one FROM "users" WHERE LOWER("users"."email") = LOWER('user_131@example.com') LIMIT 1
  [1m[36mSQL (0.6ms)[0m  [1mINSERT INTO "users" ("created_at", "email", "firstname", "lastname", "password_digest", "remember_token", "role_id", "updated_at") VALUES ($1, $2, $3, $4, $5, $6, $7, $8) RETURNING "id"[0m  [["created_at", Fri, 07 Feb 2014 15:52:47 UTC +00:00], ["email", "user_131@example.com"], ["firstname", "User 133"], ["lastname", "the 133 of his kind"], ["password_digest", "$2a$04$22SyNN7BdwF5e8MkHKcPxOJN8d8iN.jIuP1rIoE0QPE1mbXxW8eue"], ["remember_token", "e370a0d5f0b5db1b846653459b9f682a818a211f"], ["role_id", 169], ["updated_at", Fri, 07 Feb 2014 15:52:47 UTC +00:00]]
  [1m[35m (0.3ms)[0m  RELEASE SAVEPOINT active_record_1
  [1m[36m (0.3ms)[0m  [1mSAVEPOINT active_record_1[0m
  [1m[35mSQL (0.5ms)[0m  INSERT INTO "questions" ("created_at", "topic", "updated_at") VALUES ($1, $2, $3) RETURNING "id"  [["created_at", Fri, 07 Feb 2014 15:52:47 UTC +00:00], ["topic", "Test Topic"], ["updated_at", Fri, 07 Feb 2014 15:52:47 UTC +00:00]]
  [1m[36m (0.2ms)[0m  [1mRELEASE SAVEPOINT active_record_1[0m
  [1m[35m (0.2ms)[0m  SAVEPOINT active_record_1
  [1m[36mSQL (0.5ms)[0m  [1mINSERT INTO "companies" ("created_at", "name", "updated_at") VALUES ($1, $2, $3) RETURNING "id"[0m  [["created_at", Fri, 07 Feb 2014 15:52:47 UTC +00:00], ["name", "test"], ["updated_at", Fri, 07 Feb 2014 15:52:47 UTC +00:00]]
  [1m[35m (0.3ms)[0m  RELEASE SAVEPOINT active_record_1
  [1m[36m (0.2ms)[0m  [1mSAVEPOINT active_record_1[0m
  [1m[35mSQL (0.6ms)[0m  INSERT INTO "discussions" ("company_id", "created_at", "current_question_id", "due_date", "moderator_id", "topic", "updated_at") VALUES ($1, $2, $3, $4, $5, $6, $7) RETURNING "id"  [["company_id", 1519], ["created_at", Fri, 07 Feb 2014 15:52:47 UTC +00:00], ["current_question_id", 1900], ["due_date", Mon, 03 Feb 2020 00:00:00 UTC +00:00], ["moderator_id", 3155], ["topic", "Test Topic"], ["updated_at", Fri, 07 Feb 2014 15:52:47 UTC +00:00]]
  [1m[36m (0.3ms)[0m  [1mRELEASE SAVEPOINT active_record_1[0m
  [1m[35m (0.2ms)[0m  SAVEPOINT active_record_1
  [1m[36mUser Exists (0.6ms)[0m  [1mSELECT 1 AS one FROM "users" WHERE LOWER("users"."email") = LOWER('user_132@example.com') LIMIT 1[0m
  [1m[35mSQL (0.6ms)[0m  INSERT INTO "users" ("created_at", "email", "firstname", "lastname", "password_digest", "remember_token", "role_id", "updated_at") VALUES ($1, $2, $3, $4, $5, $6, $7, $8) RETURNING "id"  [["created_at", Fri, 07 Feb 2014 15:52:47 UTC +00:00], ["email", "user_132@example.com"], ["firstname", "User 134"], ["lastname", "the 134 of his kind"], ["password_digest", "$2a$04$AeBpxBoPfaqg0Gc.jTojGO8.Y09SATWmK6PVxVOymL4cA0OnQisre"], ["remember_token", "83bc52754bd0c481d166c47e35e006384f184234"], ["role_id", 169], ["updated_at", Fri, 07 Feb 2014 15:52:47 UTC +00:00]]
  [1m[36m (0.3ms)[0m  [1mRELEASE SAVEPOINT active_record_1[0m
  [1m[35m (0.2ms)[0m  SAVEPOINT active_record_1
  [1m[36mSQL (0.6ms)[0m  [1mINSERT INTO "arguments" ("argument_type_id", "content", "created_at", "discussion_id", "question_id", "updated_at", "user_id") VALUES ($1, $2, $3, $4, $5, $6, $7) RETURNING "id"[0m  [["argument_type_id", 127], ["content", "das sehe ich ganz anders"], ["created_at", Fri, 07 Feb 2014 15:52:47 UTC +00:00], ["discussion_id", 1115], ["question_id", 1899], ["updated_at", Fri, 07 Feb 2014 15:52:47 UTC +00:00], ["user_id", 3154]]
  [1m[35m (0.3ms)[0m  RELEASE SAVEPOINT active_record_1
  [1m[36m (0.3ms)[0m  [1mROLLBACK[0m
.  [1m[35m (0.2ms)[0m  BEGIN
  [1m[36m (0.2ms)[0m  [1mSAVEPOINT active_record_1[0m
  [1m[35mUser Exists (0.7ms)[0m  SELECT 1 AS one FROM "users" WHERE LOWER("users"."email") = LOWER('a@a.de') LIMIT 1
  [1m[36mSQL (0.7ms)[0m  [1mINSERT INTO "users" ("created_at", "email", "firstname", "lastname", "password_digest", "remember_token", "role_id", "updated_at") VALUES ($1, $2, $3, $4, $5, $6, $7, $8) RETURNING "id"[0m  [["created_at", Fri, 07 Feb 2014 15:52:47 UTC +00:00], ["email", "a@a.de"], ["firstname", "User 135"], ["lastname", "the 135 of his kind"], ["password_digest", "$2a$04$dXeOdp11GXezGa.lAKjLNe3x0Z.icMcq.98f4RAAVmbPk4N4liXaG"], ["remember_token", "1ecf590fe706769268effabd841e06af9cdded56"], ["role_id", 169], ["updated_at", Fri, 07 Feb 2014 15:52:47 UTC +00:00]]
  [1m[35m (0.3ms)[0m  RELEASE SAVEPOINT active_record_1
  [1m[36m (0.4ms)[0m  [1mSAVEPOINT active_record_1[0m
  [1m[35mSQL (1.4ms)[0m  INSERT INTO "questions" ("created_at", "topic", "updated_at") VALUES ($1, $2, $3) RETURNING "id"  [["created_at", Fri, 07 Feb 2014 15:52:47 UTC +00:00], ["topic", "Test Topic"], ["updated_at", Fri, 07 Feb 2014 15:52:47 UTC +00:00]]
  [1m[36m (0.3ms)[0m  [1mRELEASE SAVEPOINT active_record_1[0m
  [1m[35m (0.4ms)[0m  SAVEPOINT active_record_1
  [1m[36mUser Exists (1.0ms)[0m  [1mSELECT 1 AS one FROM "users" WHERE LOWER("users"."email") = LOWER('user_133@example.com') LIMIT 1[0m
  [1m[35mSQL (0.9ms)[0m  INSERT INTO "users" ("created_at", "email", "firstname", "lastname", "password_digest", "remember_token", "role_id", "updated_at") VALUES ($1, $2, $3, $4, $5, $6, $7, $8) RETURNING "id"  [["created_at", Fri, 07 Feb 2014 15:52:47 UTC +00:00], ["email", "user_133@example.com"], ["firstname", "User 136"], ["lastname", "the 136 of his kind"], ["password_digest", "$2a$04$zoLgxf1/PTZJLQjztkhCG.LpOjah6LU71KpaM7//0.dwc8zzOaMXm"], ["remember_token", "8e47cef78945a56ed776971f10dd5d02396a5bd6"], ["role_id", 169], ["updated_at", Fri, 07 Feb 2014 15:52:47 UTC +00:00]]
  [1m[36m (0.2ms)[0m  [1mRELEASE SAVEPOINT active_record_1[0m
  [1m[35m (0.1ms)[0m  SAVEPOINT active_record_1
  [1m[36mSQL (0.4ms)[0m  [1mINSERT INTO "questions" ("created_at", "topic", "updated_at") VALUES ($1, $2, $3) RETURNING "id"[0m  [["created_at", Fri, 07 Feb 2014 15:52:47 UTC +00:00], ["topic", "Test Topic"], ["updated_at", Fri, 07 Feb 2014 15:52:47 UTC +00:00]]
  [1m[35m (0.2ms)[0m  RELEASE SAVEPOINT active_record_1
  [1m[36m (0.1ms)[0m  [1mSAVEPOINT active_record_1[0m
  [1m[35mSQL (0.4ms)[0m  INSERT INTO "companies" ("created_at", "name", "updated_at") VALUES ($1, $2, $3) RETURNING "id"  [["created_at", Fri, 07 Feb 2014 15:52:47 UTC +00:00], ["name", "test"], ["updated_at", Fri, 07 Feb 2014 15:52:47 UTC +00:00]]
  [1m[36m (0.2ms)[0m  [1mRELEASE SAVEPOINT active_record_1[0m
  [1m[35m (0.2ms)[0m  SAVEPOINT active_record_1
  [1m[36mSQL (0.5ms)[0m  [1mINSERT INTO "discussions" ("company_id", "created_at", "current_question_id", "due_date", "moderator_id", "topic", "updated_at") VALUES ($1, $2, $3, $4, $5, $6, $7) RETURNING "id"[0m  [["company_id", 1520], ["created_at", Fri, 07 Feb 2014 15:52:47 UTC +00:00], ["current_question_id", 1902], ["due_date", Mon, 03 Feb 2020 00:00:00 UTC +00:00], ["moderator_id", 3158], ["topic", "Test Topic"], ["updated_at", Fri, 07 Feb 2014 15:52:47 UTC +00:00]]
  [1m[35m (0.3ms)[0m  RELEASE SAVEPOINT active_record_1
  [1m[36m (0.1ms)[0m  [1mSAVEPOINT active_record_1[0m
  [1m[35mUser Exists (0.8ms)[0m  SELECT 1 AS one FROM "users" WHERE LOWER("users"."email") = LOWER('user_134@example.com') LIMIT 1
  [1m[36mSQL (0.7ms)[0m  [1mINSERT INTO "users" ("created_at", "email", "firstname", "lastname", "password_digest", "remember_token", "role_id", "updated_at") VALUES ($1, $2, $3, $4, $5, $6, $7, $8) RETURNING "id"[0m  [["created_at", Fri, 07 Feb 2014 15:52:47 UTC +00:00], ["email", "user_134@example.com"], ["firstname", "User 137"], ["lastname", "the 137 of his kind"], ["password_digest", "$2a$04$sH7VLlGahlGFUVT3Qf/XTeF9gr9WQjPpKxam.K0OZOI95WIduL5lW"], ["remember_token", "560d658bb79d724ed54551606191e958d8b637eb"], ["role_id", 169], ["updated_at", Fri, 07 Feb 2014 15:52:47 UTC +00:00]]
  [1m[35m (0.3ms)[0m  RELEASE SAVEPOINT active_record_1
  [1m[36m (0.3ms)[0m  [1mSAVEPOINT active_record_1[0m
  [1m[35mSQL (0.6ms)[0m  INSERT INTO "arguments" ("argument_type_id", "content", "created_at", "discussion_id", "question_id", "updated_at", "user_id") VALUES ($1, $2, $3, $4, $5, $6, $7) RETURNING "id"  [["argument_type_id", 127], ["content", "das sehe ich ganz anders"], ["created_at", Fri, 07 Feb 2014 15:52:47 UTC +00:00], ["discussion_id", 1116], ["question_id", 1901], ["updated_at", Fri, 07 Feb 2014 15:52:47 UTC +00:00], ["user_id", 3157]]
  [1m[36m (0.2ms)[0m  [1mRELEASE SAVEPOINT active_record_1[0m
  [1m[35m (0.2ms)[0m  ROLLBACK
.  [1m[36m (0.2ms)[0m  [1mBEGIN[0m
  [1m[35m (0.3ms)[0m  SAVEPOINT active_record_1
  [1m[36mUser Exists (0.8ms)[0m  [1mSELECT 1 AS one FROM "users" WHERE LOWER("users"."email") = LOWER('a@a.de') LIMIT 1[0m
  [1m[35mSQL (0.8ms)[0m  INSERT INTO "users" ("created_at", "email", "firstname", "lastname", "password_digest", "remember_token", "role_id", "updated_at") VALUES ($1, $2, $3, $4, $5, $6, $7, $8) RETURNING "id"  [["created_at", Fri, 07 Feb 2014 15:52:47 UTC +00:00], ["email", "a@a.de"], ["firstname", "User 138"], ["lastname", "the 138 of his kind"], ["password_digest", "$2a$04$6UP3LSVFJkKap6jeNX4jdOD0A.osgbalTubF2dINjfGhc0.EzUluy"], ["remember_token", "9df89c1281fb155bd47d09ed93e6b0fecdee038f"], ["role_id", 169], ["updated_at", Fri, 07 Feb 2014 15:52:47 UTC +00:00]]
  [1m[36m (0.2ms)[0m  [1mRELEASE SAVEPOINT active_record_1[0m
  [1m[35m (0.3ms)[0m  SAVEPOINT active_record_1
  [1m[36mSQL (0.7ms)[0m  [1mINSERT INTO "questions" ("created_at", "topic", "updated_at") VALUES ($1, $2, $3) RETURNING "id"[0m  [["created_at", Fri, 07 Feb 2014 15:52:47 UTC +00:00], ["topic", "Test Topic"], ["updated_at", Fri, 07 Feb 2014 15:52:47 UTC +00:00]]
  [1m[35m (0.4ms)[0m  RELEASE SAVEPOINT active_record_1
  [1m[36m (0.3ms)[0m  [1mSAVEPOINT active_record_1[0m
  [1m[35mUser Exists (0.7ms)[0m  SELECT 1 AS one FROM "users" WHERE LOWER("users"."email") = LOWER('user_135@example.com') LIMIT 1
  [1m[36mSQL (0.7ms)[0m  [1mINSERT INTO "users" ("created_at", "email", "firstname", "lastname", "password_digest", "remember_token", "role_id", "updated_at") VALUES ($1, $2, $3, $4, $5, $6, $7, $8) RETURNING "id"[0m  [["created_at", Fri, 07 Feb 2014 15:52:47 UTC +00:00], ["email", "user_135@example.com"], ["firstname", "User 139"], ["lastname", "the 139 of his kind"], ["password_digest", "$2a$04$m3e/Or9vfGs5oOh8Ws1g/eBGuSEH4Hhe/a/1..j5QoR18yazHKYU."], ["remember_token", "6e8c4a425c76b211e0923ab5c3516c6dea642800"], ["role_id", 169], ["updated_at", Fri, 07 Feb 2014 15:52:47 UTC +00:00]]
  [1m[35m (0.3ms)[0m  RELEASE SAVEPOINT active_record_1
  [1m[36m (0.3ms)[0m  [1mSAVEPOINT active_record_1[0m
  [1m[35mSQL (0.5ms)[0m  INSERT INTO "questions" ("created_at", "topic", "updated_at") VALUES ($1, $2, $3) RETURNING "id"  [["created_at", Fri, 07 Feb 2014 15:52:47 UTC +00:00], ["topic", "Test Topic"], ["updated_at", Fri, 07 Feb 2014 15:52:47 UTC +00:00]]
  [1m[36m (0.3ms)[0m  [1mRELEASE SAVEPOINT active_record_1[0m
  [1m[35m (0.2ms)[0m  SAVEPOINT active_record_1
  [1m[36mSQL (0.5ms)[0m  [1mINSERT INTO "companies" ("created_at", "name", "updated_at") VALUES ($1, $2, $3) RETURNING "id"[0m  [["created_at", Fri, 07 Feb 2014 15:52:47 UTC +00:00], ["name", "test"], ["updated_at", Fri, 07 Feb 2014 15:52:47 UTC +00:00]]
  [1m[35m (0.3ms)[0m  RELEASE SAVEPOINT active_record_1
  [1m[36m (0.3ms)[0m  [1mSAVEPOINT active_record_1[0m
  [1m[35mSQL (0.6ms)[0m  INSERT INTO "discussions" ("company_id", "created_at", "current_question_id", "due_date", "moderator_id", "topic", "updated_at") VALUES ($1, $2, $3, $4, $5, $6, $7) RETURNING "id"  [["company_id", 1521], ["created_at", Fri, 07 Feb 2014 15:52:47 UTC +00:00], ["current_question_id", 1904], ["due_date", Mon, 03 Feb 2020 00:00:00 UTC +00:00], ["moderator_id", 3161], ["topic", "Test Topic"], ["updated_at", Fri, 07 Feb 2014 15:52:47 UTC +00:00]]
  [1m[36m (0.3ms)[0m  [1mRELEASE SAVEPOINT active_record_1[0m
  [1m[35m (0.2ms)[0m  SAVEPOINT active_record_1
  [1m[36mUser Exists (0.7ms)[0m  [1mSELECT 1 AS one FROM "users" WHERE LOWER("users"."email") = LOWER('user_136@example.com') LIMIT 1[0m
  [1m[35mSQL (0.7ms)[0m  INSERT INTO "users" ("created_at", "email", "firstname", "lastname", "password_digest", "remember_token", "role_id", "updated_at") VALUES ($1, $2, $3, $4, $5, $6, $7, $8) RETURNING "id"  [["created_at", Fri, 07 Feb 2014 15:52:47 UTC +00:00], ["email", "user_136@example.com"], ["firstname", "User 140"], ["lastname", "the 140 of his kind"], ["password_digest", "$2a$04$ADrTHfKaonI8c4O7eLXHPeRNoZK7Qn0l32tb/soTBFcpMExCfURne"], ["remember_token", "b28739756312a0fa984f54762835d86b3bc23f52"], ["role_id", 169], ["updated_at", Fri, 07 Feb 2014 15:52:47 UTC +00:00]]
  [1m[36m (0.3ms)[0m  [1mRELEASE SAVEPOINT active_record_1[0m
  [1m[35m (0.3ms)[0m  SAVEPOINT active_record_1
  [1m[36mSQL (0.7ms)[0m  [1mINSERT INTO "arguments" ("argument_type_id", "content", "created_at", "discussion_id", "question_id", "updated_at", "user_id") VALUES ($1, $2, $3, $4, $5, $6, $7) RETURNING "id"[0m  [["argument_type_id", 127], ["content", "das sehe ich ganz anders"], ["created_at", Fri, 07 Feb 2014 15:52:47 UTC +00:00], ["discussion_id", 1117], ["question_id", 1903], ["updated_at", Fri, 07 Feb 2014 15:52:47 UTC +00:00], ["user_id", 3160]]
  [1m[35m (0.3ms)[0m  RELEASE SAVEPOINT active_record_1
  [1m[36m (0.3ms)[0m  [1mROLLBACK[0m
.  [1m[35m (0.2ms)[0m  BEGIN
  [1m[36m (0.3ms)[0m  [1mSAVEPOINT active_record_1[0m
  [1m[35mUser Exists (0.7ms)[0m  SELECT 1 AS one FROM "users" WHERE LOWER("users"."email") = LOWER('a@a.de') LIMIT 1
  [1m[36mSQL (0.8ms)[0m  [1mINSERT INTO "users" ("created_at", "email", "firstname", "lastname", "password_digest", "remember_token", "role_id", "updated_at") VALUES ($1, $2, $3, $4, $5, $6, $7, $8) RETURNING "id"[0m  [["created_at", Fri, 07 Feb 2014 15:52:47 UTC +00:00], ["email", "a@a.de"], ["firstname", "User 141"], ["lastname", "the 141 of his kind"], ["password_digest", "$2a$04$1C4YfzTMgdHtjQiQTKRpN.Jpr7jx5dSLgkvkaF9XO/A6HPmbtqARu"], ["remember_token", "e481df9cc5a30cf3f235ea5c9e0f5ac37224e4f0"], ["role_id", 169], ["updated_at", Fri, 07 Feb 2014 15:52:47 UTC +00:00]]
  [1m[35m (0.3ms)[0m  RELEASE SAVEPOINT active_record_1
  [1m[36m (0.3ms)[0m  [1mSAVEPOINT active_record_1[0m
  [1m[35mSQL (0.6ms)[0m  INSERT INTO "questions" ("created_at", "topic", "updated_at") VALUES ($1, $2, $3) RETURNING "id"  [["created_at", Fri, 07 Feb 2014 15:52:47 UTC +00:00], ["topic", "Test Topic"], ["updated_at", Fri, 07 Feb 2014 15:52:47 UTC +00:00]]
  [1m[36m (0.3ms)[0m  [1mRELEASE SAVEPOINT active_record_1[0m
  [1m[35m (0.2ms)[0m  SAVEPOINT active_record_1
  [1m[36mUser Exists (0.7ms)[0m  [1mSELECT 1 AS one FROM "users" WHERE LOWER("users"."email") = LOWER('user_137@example.com') LIMIT 1[0m
  [1m[35mSQL (0.7ms)[0m  INSERT INTO "users" ("created_at", "email", "firstname", "lastname", "password_digest", "remember_token", "role_id", "updated_at") VALUES ($1, $2, $3, $4, $5, $6, $7, $8) RETURNING "id"  [["created_at", Fri, 07 Feb 2014 15:52:47 UTC +00:00], ["email", "user_137@example.com"], ["firstname", "User 142"], ["lastname", "the 142 of his kind"], ["password_digest", "$2a$04$8BGYNWA1a8/CxsI6ngV8SOTFOUPDon5h5KiyKqA9xdfRo1KYrDFwu"], ["remember_token", "b1d72dff016af37ff35ca4617f6a0e9a835a65b1"], ["role_id", 169], ["updated_at", Fri, 07 Feb 2014 15:52:47 UTC +00:00]]
  [1m[36m (0.3ms)[0m  [1mRELEASE SAVEPOINT active_record_1[0m
  [1m[35m (0.2ms)[0m  SAVEPOINT active_record_1
  [1m[36mSQL (0.5ms)[0m  [1mINSERT INTO "questions" ("created_at", "topic", "updated_at") VALUES ($1, $2, $3) RETURNING "id"[0m  [["created_at", Fri, 07 Feb 2014 15:52:47 UTC +00:00], ["topic", "Test Topic"], ["updated_at", Fri, 07 Feb 2014 15:52:47 UTC +00:00]]
  [1m[35m (0.3ms)[0m  RELEASE SAVEPOINT active_record_1
  [1m[36m (0.2ms)[0m  [1mSAVEPOINT active_record_1[0m
  [1m[35mSQL (0.5ms)[0m  INSERT INTO "companies" ("created_at", "name", "updated_at") VALUES ($1, $2, $3) RETURNING "id"  [["created_at", Fri, 07 Feb 2014 15:52:47 UTC +00:00], ["name", "test"], ["updated_at", Fri, 07 Feb 2014 15:52:47 UTC +00:00]]
  [1m[36m (0.3ms)[0m  [1mRELEASE SAVEPOINT active_record_1[0m
  [1m[35m (0.2ms)[0m  SAVEPOINT active_record_1
  [1m[36mSQL (0.7ms)[0m  [1mINSERT INTO "discussions" ("company_id", "created_at", "current_question_id", "due_date", "moderator_id", "topic", "updated_at") VALUES ($1, $2, $3, $4, $5, $6, $7) RETURNING "id"[0m  [["company_id", 1522], ["created_at", Fri, 07 Feb 2014 15:52:47 UTC +00:00], ["current_question_id", 1906], ["due_date", Mon, 03 Feb 2020 00:00:00 UTC +00:00], ["moderator_id", 3164], ["topic", "Test Topic"], ["updated_at", Fri, 07 Feb 2014 15:52:47 UTC +00:00]]
  [1m[35m (0.3ms)[0m  RELEASE SAVEPOINT active_record_1
  [1m[36m (0.3ms)[0m  [1mSAVEPOINT active_record_1[0m
  [1m[35mUser Exists (0.7ms)[0m  SELECT 1 AS one FROM "users" WHERE LOWER("users"."email") = LOWER('user_138@example.com') LIMIT 1
  [1m[36mSQL (0.7ms)[0m  [1mINSERT INTO "users" ("created_at", "email", "firstname", "lastname", "password_digest", "remember_token", "role_id", "updated_at") VALUES ($1, $2, $3, $4, $5, $6, $7, $8) RETURNING "id"[0m  [["created_at", Fri, 07 Feb 2014 15:52:47 UTC +00:00], ["email", "user_138@example.com"], ["firstname", "User 143"], ["lastname", "the 143 of his kind"], ["password_digest", "$2a$04$Pp/y3pcJ1rFjYS6RPXad7eThh4e4qWGmTKNuRl/ozoUZoanVz5xre"], ["remember_token", "722ef88082253a1d06ff98eb1c66e7c5741d8a8b"], ["role_id", 169], ["updated_at", Fri, 07 Feb 2014 15:52:47 UTC +00:00]]
  [1m[35m (0.3ms)[0m  RELEASE SAVEPOINT active_record_1
  [1m[36m (0.2ms)[0m  [1mSAVEPOINT active_record_1[0m
  [1m[35mSQL (0.6ms)[0m  INSERT INTO "arguments" ("argument_type_id", "content", "created_at", "discussion_id", "question_id", "updated_at", "user_id") VALUES ($1, $2, $3, $4, $5, $6, $7) RETURNING "id"  [["argument_type_id", 127], ["content", "das sehe ich ganz anders"], ["created_at", Fri, 07 Feb 2014 15:52:47 UTC +00:00], ["discussion_id", 1118], ["question_id", 1905], ["updated_at", Fri, 07 Feb 2014 15:52:47 UTC +00:00], ["user_id", 3163]]
  [1m[36m (0.3ms)[0m  [1mRELEASE SAVEPOINT active_record_1[0m
  [1m[35m (0.3ms)[0m  ROLLBACK
.  [1m[36m (0.3ms)[0m  [1mBEGIN[0m
  [1m[35m (0.3ms)[0m  SAVEPOINT active_record_1
  [1m[36mUser Exists (0.8ms)[0m  [1mSELECT 1 AS one FROM "users" WHERE LOWER("users"."email") = LOWER('a@a.de') LIMIT 1[0m
  [1m[35mSQL (0.8ms)[0m  INSERT INTO "users" ("created_at", "email", "firstname", "lastname", "password_digest", "remember_token", "role_id", "updated_at") VALUES ($1, $2, $3, $4, $5, $6, $7, $8) RETURNING "id"  [["created_at", Fri, 07 Feb 2014 15:52:47 UTC +00:00], ["email", "a@a.de"], ["firstname", "User 144"], ["lastname", "the 144 of his kind"], ["password_digest", "$2a$04$1jQnBF/z2KUyKOkfsKIV9.z6QqPdPN4m4fD068KuD4cPPulrgjVzC"], ["remember_token", "5d433437659ba7d0afcfd20640f86d019a16a835"], ["role_id", 169], ["updated_at", Fri, 07 Feb 2014 15:52:47 UTC +00:00]]
  [1m[36m (0.3ms)[0m  [1mRELEASE SAVEPOINT active_record_1[0m
  [1m[35m (0.3ms)[0m  SAVEPOINT active_record_1
  [1m[36mSQL (0.7ms)[0m  [1mINSERT INTO "questions" ("created_at", "topic", "updated_at") VALUES ($1, $2, $3) RETURNING "id"[0m  [["created_at", Fri, 07 Feb 2014 15:52:47 UTC +00:00], ["topic", "Test Topic"], ["updated_at", Fri, 07 Feb 2014 15:52:47 UTC +00:00]]
  [1m[35m (0.3ms)[0m  RELEASE SAVEPOINT active_record_1
  [1m[36m (0.3ms)[0m  [1mSAVEPOINT active_record_1[0m
  [1m[35mUser Exists (0.7ms)[0m  SELECT 1 AS one FROM "users" WHERE LOWER("users"."email") = LOWER('user_139@example.com') LIMIT 1
  [1m[36mSQL (0.7ms)[0m  [1mINSERT INTO "users" ("created_at", "email", "firstname", "lastname", "password_digest", "remember_token", "role_id", "updated_at") VALUES ($1, $2, $3, $4, $5, $6, $7, $8) RETURNING "id"[0m  [["created_at", Fri, 07 Feb 2014 15:52:47 UTC +00:00], ["email", "user_139@example.com"], ["firstname", "User 145"], ["lastname", "the 145 of his kind"], ["password_digest", "$2a$04$pG5thT8X43piyfrOZ5EcpucsJPJaiFn2D8dgUb8yArB35vvmLnU4G"], ["remember_token", "b4e548086e0374e583224095f7d66fb9b01ac928"], ["role_id", 169], ["updated_at", Fri, 07 Feb 2014 15:52:47 UTC +00:00]]
  [1m[35m (0.3ms)[0m  RELEASE SAVEPOINT active_record_1
  [1m[36m (0.2ms)[0m  [1mSAVEPOINT active_record_1[0m
  [1m[35mSQL (0.6ms)[0m  INSERT INTO "questions" ("created_at", "topic", "updated_at") VALUES ($1, $2, $3) RETURNING "id"  [["created_at", Fri, 07 Feb 2014 15:52:47 UTC +00:00], ["topic", "Test Topic"], ["updated_at", Fri, 07 Feb 2014 15:52:47 UTC +00:00]]
  [1m[36m (0.3ms)[0m  [1mRELEASE SAVEPOINT active_record_1[0m
  [1m[35m (0.2ms)[0m  SAVEPOINT active_record_1
  [1m[36mSQL (0.6ms)[0m  [1mINSERT INTO "companies" ("created_at", "name", "updated_at") VALUES ($1, $2, $3) RETURNING "id"[0m  [["created_at", Fri, 07 Feb 2014 15:52:47 UTC +00:00], ["name", "test"], ["updated_at", Fri, 07 Feb 2014 15:52:47 UTC +00:00]]
  [1m[35m (0.3ms)[0m  RELEASE SAVEPOINT active_record_1
  [1m[36m (0.2ms)[0m  [1mSAVEPOINT active_record_1[0m
  [1m[35mSQL (0.7ms)[0m  INSERT INTO "discussions" ("company_id", "created_at", "current_question_id", "due_date", "moderator_id", "topic", "updated_at") VALUES ($1, $2, $3, $4, $5, $6, $7) RETURNING "id"  [["company_id", 1523], ["created_at", Fri, 07 Feb 2014 15:52:47 UTC +00:00], ["current_question_id", 1908], ["due_date", Mon, 03 Feb 2020 00:00:00 UTC +00:00], ["moderator_id", 3167], ["topic", "Test Topic"], ["updated_at", Fri, 07 Feb 2014 15:52:47 UTC +00:00]]
  [1m[36m (0.3ms)[0m  [1mRELEASE SAVEPOINT active_record_1[0m
  [1m[35m (0.3ms)[0m  SAVEPOINT active_record_1
  [1m[36mUser Exists (0.7ms)[0m  [1mSELECT 1 AS one FROM "users" WHERE LOWER("users"."email") = LOWER('user_140@example.com') LIMIT 1[0m
  [1m[35mSQL (0.7ms)[0m  INSERT INTO "users" ("created_at", "email", "firstname", "lastname", "password_digest", "remember_token", "role_id", "updated_at") VALUES ($1, $2, $3, $4, $5, $6, $7, $8) RETURNING "id"  [["created_at", Fri, 07 Feb 2014 15:52:47 UTC +00:00], ["email", "user_140@example.com"], ["firstname", "User 146"], ["lastname", "the 146 of his kind"], ["password_digest", "$2a$04$7BXO5.B/QLPJt2f99KaxkOB4js0ZipRzzYKleaSLMhYLcdCJ52Gqy"], ["remember_token", "4af2b18b90fa4a53d642802c8893c5fb97a86b64"], ["role_id", 169], ["updated_at", Fri, 07 Feb 2014 15:52:47 UTC +00:00]]
  [1m[36m (0.3ms)[0m  [1mRELEASE SAVEPOINT active_record_1[0m
  [1m[35m (0.2ms)[0m  SAVEPOINT active_record_1
  [1m[36mSQL (0.6ms)[0m  [1mINSERT INTO "arguments" ("argument_type_id", "content", "created_at", "discussion_id", "question_id", "updated_at", "user_id") VALUES ($1, $2, $3, $4, $5, $6, $7) RETURNING "id"[0m  [["argument_type_id", 127], ["content", "das sehe ich ganz anders"], ["created_at", Fri, 07 Feb 2014 15:52:47 UTC +00:00], ["discussion_id", 1119], ["question_id", 1907], ["updated_at", Fri, 07 Feb 2014 15:52:47 UTC +00:00], ["user_id", 3166]]
  [1m[35m (0.3ms)[0m  RELEASE SAVEPOINT active_record_1
  [1m[36m (0.3ms)[0m  [1mROLLBACK[0m
.  [1m[35m (0.3ms)[0m  BEGIN
  [1m[36m (0.4ms)[0m  [1mROLLBACK[0m
.

Pending:
  DiscussionsUser add some examples to (or delete) /home/tim/rails/GDS/spec/models/discussions_user_spec.rb
    # No reason given
    # ./spec/models/discussions_user_spec.rb:4
  ContactsHelper add some examples to (or delete) /home/tim/rails/GDS/spec/helpers/contacts_helper_spec.rb
    # No reason given
    # ./spec/helpers/contacts_helper_spec.rb:14
  DiscussionsUsersHelper add some examples to (or delete) /home/tim/rails/GDS/spec/helpers/discussions_users_helper_spec.rb
    # No reason given
    # ./spec/helpers/discussions_users_helper_spec.rb:14
  Role add some examples to (or delete) /home/tim/rails/GDS/spec/models/role_spec.rb
    # No reason given
    # ./spec/models/role_spec.rb:4
  Company add some examples to (or delete) /home/tim/rails/GDS/spec/models/company_spec.rb
    # No reason given
    # ./spec/models/company_spec.rb:4
  QuestionsHelper add some examples to (or delete) /home/tim/rails/GDS/spec/helpers/questions_helper_spec.rb
    # No reason given
    # ./spec/helpers/questions_helper_spec.rb:14
  DiscussionsHelper add some examples to (or delete) /home/tim/rails/GDS/spec/helpers/discussions_helper_spec.rb
    # No reason given
    # ./spec/helpers/discussions_helper_spec.rb:14
  Contact add some examples to (or delete) /home/tim/rails/GDS/spec/models/contact_spec.rb
    # No reason given
    # ./spec/models/contact_spec.rb:4
  VotesHelper add some examples to (or delete) /home/tim/rails/GDS/spec/helpers/votes_helper_spec.rb
    # No reason given
    # ./spec/helpers/votes_helper_spec.rb:14
  ArgumentHelper add some examples to (or delete) /home/tim/rails/GDS/spec/helpers/argument_helper_spec.rb
    # No reason given
    # ./spec/helpers/argument_helper_spec.rb:14
  Vote add some examples to (or delete) /home/tim/rails/GDS/spec/models/vote_spec.rb
    # No reason given
    # ./spec/models/vote_spec.rb:4
  CompaniesHelper add some examples to (or delete) /home/tim/rails/GDS/spec/helpers/companies_helper_spec.rb
    # No reason given
    # ./spec/helpers/companies_helper_spec.rb:14
  ResearchInstitutesHelper add some examples to (or delete) /home/tim/rails/GDS/spec/helpers/research_institutes_helper_spec.rb
    # No reason given
    # ./spec/helpers/research_institutes_helper_spec.rb:14
  ResearchInstitute add some examples to (or delete) /home/tim/rails/GDS/spec/models/research_institute_spec.rb
    # No reason given
    # ./spec/models/research_institute_spec.rb:4
  DiscussionPresence add some examples to (or delete) /home/tim/rails/GDS/spec/models/discussion_presence_spec.rb
    # No reason given
    # ./spec/models/discussion_presence_spec.rb:4

Failures:

  1) ArgumentsController signed in create with valid parameters should create a new argument
     Failure/Error: post :create, {argument: valid_attributes}, valid_session
     ActionView::MissingTemplate:
       Missing template arguments/create, application/create with {:locale=>[:en], :formats=>[:html], :handlers=>[:erb, :builder, :raw, :ruby, :jbuilder, :coffee]}. Searched in:
         * "#<RSpec::Rails::ViewRendering::EmptyTemplatePathSetDecorator:0x00000005b66688>"
     # ./spec/controllers/arguments_controller_spec.rb:24:in `block (5 levels) in <top (required)>'
     # ./spec/controllers/arguments_controller_spec.rb:23:in `block (4 levels) in <top (required)>'

  2) ArgumentsController signed in create with invalid parameters should not create a new argument
     Failure/Error: post :create, {:argument => valid_attributes}, valid_session
     ActionView::MissingTemplate:
       Missing template arguments/create, application/create with {:locale=>[:en], :formats=>[:html], :handlers=>[:erb, :builder, :raw, :ruby, :jbuilder, :coffee]}. Searched in:
         * "#<RSpec::Rails::ViewRendering::EmptyTemplatePathSetDecorator:0x000000059c4fc8>"
     # ./spec/controllers/arguments_controller_spec.rb:30:in `block (5 levels) in <top (required)>'
     # ./spec/controllers/arguments_controller_spec.rb:29:in `block (4 levels) in <top (required)>'

  3) contacts/index renders a list of contacts
     Failure/Error: stub_model(contact,
     NameError:
       undefined local variable or method `contact' for #<RSpec::Core::ExampleGroup::Nested_49:0x00000005d4abe8>
     # ./spec/views/contacts/index.html.erb_spec.rb:6:in `block (2 levels) in <top (required)>'

  4) discussions/new renders new discussion form
     Failure/Error: render
     ActionView::Template::Error:
       undefined method `map' for nil:NilClass
     # ./app/views/discussions/_form.html.erb:39:in `block in _app_views_discussions__form_html_erb__4440907307229048526_34820660'
     # ./app/views/discussions/_form.html.erb:1:in `_app_views_discussions__form_html_erb__4440907307229048526_34820660'
     # ./app/views/discussions/new.html.erb:3:in `_app_views_discussions_new_html_erb__1826096886080446391_26514740'
     # ./spec/views/discussions/new.html.erb_spec.rb:14:in `block (2 levels) in <top (required)>'

  5) VotesController GET index assigns all votes as @votes
     Failure/Error: @argument = FactoryGirl.create(:argument)
     ActiveRecord::RecordInvalid:
       Validation failed: User can't be blank
     # ./spec/controllers/votes_controller_spec.rb:28:in `block (2 levels) in <top (required)>'

  6) VotesController GET new assigns a new vote as @vote
     Failure/Error: @argument = FactoryGirl.create(:argument)
     ActiveRecord::RecordInvalid:
       Validation failed: User can't be blank
     # ./spec/controllers/votes_controller_spec.rb:28:in `block (2 levels) in <top (required)>'

  7) VotesController DELETE destroy destroys the requested vote
     Failure/Error: @argument = FactoryGirl.create(:argument)
     ActiveRecord::RecordInvalid:
       Validation failed: User can't be blank
     # ./spec/controllers/votes_controller_spec.rb:28:in `block (2 levels) in <top (required)>'

  8) VotesController DELETE destroy redirects to the votes list
     Failure/Error: @argument = FactoryGirl.create(:argument)
     ActiveRecord::RecordInvalid:
       Validation failed: User can't be blank
     # ./spec/controllers/votes_controller_spec.rb:28:in `block (2 levels) in <top (required)>'

  9) VotesController GET show assigns the requested vote as @vote
     Failure/Error: @argument = FactoryGirl.create(:argument)
     ActiveRecord::RecordInvalid:
       Validation failed: User can't be blank
     # ./spec/controllers/votes_controller_spec.rb:28:in `block (2 levels) in <top (required)>'

  10) VotesController POST create with valid params creates a new Vote
     Failure/Error: @argument = FactoryGirl.create(:argument)
     ActiveRecord::RecordInvalid:
       Validation failed: User can't be blank
     # ./spec/controllers/votes_controller_spec.rb:28:in `block (2 levels) in <top (required)>'

  11) VotesController POST create with valid params redirects to the created vote
     Failure/Error: @argument = FactoryGirl.create(:argument)
     ActiveRecord::RecordInvalid:
       Validation failed: User can't be blank
     # ./spec/controllers/votes_controller_spec.rb:28:in `block (2 levels) in <top (required)>'

  12) VotesController POST create with valid params assigns a newly created vote as @vote
     Failure/Error: @argument = FactoryGirl.create(:argument)
     ActiveRecord::RecordInvalid:
       Validation failed: User can't be blank
     # ./spec/controllers/votes_controller_spec.rb:28:in `block (2 levels) in <top (required)>'

  13) VotesController POST create with invalid params assigns a newly created but unsaved vote as @vote
     Failure/Error: @argument = FactoryGirl.create(:argument)
     ActiveRecord::RecordInvalid:
       Validation failed: User can't be blank
     # ./spec/controllers/votes_controller_spec.rb:28:in `block (2 levels) in <top (required)>'

  14) VotesController POST create with invalid params re-renders the 'new' template
     Failure/Error: @argument = FactoryGirl.create(:argument)
     ActiveRecord::RecordInvalid:
       Validation failed: User can't be blank
     # ./spec/controllers/votes_controller_spec.rb:28:in `block (2 levels) in <top (required)>'

  15) VotesController GET edit assigns the requested vote as @vote
     Failure/Error: @argument = FactoryGirl.create(:argument)
     ActiveRecord::RecordInvalid:
       Validation failed: User can't be blank
     # ./spec/controllers/votes_controller_spec.rb:28:in `block (2 levels) in <top (required)>'

  16) VotesController PUT update with valid params updates the requested vote
     Failure/Error: @argument = FactoryGirl.create(:argument)
     ActiveRecord::RecordInvalid:
       Validation failed: User can't be blank
     # ./spec/controllers/votes_controller_spec.rb:28:in `block (2 levels) in <top (required)>'

  17) VotesController PUT update with valid params redirects to the vote
     Failure/Error: @argument = FactoryGirl.create(:argument)
     ActiveRecord::RecordInvalid:
       Validation failed: User can't be blank
     # ./spec/controllers/votes_controller_spec.rb:28:in `block (2 levels) in <top (required)>'

  18) VotesController PUT update with valid params assigns the requested vote as @vote
     Failure/Error: @argument = FactoryGirl.create(:argument)
     ActiveRecord::RecordInvalid:
       Validation failed: User can't be blank
     # ./spec/controllers/votes_controller_spec.rb:28:in `block (2 levels) in <top (required)>'

  19) VotesController PUT update with invalid params assigns the vote as @vote
     Failure/Error: @argument = FactoryGirl.create(:argument)
     ActiveRecord::RecordInvalid:
       Validation failed: User can't be blank
     # ./spec/controllers/votes_controller_spec.rb:28:in `block (2 levels) in <top (required)>'

  20) VotesController PUT update with invalid params re-renders the 'edit' template
     Failure/Error: @argument = FactoryGirl.create(:argument)
     ActiveRecord::RecordInvalid:
       Validation failed: User can't be blank
     # ./spec/controllers/votes_controller_spec.rb:28:in `block (2 levels) in <top (required)>'

  21) Contacts GET /contacts works! (now write some real specs)
     Failure/Error: get contacts_path
     ActionView::Template::Error:
       undefined method `each' for nil:NilClass
     # ./app/views/contacts/index.html.erb:18:in `_app_views_contacts_index_html_erb___4381967578914428304_48848500'
     # ./spec/requests/contacts_spec.rb:7:in `block (3 levels) in <top (required)>'

  22) research_institutes/show renders attributes in <p>
     Failure/Error: render
     ActionView::Template::Error:
       undefined method `street' for nil:NilClass
     # ./app/views/contacts/_show.html.erb:3:in `_app_views_contacts__show_html_erb___1246391695916974145_50798060'
     # ./app/views/research_institutes/show.html.erb:12:in `_app_views_research_institutes_show_html_erb___338892042604421119_50623880'
     # ./spec/views/research_institutes/show.html.erb_spec.rb:12:in `block (2 levels) in <top (required)>'

  23) companies/new renders new company form
     Failure/Error: assert_select "input#company_contact_id[name=?]", "company[contact_id]"
     MiniTest::Assertion:
       Expected at least 1 element matching "input#company_contact_id[name='company[contact_id]']", found 0..
       Expected 0 to be >= 1.
     # ./spec/views/companies/new.html.erb_spec.rb:17:in `block (3 levels) in <top (required)>'
     # ./spec/views/companies/new.html.erb_spec.rb:15:in `block (2 levels) in <top (required)>'

  24) ResearchInstitutesController POST create with valid params creates a new ResearchInstitute
     Failure/Error: post :create, {:research_institute => valid_attributes}, valid_session
     ActiveRecord::AssociationTypeMismatch:
       User(#38614700) expected, got NilClass(#8468340)
     # ./app/controllers/research_institutes_controller.rb:32:in `create'
     # ./spec/controllers/research_institutes_controller_spec.rb:68:in `block (5 levels) in <top (required)>'
     # ./spec/controllers/research_institutes_controller_spec.rb:67:in `block (4 levels) in <top (required)>'

  25) ResearchInstitutesController POST create with valid params redirects to the created research_institute
     Failure/Error: post :create, {:research_institute => valid_attributes}, valid_session
     ActiveRecord::AssociationTypeMismatch:
       User(#38614700) expected, got NilClass(#8468340)
     # ./app/controllers/research_institutes_controller.rb:32:in `create'
     # ./spec/controllers/research_institutes_controller_spec.rb:79:in `block (4 levels) in <top (required)>'

  26) ResearchInstitutesController POST create with valid params assigns a newly created research_institute as @research_institute
     Failure/Error: post :create, {:research_institute => valid_attributes}, valid_session
     ActiveRecord::AssociationTypeMismatch:
       User(#38614700) expected, got NilClass(#8468340)
     # ./app/controllers/research_institutes_controller.rb:32:in `create'
     # ./spec/controllers/research_institutes_controller_spec.rb:73:in `block (4 levels) in <top (required)>'

  27) ResearchInstitutesController POST create with invalid params assigns a newly created but unsaved research_institute as @research_institute
     Failure/Error: post :create, {:research_institute => { "name" => "invalid value" }}, valid_session
     ActiveRecord::AssociationTypeMismatch:
       User(#38614700) expected, got NilClass(#8468340)
     # ./app/controllers/research_institutes_controller.rb:32:in `create'
     # ./spec/controllers/research_institutes_controller_spec.rb:88:in `block (4 levels) in <top (required)>'

  28) ResearchInstitutesController POST create with invalid params re-renders the 'new' template
     Failure/Error: post :create, {:research_institute => { "name" => "invalid value" }}, valid_session
     ActiveRecord::AssociationTypeMismatch:
       User(#38614700) expected, got NilClass(#8468340)
     # ./app/controllers/research_institutes_controller.rb:32:in `create'
     # ./spec/controllers/research_institutes_controller_spec.rb:95:in `block (4 levels) in <top (required)>'

  29) contacts/edit renders the edit contact form
     Failure/Error: render
     ActionView::Template::Error:
       First argument in form cannot contain nil or be empty
     # ./app/views/contacts/_form.html.erb:1:in `_app_views_contacts__form_html_erb___1661599767021980781_52866320'
     # ./app/views/contacts/edit.html.erb:3:in `_app_views_contacts_edit_html_erb___4542399752607876882_52853960'
     # ./spec/views/contacts/edit.html.erb_spec.rb:15:in `block (2 levels) in <top (required)>'

  30) discussions/edit renders the edit discussion form
     Failure/Error: render
     ActionView::Template::Error:
       First argument in form cannot contain nil or be empty
     # ./app/views/discussions/_form.html.erb:1:in `_app_views_discussions__form_html_erb__4440907307229048526_34820660'
     # ./app/views/discussions/edit.html.erb:4:in `_app_views_discussions_edit_html_erb__790486072172833640_52975480'
     # ./spec/views/discussions/edit.html.erb_spec.rb:8:in `block (2 levels) in <top (required)>'

  31) companies/show renders attributes in <p>
     Failure/Error: render
     ActionView::Template::Error:
       undefined method `street' for nil:NilClass
     # ./app/views/contacts/_show.html.erb:3:in `_app_views_contacts__show_html_erb___1246391695916974145_50798060'
     # ./app/views/companies/show.html.erb:6:in `_app_views_companies_show_html_erb__3741274362609609777_34908600'
     # ./spec/views/companies/show.html.erb_spec.rb:12:in `block (2 levels) in <top (required)>'

  32) contacts/new renders new contact form
     Failure/Error: assign(:contact, stub_model(contact,
     NameError:
       undefined local variable or method `contact' for #<RSpec::Core::ExampleGroup::Nested_50:0x00000005c6bbf0>
     # ./spec/views/contacts/new.html.erb_spec.rb:5:in `block (2 levels) in <top (required)>'

  33) ContactsController GET new assigns a new contact as @contact
     Failure/Error: get :new, {}, valid_session
     NameError:
       undefined local variable or method `contact' for #<ContactsController:0x00000006039598>
     # ./app/controllers/contacts_controller.rb:17:in `new'
     # ./spec/controllers/contacts_controller_spec.rb:51:in `block (3 levels) in <top (required)>'

  34) ContactsController DELETE destroy destroys the requested contact
     Failure/Error: expect {
     NoMethodError:
       undefined method `count' for #<Contact:0x000000060931b0>
     # ./spec/controllers/contacts_controller_spec.rb:148:in `block (3 levels) in <top (required)>'

  35) ContactsController POST create with valid params creates a new contact
     Failure/Error: }.to change(contact, :count).by(1)
     NameError:
       undefined local variable or method `contact' for #<RSpec::Core::ExampleGroup::Nested_3::Nested_5::Nested_1:0x000000062455f8>
     # ./spec/controllers/contacts_controller_spec.rb:69:in `block (4 levels) in <top (required)>'

  36) ContactsController POST create with invalid params assigns a newly created but unsaved contact as @contact
     Failure/Error: contact.any_instance.stub(:save).and_return(false)
     NameError:
       undefined local variable or method `contact' for #<RSpec::Core::ExampleGroup::Nested_3::Nested_5::Nested_2:0x000000062e5788>
     # ./spec/controllers/contacts_controller_spec.rb:87:in `block (4 levels) in <top (required)>'

  37) ContactsController POST create with invalid params re-renders the 'new' template
     Failure/Error: contact.any_instance.stub(:save).and_return(false)
     NameError:
       undefined local variable or method `contact' for #<RSpec::Core::ExampleGroup::Nested_3::Nested_5::Nested_2:0x000000062f75f0>
     # ./spec/controllers/contacts_controller_spec.rb:94:in `block (4 levels) in <top (required)>'

  38) ContactsController PUT update with valid params updates the requested contact
     Failure/Error: contact.any_instance.should_receive(:update).with({ "street" => "" })
     NoMethodError:
       undefined method `any_instance' for #<Contact:0x00000006372188>
     # ./spec/controllers/contacts_controller_spec.rb:109:in `block (4 levels) in <top (required)>'

  39) ContactsController PUT update with invalid params assigns the contact as @contact
     Failure/Error: contact.any_instance.stub(:save).and_return(false)
     NoMethodError:
       undefined method `any_instance' for #<Contact:0x000000064a26e8>
     # ./spec/controllers/contacts_controller_spec.rb:130:in `block (4 levels) in <top (required)>'

  40) ContactsController PUT update with invalid params re-renders the 'edit' template
     Failure/Error: contact.any_instance.stub(:save).and_return(false)
     NoMethodError:
       undefined method `any_instance' for #<Contact:0x000000064cf800>
     # ./spec/controllers/contacts_controller_spec.rb:138:in `block (4 levels) in <top (required)>'

  41) User pages signup with valid information should create a user
     Failure/Error: expect { click_button 'Registrieren' }.to change(User, :count).by(1)
     Capybara::ElementNotFound:
       no button with value or id or text 'Registrieren' found
     # (eval):2:in `click_button'
     # ./spec/requests/user_pages_spec.rb:20:in `block (5 levels) in <top (required)>'
     # ./spec/requests/user_pages_spec.rb:20:in `block (4 levels) in <top (required)>'

  42) User pages signup with valid information after saving the user 
     Failure/Error: before { click_button submit }
     Capybara::ElementNotFound:
       no button with value or id or text 'Registrieren' found
     # (eval):2:in `click_button'
     # ./spec/requests/user_pages_spec.rb:27:in `block (5 levels) in <top (required)>'

  43) companies/edit renders the edit company form
     Failure/Error: assert_select "input#company_contact_id[name=?]", "company[contact_id]"
     MiniTest::Assertion:
       Expected at least 1 element matching "input#company_contact_id[name='company[contact_id]']", found 0..
       Expected 0 to be >= 1.
     # ./spec/views/companies/edit.html.erb_spec.rb:17:in `block (3 levels) in <top (required)>'
     # ./spec/views/companies/edit.html.erb_spec.rb:15:in `block (2 levels) in <top (required)>'

  44) DiscussionsController signed in GET index assigns all discussions as @discussions
     Failure/Error: puts FactoryGirl.create(:argument).to_yaml
     ActiveRecord::RecordInvalid:
       Validation failed: User can't be blank
     # ./spec/controllers/discussions_controller_spec.rb:20:in `block (5 levels) in <top (required)>'

  45) DiscussionsController signed in GET edit assigns the requested discussion as @discussion
     Failure/Error: discussion = Discussion.create! valid_attributes
     ActiveRecord::RecordInvalid:
       Validation failed: Company can't be blank, Moderator can't be blank, Current question can't be blank
     # ./spec/controllers/discussions_controller_spec.rb:45:in `block (5 levels) in <top (required)>'

  46) DiscussionsController signed in GET show assigns the requested discussion as @discussion
     Failure/Error: discussion = Discussion.create! valid_attributes
     ActiveRecord::RecordInvalid:
       Validation failed: Company can't be blank, Moderator can't be blank, Current question can't be blank
     # ./spec/controllers/discussions_controller_spec.rb:30:in `block (5 levels) in <top (required)>'

  47) DiscussionsController signed in GET new assigns a new discussion as @discussion
     Failure/Error: get :new, valid_attributes, valid_session
     NoMethodError:
       undefined method `companies' for nil:NilClass
     # ./app/controllers/discussions_controller.rb:56:in `new'
     # ./spec/controllers/discussions_controller_spec.rb:38:in `block (5 levels) in <top (required)>'

  48) DiscussionsController signed in DELETE destroy destroys the requested discussion
     Failure/Error: discussion = Discussion.create! valid_attributes
     ActiveRecord::RecordInvalid:
       Validation failed: Company can't be blank, Moderator can't be blank, Current question can't be blank
     # ./spec/controllers/discussions_controller_spec.rb:135:in `block (4 levels) in <top (required)>'

  49) DiscussionsController signed in DELETE destroy redirects to the discussions list
     Failure/Error: discussion = Discussion.create! valid_attributes
     ActiveRecord::RecordInvalid:
       Validation failed: Company can't be blank, Moderator can't be blank, Current question can't be blank
     # ./spec/controllers/discussions_controller_spec.rb:142:in `block (4 levels) in <top (required)>'

  50) DiscussionsController signed in POST create with valid params creates a new Discussion
     Failure/Error: expect {
       count should have been changed by 1, but was changed by 0
     # ./spec/controllers/discussions_controller_spec.rb:55:in `block (5 levels) in <top (required)>'

  51) DiscussionsController signed in POST create with valid params redirects to the created discussion
     Failure/Error: response.should redirect_to(Discussion.last)
       Expected response to be a <redirect>, but was <200>
     # ./spec/controllers/discussions_controller_spec.rb:68:in `block (5 levels) in <top (required)>'

  52) DiscussionsController signed in POST create with valid params assigns a newly created discussion as @discussion
     Failure/Error: assigns(:discussion).should be_persisted
       expected persisted? to return true, got false
     # ./spec/controllers/discussions_controller_spec.rb:63:in `block (5 levels) in <top (required)>'

  53) DiscussionsController signed in PUT update with valid params updates the requested discussion
     Failure/Error: discussion = Discussion.create! valid_attributes
     ActiveRecord::RecordInvalid:
       Validation failed: Company can't be blank, Moderator can't be blank, Current question can't be blank
     # ./spec/controllers/discussions_controller_spec.rb:92:in `block (5 levels) in <top (required)>'

  54) DiscussionsController signed in PUT update with valid params redirects to the discussion
     Failure/Error: discussion = Discussion.create! valid_attributes
     ActiveRecord::RecordInvalid:
       Validation failed: Company can't be blank, Moderator can't be blank, Current question can't be blank
     # ./spec/controllers/discussions_controller_spec.rb:108:in `block (5 levels) in <top (required)>'

  55) DiscussionsController signed in PUT update with valid params assigns the requested discussion as @discussion
     Failure/Error: discussion = Discussion.create! valid_attributes
     ActiveRecord::RecordInvalid:
       Validation failed: Company can't be blank, Moderator can't be blank, Current question can't be blank
     # ./spec/controllers/discussions_controller_spec.rb:102:in `block (5 levels) in <top (required)>'

  56) DiscussionsController signed in PUT update with invalid params assigns the discussion as @discussion
     Failure/Error: discussion = Discussion.create! valid_attributes
     ActiveRecord::RecordInvalid:
       Validation failed: Company can't be blank, Moderator can't be blank, Current question can't be blank
     # ./spec/controllers/discussions_controller_spec.rb:116:in `block (5 levels) in <top (required)>'

  57) DiscussionsController signed in PUT update with invalid params re-renders the edit template
     Failure/Error: discussion = Discussion.create! valid_attributes
     ActiveRecord::RecordInvalid:
       Validation failed: Company can't be blank, Moderator can't be blank, Current question can't be blank
     # ./spec/controllers/discussions_controller_spec.rb:124:in `block (5 levels) in <top (required)>'

  58) discussions/show renders show discussion form
     Failure/Error: render
     ActionView::Template::Error:
       undefined method `moderator' for nil:NilClass
     # ./app/views/discussions/show.html.erb:3:in `_app_views_discussions_show_html_erb__3722338047872573453_57651120'
     # ./spec/views/discussions/show.html.erb_spec.rb:10:in `block (2 levels) in <top (required)>'

  59) research_institutes/edit renders the edit research_institute form
     Failure/Error: assert_select "input#research_institute_kontakt_id[name=?]", "research_institute[kontakt_id]"
     MiniTest::Assertion:
       Expected at least 1 element matching "input#research_institute_kontakt_id[name='research_institute[kontakt_id]']", found 0..
       Expected 0 to be >= 1.
     # ./spec/views/research_institutes/edit.html.erb_spec.rb:17:in `block (3 levels) in <top (required)>'
     # ./spec/views/research_institutes/edit.html.erb_spec.rb:15:in `block (2 levels) in <top (required)>'

  60) research_institutes/new renders new research_institute form
     Failure/Error: assert_select "input#research_institute_contact_id[name=?]", "research_institute[contact_id]"
     MiniTest::Assertion:
       Expected at least 1 element matching "input#research_institute_contact_id[name='research_institute[contact_id]']", found 0..
       Expected 0 to be >= 1.
     # ./spec/views/research_institutes/new.html.erb_spec.rb:17:in `block (3 levels) in <top (required)>'
     # ./spec/views/research_institutes/new.html.erb_spec.rb:15:in `block (2 levels) in <top (required)>'

  61) contacts/show renders attributes in <p>
     Failure/Error: render
     ActionView::Template::Error:
       undefined method `edit_kontakt_path' for #<#<Class:0x00000005d5be20>:0x000000065c54a8>
     # ./app/views/contacts/show.html.erb:26:in `_app_views_contacts_show_html_erb__3833336459962398724_53390420'
     # ./spec/views/contacts/show.html.erb_spec.rb:15:in `block (2 levels) in <top (required)>'

  62) CompaniesController POST create with valid params creates a new Company
     Failure/Error: post :create, {:company => valid_attributes}, valid_session
     NoMethodError:
       undefined method `research_institutes' for nil:NilClass
     # ./app/controllers/companies_controller.rb:29:in `create'
     # ./spec/controllers/companies_controller_spec.rb:68:in `block (5 levels) in <top (required)>'
     # ./spec/controllers/companies_controller_spec.rb:67:in `block (4 levels) in <top (required)>'

  63) CompaniesController POST create with valid params redirects to the created company
     Failure/Error: post :create, {:company => valid_attributes}, valid_session
     NoMethodError:
       undefined method `research_institutes' for nil:NilClass
     # ./app/controllers/companies_controller.rb:29:in `create'
     # ./spec/controllers/companies_controller_spec.rb:79:in `block (4 levels) in <top (required)>'

  64) CompaniesController POST create with valid params assigns a newly created company as @company
     Failure/Error: post :create, {:company => valid_attributes}, valid_session
     NoMethodError:
       undefined method `research_institutes' for nil:NilClass
     # ./app/controllers/companies_controller.rb:29:in `create'
     # ./spec/controllers/companies_controller_spec.rb:73:in `block (4 levels) in <top (required)>'

  65) CompaniesController POST create with invalid params assigns a newly created but unsaved company as @company
     Failure/Error: post :create, {:company => { "name" => "invalid value" }}, valid_session
     NoMethodError:
       undefined method `research_institutes' for nil:NilClass
     # ./app/controllers/companies_controller.rb:29:in `create'
     # ./spec/controllers/companies_controller_spec.rb:88:in `block (4 levels) in <top (required)>'

  66) CompaniesController POST create with invalid params re-renders the 'new' template
     Failure/Error: post :create, {:company => { "name" => "invalid value" }}, valid_session
     NoMethodError:
       undefined method `research_institutes' for nil:NilClass
     # ./app/controllers/companies_controller.rb:29:in `create'
     # ./spec/controllers/companies_controller_spec.rb:95:in `block (4 levels) in <top (required)>'

  67) discussions/index renders a list of discussions
     Failure/Error: @user = User.new(firstName: "karl", surname: "Peterson", email: "karl@example.com", role: Role.where(name:"user").first, password: "foobar", password_confirmation: "foobar")
     ActiveRecord::UnknownAttributeError:
       unknown attribute: firstName
     # ./spec/views/discussions/index.html.erb_spec.rb:5:in `block (2 levels) in <top (required)>'

Finished in 5 seconds
213 examples, 67 failures, 15 pending

Failed examples:

rspec ./spec/controllers/arguments_controller_spec.rb:21 # ArgumentsController signed in create with valid parameters should create a new argument
rspec ./spec/controllers/arguments_controller_spec.rb:28 # ArgumentsController signed in create with invalid parameters should not create a new argument
rspec ./spec/views/contacts/index.html.erb_spec.rb:23 # contacts/index renders a list of contacts
rspec ./spec/views/discussions/new.html.erb_spec.rb:13 # discussions/new renders new discussion form
rspec ./spec/controllers/votes_controller_spec.rb:44 # VotesController GET index assigns all votes as @votes
rspec ./spec/controllers/votes_controller_spec.rb:70 # VotesController GET new assigns a new vote as @vote
rspec ./spec/controllers/votes_controller_spec.rb:166 # VotesController DELETE destroy destroys the requested vote
rspec ./spec/controllers/votes_controller_spec.rb:173 # VotesController DELETE destroy redirects to the votes list
rspec ./spec/controllers/votes_controller_spec.rb:62 # VotesController GET show assigns the requested vote as @vote
rspec ./spec/controllers/votes_controller_spec.rb:86 # VotesController POST create with valid params creates a new Vote
rspec ./spec/controllers/votes_controller_spec.rb:98 # VotesController POST create with valid params redirects to the created vote
rspec ./spec/controllers/votes_controller_spec.rb:92 # VotesController POST create with valid params assigns a newly created vote as @vote
rspec ./spec/controllers/votes_controller_spec.rb:105 # VotesController POST create with invalid params assigns a newly created but unsaved vote as @vote
rspec ./spec/controllers/votes_controller_spec.rb:112 # VotesController POST create with invalid params re-renders the 'new' template
rspec ./spec/controllers/votes_controller_spec.rb:77 # VotesController GET edit assigns the requested vote as @vote
rspec ./spec/controllers/votes_controller_spec.rb:123 # VotesController PUT update with valid params updates the requested vote
rspec ./spec/controllers/votes_controller_spec.rb:139 # VotesController PUT update with valid params redirects to the vote
rspec ./spec/controllers/votes_controller_spec.rb:133 # VotesController PUT update with valid params assigns the requested vote as @vote
rspec ./spec/controllers/votes_controller_spec.rb:147 # VotesController PUT update with invalid params assigns the vote as @vote
rspec ./spec/controllers/votes_controller_spec.rb:155 # VotesController PUT update with invalid params re-renders the 'edit' template
rspec ./spec/requests/contacts_spec.rb:5 # Contacts GET /contacts works! (now write some real specs)
rspec ./spec/views/research_institutes/show.html.erb_spec.rb:11 # research_institutes/show renders attributes in <p>
rspec ./spec/views/companies/new.html.erb_spec.rb:11 # companies/new renders new company form
rspec ./spec/controllers/research_institutes_controller_spec.rb:66 # ResearchInstitutesController POST create with valid params creates a new ResearchInstitute
rspec ./spec/controllers/research_institutes_controller_spec.rb:78 # ResearchInstitutesController POST create with valid params redirects to the created research_institute
rspec ./spec/controllers/research_institutes_controller_spec.rb:72 # ResearchInstitutesController POST create with valid params assigns a newly created research_institute as @research_institute
rspec ./spec/controllers/research_institutes_controller_spec.rb:85 # ResearchInstitutesController POST create with invalid params assigns a newly created but unsaved research_institute as @research_institute
rspec ./spec/controllers/research_institutes_controller_spec.rb:92 # ResearchInstitutesController POST create with invalid params re-renders the 'new' template
rspec ./spec/views/contacts/edit.html.erb_spec.rb:14 # contacts/edit renders the edit contact form
rspec ./spec/views/discussions/edit.html.erb_spec.rb:7 # discussions/edit renders the edit discussion form
rspec ./spec/views/companies/show.html.erb_spec.rb:11 # companies/show renders attributes in <p>
rspec ./spec/views/contacts/new.html.erb_spec.rb:14 # contacts/new renders new contact form
rspec ./spec/controllers/contacts_controller_spec.rb:50 # ContactsController GET new assigns a new contact as @contact
rspec ./spec/controllers/contacts_controller_spec.rb:146 # ContactsController DELETE destroy destroys the requested contact
rspec ./spec/controllers/contacts_controller_spec.rb:66 # ContactsController POST create with valid params creates a new contact
rspec ./spec/controllers/contacts_controller_spec.rb:85 # ContactsController POST create with invalid params assigns a newly created but unsaved contact as @contact
rspec ./spec/controllers/contacts_controller_spec.rb:92 # ContactsController POST create with invalid params re-renders the 'new' template
rspec ./spec/controllers/contacts_controller_spec.rb:103 # ContactsController PUT update with valid params updates the requested contact
rspec ./spec/controllers/contacts_controller_spec.rb:127 # ContactsController PUT update with invalid params assigns the contact as @contact
rspec ./spec/controllers/contacts_controller_spec.rb:135 # ContactsController PUT update with invalid params re-renders the 'edit' template
rspec ./spec/requests/user_pages_spec.rb:19 # User pages signup with valid information should create a user
rspec ./spec/requests/user_pages_spec.rb:30 # User pages signup with valid information after saving the user 
rspec ./spec/views/companies/edit.html.erb_spec.rb:11 # companies/edit renders the edit company form
rspec ./spec/controllers/discussions_controller_spec.rb:17 # DiscussionsController signed in GET index assigns all discussions as @discussions
rspec ./spec/controllers/discussions_controller_spec.rb:44 # DiscussionsController signed in GET edit assigns the requested discussion as @discussion
rspec ./spec/controllers/discussions_controller_spec.rb:28 # DiscussionsController signed in GET show assigns the requested discussion as @discussion
rspec ./spec/controllers/discussions_controller_spec.rb:37 # DiscussionsController signed in GET new assigns a new discussion as @discussion
rspec ./spec/controllers/discussions_controller_spec.rb:134 # DiscussionsController signed in DELETE destroy destroys the requested discussion
rspec ./spec/controllers/discussions_controller_spec.rb:141 # DiscussionsController signed in DELETE destroy redirects to the discussions list
rspec ./spec/controllers/discussions_controller_spec.rb:54 # DiscussionsController signed in POST create with valid params creates a new Discussion
rspec ./spec/controllers/discussions_controller_spec.rb:66 # DiscussionsController signed in POST create with valid params redirects to the created discussion
rspec ./spec/controllers/discussions_controller_spec.rb:60 # DiscussionsController signed in POST create with valid params assigns a newly created discussion as @discussion
rspec ./spec/controllers/discussions_controller_spec.rb:91 # DiscussionsController signed in PUT update with valid params updates the requested discussion
rspec ./spec/controllers/discussions_controller_spec.rb:107 # DiscussionsController signed in PUT update with valid params redirects to the discussion
rspec ./spec/controllers/discussions_controller_spec.rb:101 # DiscussionsController signed in PUT update with valid params assigns the requested discussion as @discussion
rspec ./spec/controllers/discussions_controller_spec.rb:115 # DiscussionsController signed in PUT update with invalid params assigns the discussion as @discussion
rspec ./spec/controllers/discussions_controller_spec.rb:123 # DiscussionsController signed in PUT update with invalid params re-renders the edit template
rspec ./spec/views/discussions/show.html.erb_spec.rb:9 # discussions/show renders show discussion form
rspec ./spec/views/research_institutes/edit.html.erb_spec.rb:11 # research_institutes/edit renders the edit research_institute form
rspec ./spec/views/research_institutes/new.html.erb_spec.rb:11 # research_institutes/new renders new research_institute form
rspec ./spec/views/contacts/show.html.erb_spec.rb:14 # contacts/show renders attributes in <p>
rspec ./spec/controllers/companies_controller_spec.rb:66 # CompaniesController POST create with valid params creates a new Company
rspec ./spec/controllers/companies_controller_spec.rb:78 # CompaniesController POST create with valid params redirects to the created company
rspec ./spec/controllers/companies_controller_spec.rb:72 # CompaniesController POST create with valid params assigns a newly created company as @company
rspec ./spec/controllers/companies_controller_spec.rb:85 # CompaniesController POST create with invalid params assigns a newly created but unsaved company as @company
rspec ./spec/controllers/companies_controller_spec.rb:92 # CompaniesController POST create with invalid params re-renders the 'new' template
rspec ./spec/views/discussions/index.html.erb_spec.rb:23 # discussions/index renders a list of discussions

Randomized with seed 30876

